Archive member included because of file (symbol)

contiki-native.a(process.o)   t2_etimer.co (process_post)
contiki-native.a(etimer.o)    t2_etimer.co (etimer_set)
contiki-native.a(contiki-main.o)
                              /usr/lib/gcc/i686-linux-gnu/4.6/../../../i386-linux-gnu/crt1.o (main)
contiki-native.a(clock.o)     contiki-native.a(etimer.o) (clock_time)
contiki-native.a(leds.o)      t2_etimer.co (leds_on)
contiki-native.a(leds-arch.o)
                              contiki-native.a(leds.o) (leds_arch_init)
contiki-native.a(button-sensor.o)
                              t2_etimer.co (button_sensor)
contiki-native.a(pir-sensor.o)
                              contiki-native.a(contiki-main.o) (pir_sensor)
contiki-native.a(vib-sensor.o)
                              contiki-native.a(contiki-main.o) (vib_sensor)
contiki-native.a(sensors.o)   t2_etimer.co (sensors_event)
contiki-native.a(rimeaddr.o)  contiki-native.a(contiki-main.o) (rimeaddr_set_node_addr)
contiki-native.a(rime.o)      contiki-native.a(contiki-main.o) (rime_driver)
contiki-native.a(announcement.o)
                              contiki-native.a(rime.o) (announcement_init)
contiki-native.a(broadcast-annou)
                              contiki-native.a(rime.o) (broadcast_announcement_init)
contiki-native.a(broadcast.o)
                              contiki-native.a(broadcast-annou) (broadcast_open)
contiki-native.a(abc.o)       contiki-native.a(broadcast.o) (abc_open)
contiki-native.a(chameleon.o)
                              contiki-native.a(rime.o) (chameleon_init)
contiki-native.a(channel.o)   contiki-native.a(chameleon.o) (channel_init)
contiki-native.a(chameleon-bitop)
                              contiki-native.a(chameleon.o) (chameleon_bitopt)
contiki-native.a(nullmac.o)   contiki-native.a(contiki-main.o) (nullmac_driver)
contiki-native.a(nullrdc.o)   contiki-native.a(contiki-main.o) (nullrdc_driver)
contiki-native.a(mac.o)       contiki-native.a(nullrdc.o) (mac_call_sent_callback)
contiki-native.a(framer-nullmac.)
                              contiki-native.a(nullrdc.o) (framer_nullmac)
contiki-native.a(autostart.o)
                              contiki-native.a(contiki-main.o) (autostart_start)
contiki-native.a(serial-line.o)
                              contiki-native.a(contiki-main.o) (serial_line_input_byte)
contiki-native.a(timer.o)     contiki-native.a(etimer.o) (timer_set)
contiki-native.a(list.o)      contiki-native.a(announcement.o) (list_init)
contiki-native.a(ctimer.o)    contiki-native.a(contiki-main.o) (ctimer_init)
contiki-native.a(random.o)    contiki-native.a(broadcast-annou) (random_rand)
contiki-native.a(ringbuf.o)   contiki-native.a(serial-line.o) (ringbuf_init)
contiki-native.a(netstack.o)  contiki-native.a(contiki-main.o) (netstack_init)
contiki-native.a(packetbuf.o)
                              contiki-native.a(chameleon-bitop) (packetbuf_hdrreduce)
contiki-native.a(queuebuf.o)  contiki-native.a(contiki-main.o) (queuebuf_init)
contiki-native.a(tcpip.o)     contiki-native.a(contiki-main.o) (tcpip_process)
contiki-native.a(uip.o)       contiki-native.a(tcpip.o) (uip_conn)
contiki-native.a(nullradio.o)
                              contiki-native.a(nullrdc.o) (nullradio_driver)
contiki-native.a(memb.o)      contiki-native.a(queuebuf.o) (memb_init)
/usr/lib/i386-linux-gnu/libc_nonshared.a(elf-init.oS)
                              /usr/lib/gcc/i686-linux-gnu/4.6/../../../i386-linux-gnu/crt1.o (__libc_csu_init)

Allocating common symbols
Common symbol       size              file

uip_draddr          0x4               contiki-native.a(uip.o)
uip_slen            0x2               contiki-native.a(uip.o)
uip_acc32           0x4               contiki-native.a(uip.o)
uip_conns           0x5a0             contiki-native.a(uip.o)
uip_netmask         0x4               contiki-native.a(uip.o)
uip_hostaddr        0x4               contiki-native.a(uip.o)
serial_line_event_message
                    0x1               contiki-native.a(serial-line.o)
uip_appdata         0x4               contiki-native.a(uip.o)
uip_flags           0x1               contiki-native.a(uip.o)
packetbuf_attrs     0x30              contiki-native.a(packetbuf.o)
uip_aligned_buf     0x1a4             contiki-native.a(uip.o)
contiki_argv        0x4               contiki-native.a(contiki-main.o)
uip_listenports     0x50              contiki-native.a(uip.o)
uip_len             0x2               contiki-native.a(uip.o)
tcpip_event         0x1               contiki-native.a(tcpip.o)
uip_sappdata        0x4               contiki-native.a(uip.o)
sensors_event       0x1               contiki-native.a(sensors.o)
uip_udp_conns       0xc8              contiki-native.a(uip.o)
rimeaddr_node_addr  0x2               contiki-native.a(rimeaddr.o)
packetbuf_addrs     0x8               contiki-native.a(packetbuf.o)
uip_udp_conn        0x4               contiki-native.a(uip.o)
sensors_flags       0x4               contiki-native.a(contiki-main.o)
uip_conn            0x4               contiki-native.a(uip.o)

Discarded input sections

 .note.GNU-stack
                0x0000000000000000        0x0 /usr/lib/gcc/i686-linux-gnu/4.6/../../../i386-linux-gnu/crt1.o
 .gnu_debuglink
                0x0000000000000000        0xc /usr/lib/gcc/i686-linux-gnu/4.6/../../../i386-linux-gnu/crt1.o
 .note.GNU-stack
                0x0000000000000000        0x0 /usr/lib/gcc/i686-linux-gnu/4.6/../../../i386-linux-gnu/crti.o
 .gnu_debuglink
                0x0000000000000000        0xc /usr/lib/gcc/i686-linux-gnu/4.6/../../../i386-linux-gnu/crti.o
 .note.GNU-stack
                0x0000000000000000        0x0 /usr/lib/gcc/i686-linux-gnu/4.6/crtbegin.o
 .note.GNU-stack
                0x0000000000000000        0x0 t2_etimer.co
 .note.GNU-stack
                0x0000000000000000        0x0 contiki-native.a(process.o)
 .note.GNU-stack
                0x0000000000000000        0x0 contiki-native.a(etimer.o)
 .note.GNU-stack
                0x0000000000000000        0x0 contiki-native.a(contiki-main.o)
 .note.GNU-stack
                0x0000000000000000        0x0 contiki-native.a(clock.o)
 .note.GNU-stack
                0x0000000000000000        0x0 contiki-native.a(leds.o)
 .note.GNU-stack
                0x0000000000000000        0x0 contiki-native.a(leds-arch.o)
 .note.GNU-stack
                0x0000000000000000        0x0 contiki-native.a(button-sensor.o)
 .note.GNU-stack
                0x0000000000000000        0x0 contiki-native.a(pir-sensor.o)
 .note.GNU-stack
                0x0000000000000000        0x0 contiki-native.a(vib-sensor.o)
 .note.GNU-stack
                0x0000000000000000        0x0 contiki-native.a(sensors.o)
 .note.GNU-stack
                0x0000000000000000        0x0 contiki-native.a(rimeaddr.o)
 .note.GNU-stack
                0x0000000000000000        0x0 contiki-native.a(rime.o)
 .note.GNU-stack
                0x0000000000000000        0x0 contiki-native.a(announcement.o)
 .note.GNU-stack
                0x0000000000000000        0x0 contiki-native.a(broadcast-annou)
 .note.GNU-stack
                0x0000000000000000        0x0 contiki-native.a(broadcast.o)
 .note.GNU-stack
                0x0000000000000000        0x0 contiki-native.a(abc.o)
 .note.GNU-stack
                0x0000000000000000        0x0 contiki-native.a(chameleon.o)
 .note.GNU-stack
                0x0000000000000000        0x0 contiki-native.a(channel.o)
 .note.GNU-stack
                0x0000000000000000        0x0 contiki-native.a(chameleon-bitop)
 .note.GNU-stack
                0x0000000000000000        0x0 contiki-native.a(nullmac.o)
 .note.GNU-stack
                0x0000000000000000        0x0 contiki-native.a(nullrdc.o)
 .note.GNU-stack
                0x0000000000000000        0x0 contiki-native.a(mac.o)
 .note.GNU-stack
                0x0000000000000000        0x0 contiki-native.a(framer-nullmac.)
 .note.GNU-stack
                0x0000000000000000        0x0 contiki-native.a(autostart.o)
 .note.GNU-stack
                0x0000000000000000        0x0 contiki-native.a(serial-line.o)
 .note.GNU-stack
                0x0000000000000000        0x0 contiki-native.a(timer.o)
 .note.GNU-stack
                0x0000000000000000        0x0 contiki-native.a(list.o)
 .note.GNU-stack
                0x0000000000000000        0x0 contiki-native.a(ctimer.o)
 .note.GNU-stack
                0x0000000000000000        0x0 contiki-native.a(random.o)
 .note.GNU-stack
                0x0000000000000000        0x0 contiki-native.a(ringbuf.o)
 .note.GNU-stack
                0x0000000000000000        0x0 contiki-native.a(netstack.o)
 .note.GNU-stack
                0x0000000000000000        0x0 contiki-native.a(packetbuf.o)
 .note.GNU-stack
                0x0000000000000000        0x0 contiki-native.a(queuebuf.o)
 .note.GNU-stack
                0x0000000000000000        0x0 contiki-native.a(tcpip.o)
 .note.GNU-stack
                0x0000000000000000        0x0 contiki-native.a(uip.o)
 .note.GNU-stack
                0x0000000000000000        0x0 contiki-native.a(nullradio.o)
 .note.GNU-stack
                0x0000000000000000        0x0 contiki-native.a(memb.o)
 .group         0x0000000000000000        0x8 /usr/lib/i386-linux-gnu/libc_nonshared.a(elf-init.oS)
 .note.GNU-stack
                0x0000000000000000        0x0 /usr/lib/i386-linux-gnu/libc_nonshared.a(elf-init.oS)
 .note.GNU-stack
                0x0000000000000000        0x0 /usr/lib/gcc/i686-linux-gnu/4.6/crtend.o
 .note.GNU-stack
                0x0000000000000000        0x0 /usr/lib/gcc/i686-linux-gnu/4.6/../../../i386-linux-gnu/crtn.o
 .gnu_debuglink
                0x0000000000000000        0xc /usr/lib/gcc/i686-linux-gnu/4.6/../../../i386-linux-gnu/crtn.o

Memory Configuration

Name             Origin             Length             Attributes
*default*        0x0000000000000000 0xffffffffffffffff

Linker script and memory map

LOAD /usr/lib/gcc/i686-linux-gnu/4.6/../../../i386-linux-gnu/crt1.o
LOAD /usr/lib/gcc/i686-linux-gnu/4.6/../../../i386-linux-gnu/crti.o
LOAD /usr/lib/gcc/i686-linux-gnu/4.6/crtbegin.o
LOAD t2_etimer.co
LOAD contiki-native.a
LOAD /usr/lib/gcc/i686-linux-gnu/4.6/../../../i386-linux-gnu/libncurses.so
LOAD /lib/i386-linux-gnu/libncurses.so.5
LOAD /usr/lib/gcc/i686-linux-gnu/4.6/../../../i386-linux-gnu/libtinfo.so
LOAD /usr/lib/gcc/i686-linux-gnu/4.6/libgcc.a
LOAD /usr/lib/gcc/i686-linux-gnu/4.6/libgcc_s.so
LOAD /usr/lib/gcc/i686-linux-gnu/4.6/../../../i386-linux-gnu/libc.so
START GROUP
LOAD /lib/i386-linux-gnu/libc.so.6
LOAD /usr/lib/i386-linux-gnu/libc_nonshared.a
LOAD /lib/i386-linux-gnu/ld-linux.so.2
END GROUP
LOAD /usr/lib/gcc/i686-linux-gnu/4.6/libgcc.a
LOAD /usr/lib/gcc/i686-linux-gnu/4.6/libgcc_s.so
LOAD /usr/lib/gcc/i686-linux-gnu/4.6/crtend.o
LOAD /usr/lib/gcc/i686-linux-gnu/4.6/../../../i386-linux-gnu/crtn.o
                0x0000000008048000                PROVIDE (__executable_start, 0x8048000)
                0x0000000008048154                . = (0x8048000 + SIZEOF_HEADERS)

.interp         0x0000000008048154       0x13
 *(.interp)
 .interp        0x0000000008048154       0x13 /usr/lib/gcc/i686-linux-gnu/4.6/../../../i386-linux-gnu/crt1.o

.note.ABI-tag   0x0000000008048168       0x20
 .note.ABI-tag  0x0000000008048168       0x20 /usr/lib/gcc/i686-linux-gnu/4.6/../../../i386-linux-gnu/crt1.o

.note.gnu.build-id
                0x0000000008048188       0x24
 *(.note.gnu.build-id)
 .note.gnu.build-id
                0x0000000008048188       0x24 /usr/lib/gcc/i686-linux-gnu/4.6/../../../i386-linux-gnu/crt1.o

.hash
 *(.hash)

.gnu.hash       0x00000000080481ac      0x814
 *(.gnu.hash)
 .gnu.hash      0x00000000080481ac      0x814 /usr/lib/gcc/i686-linux-gnu/4.6/../../../i386-linux-gnu/crt1.o

.dynsym         0x00000000080489c0     0x1100
 *(.dynsym)
 .dynsym        0x00000000080489c0     0x1100 /usr/lib/gcc/i686-linux-gnu/4.6/../../../i386-linux-gnu/crt1.o

.dynstr         0x0000000008049ac0      0xf30
 *(.dynstr)
 .dynstr        0x0000000008049ac0      0xf30 /usr/lib/gcc/i686-linux-gnu/4.6/../../../i386-linux-gnu/crt1.o

.gnu.version    0x000000000804a9f0      0x220
 *(.gnu.version)
 .gnu.version   0x000000000804a9f0      0x220 /usr/lib/gcc/i686-linux-gnu/4.6/../../../i386-linux-gnu/crt1.o

.gnu.version_d  0x000000000804ac10        0x0
 *(.gnu.version_d)
 .gnu.version_d
                0x0000000000000000        0x0 /usr/lib/gcc/i686-linux-gnu/4.6/../../../i386-linux-gnu/crt1.o

.gnu.version_r  0x000000000804ac10       0x40
 *(.gnu.version_r)
 .gnu.version_r
                0x000000000804ac10       0x40 /usr/lib/gcc/i686-linux-gnu/4.6/../../../i386-linux-gnu/crt1.o

.rel.dyn        0x000000000804ac50       0x18
 *(.rel.init)
 *(.rel.text .rel.text.* .rel.gnu.linkonce.t.*)
 .rel.text      0x0000000000000000        0x0 /usr/lib/gcc/i686-linux-gnu/4.6/../../../i386-linux-gnu/crt1.o
 *(.rel.fini)
 *(.rel.rodata .rel.rodata.* .rel.gnu.linkonce.r.*)
 *(.rel.data.rel.ro* .rel.gnu.linkonce.d.rel.ro.*)
 *(.rel.data .rel.data.* .rel.gnu.linkonce.d.*)
 .rel.data      0x0000000000000000        0x0 /usr/lib/gcc/i686-linux-gnu/4.6/../../../i386-linux-gnu/crt1.o
 *(.rel.tdata .rel.tdata.* .rel.gnu.linkonce.td.*)
 *(.rel.tbss .rel.tbss.* .rel.gnu.linkonce.tb.*)
 *(.rel.ctors)
 *(.rel.dtors)
 *(.rel.got)
 .rel.got       0x000000000804ac50        0x8 /usr/lib/gcc/i686-linux-gnu/4.6/../../../i386-linux-gnu/crt1.o
 *(.rel.bss .rel.bss.* .rel.gnu.linkonce.b.*)
 .rel.bss       0x000000000804ac58       0x10 /usr/lib/gcc/i686-linux-gnu/4.6/../../../i386-linux-gnu/crt1.o
 *(.rel.ifunc)

.rel.plt        0x000000000804ac68       0x90
 *(.rel.plt)
 .rel.plt       0x000000000804ac68       0x90 /usr/lib/gcc/i686-linux-gnu/4.6/../../../i386-linux-gnu/crt1.o
                0x000000000804acf8                PROVIDE (__rel_iplt_start, .)
 *(.rel.iplt)
 .rel.iplt      0x0000000000000000        0x0 /usr/lib/gcc/i686-linux-gnu/4.6/../../../i386-linux-gnu/crt1.o
                0x000000000804acf8                PROVIDE (__rel_iplt_end, .)

.init           0x000000000804acf8       0x2e
 *(.init)
 .init          0x000000000804acf8       0x1f /usr/lib/gcc/i686-linux-gnu/4.6/../../../i386-linux-gnu/crti.o
                0x000000000804acf8                _init
 .init          0x000000000804ad17        0x5 /usr/lib/gcc/i686-linux-gnu/4.6/crtbegin.o
 .init          0x000000000804ad1c        0x5 /usr/lib/gcc/i686-linux-gnu/4.6/crtend.o
 .init          0x000000000804ad21        0x5 /usr/lib/gcc/i686-linux-gnu/4.6/../../../i386-linux-gnu/crtn.o

.plt            0x000000000804ad30      0x130
 *(.plt)
 .plt           0x000000000804ad30      0x130 /usr/lib/gcc/i686-linux-gnu/4.6/../../../i386-linux-gnu/crt1.o
                0x000000000804ad40                read@@GLIBC_2.0
                0x000000000804ad50                memcpy@@GLIBC_2.0
                0x000000000804ad60                memcmp@@GLIBC_2.0
                0x000000000804ad70                gettimeofday@@GLIBC_2.0
                0x000000000804ad80                select@@GLIBC_2.0
                0x000000000804ad90                __stack_chk_fail@@GLIBC_2.4
                0x000000000804ada0                perror@@GLIBC_2.0
                0x000000000804adb0                puts@@GLIBC_2.0
                0x000000000804adc0                __memcpy_chk@@GLIBC_2.3.4
                0x000000000804ade0                srand@@GLIBC_2.0
                0x000000000804adf0                __libc_start_main@@GLIBC_2.0
                0x000000000804ae00                setvbuf@@GLIBC_2.0
                0x000000000804ae10                memset@@GLIBC_2.0
                0x000000000804ae20                rand@@GLIBC_2.0
                0x000000000804ae30                __printf_chk@@GLIBC_2.3.4
                0x000000000804ae40                __fprintf_chk@@GLIBC_2.3.4
                0x000000000804ae50                strncmp@@GLIBC_2.0
 *(.iplt)
 .iplt          0x0000000000000000        0x0 /usr/lib/gcc/i686-linux-gnu/4.6/../../../i386-linux-gnu/crt1.o

.text           0x000000000804ae60     0x4eec
 *(.text.unlikely .text.*_unlikely)
 *(.text.exit .text.exit.*)
 *(.text.startup .text.startup.*)
 *(.text.hot .text.hot.*)
 *(.text .stub .text.* .gnu.linkonce.t.*)
 .text          0x000000000804ae60       0x24 /usr/lib/gcc/i686-linux-gnu/4.6/../../../i386-linux-gnu/crt1.o
                0x000000000804ae60                _start
 .text          0x000000000804ae84        0x0 /usr/lib/gcc/i686-linux-gnu/4.6/../../../i386-linux-gnu/crti.o
 *fill*         0x000000000804ae84        0xc 90909090
 .text          0x000000000804ae90       0x83 /usr/lib/gcc/i686-linux-gnu/4.6/crtbegin.o
 *fill*         0x000000000804af13        0x1 90909090
 .text          0x000000000804af14      0x1aa t2_etimer.co
 *fill*         0x000000000804b0be        0x2 90909090
 .text          0x000000000804b0c0      0x3ee contiki-native.a(process.o)
                0x000000000804b0c0                process_alloc_event
                0x000000000804b0d1                process_init
                0x000000000804b0fb                process_nevents
                0x000000000804b10f                process_post
                0x000000000804b169                process_poll
                0x000000000804b18a                process_is_running
                0x000000000804b2dd                process_post_synch
                0x000000000804b304                process_start
                0x000000000804b39f                process_run
                0x000000000804b498                process_exit
 *fill*         0x000000000804b4ae        0x2 90909090
 .text          0x000000000804b4b0      0x2e9 contiki-native.a(etimer.o)
                0x000000000804b502                etimer_request_poll
                0x000000000804b688                etimer_set
                0x000000000804b6ac                etimer_reset
                0x000000000804b6c8                etimer_restart
                0x000000000804b6e4                etimer_adjust
                0x000000000804b6fa                etimer_expired
                0x000000000804b709                etimer_expiration_time
                0x000000000804b713                etimer_start_time
                0x000000000804b71a                etimer_pending
                0x000000000804b728                etimer_next_expiration_time
                0x000000000804b73c                etimer_stop
 *fill*         0x000000000804b799        0x7 90909090
 .text          0x000000000804b7a0      0x39a contiki-native.a(contiki-main.o)
                0x000000000804b7ea                select_set_callback
                0x000000000804b881                main
                0x000000000804bada                log_message
                0x000000000804bb0e                uip_log
 *fill*         0x000000000804bb3a        0x2 90909090
 .text          0x000000000804bb3c       0x5e contiki-native.a(clock.o)
                0x000000000804bb3c                clock_time
                0x000000000804bb79                clock_seconds
                0x000000000804bb98                clock_delay
 *fill*         0x000000000804bb9a        0x2 90909090
 .text          0x000000000804bb9c       0xfc contiki-native.a(leds.o)
                0x000000000804bbbb                leds_init
                0x000000000804bbd5                leds_get
                0x000000000804bbe1                leds_on
                0x000000000804bc0a                leds_off
                0x000000000804bc33                leds_invert
                0x000000000804bc4d                leds_toggle
                0x000000000804bc61                leds_blink
 .text          0x000000000804bc98       0x1a contiki-native.a(leds-arch.o)
                0x000000000804bc98                leds_arch_init
                0x000000000804bca0                leds_arch_get
                0x000000000804bca8                leds_arch_set
 *fill*         0x000000000804bcb2        0x2 90909090
 .text          0x000000000804bcb4       0x25 contiki-native.a(button-sensor.o)
                0x000000000804bcc6                button_press
 *fill*         0x000000000804bcd9        0x3 90909090
 .text          0x000000000804bcdc       0x2f contiki-native.a(pir-sensor.o)
                0x000000000804bcee                pir_sensor_changed
 *fill*         0x000000000804bd0b        0x1 90909090
 .text          0x000000000804bd0c       0x2c contiki-native.a(vib-sensor.o)
                0x000000000804bd1e                vib_sensor_changed
 .text          0x000000000804bd38      0x20c contiki-native.a(sensors.o)
                0x000000000804be9f                sensors_first
                0x000000000804bea5                sensors_next
                0x000000000804beb6                sensors_changed
                0x000000000804bed9                sensors_find
 .text          0x000000000804bf44       0x55 contiki-native.a(rimeaddr.o)
                0x000000000804bf44                rimeaddr_copy
                0x000000000804bf53                rimeaddr_cmp
                0x000000000804bf7e                rimeaddr_set_node_addr
 *fill*         0x000000000804bf99        0x7 90909090
 .text          0x000000000804bfa0      0x14a contiki-native.a(rime.o)
                0x000000000804c079                rime_sniffer_add
                0x000000000804c094                rime_sniffer_remove
                0x000000000804c0af                rime_output
 *fill*         0x000000000804c0ea        0x6 90909090
 .text          0x000000000804c0f0      0x1fe contiki-native.a(announcement.o)
                0x000000000804c0f0                announcement_init
                0x000000000804c103                announcement_register
                0x000000000804c165                announcement_remove
                0x000000000804c180                announcement_remove_value
                0x000000000804c1c1                announcement_set_value
                0x000000000804c211                announcement_bump
                0x000000000804c24b                announcement_listen
                0x000000000804c264                announcement_register_listen_callback
                0x000000000804c26e                announcement_register_observer_callback
                0x000000000804c278                announcement_list
                0x000000000804c28b                announcement_heard
 *fill*         0x000000000804c2ee        0x2 90909090
 .text          0x000000000804c2f0      0x20e contiki-native.a(broadcast-annou)
                0x000000000804c482                broadcast_announcement_init
                0x000000000804c4cd                broadcast_announcement_stop
                0x000000000804c4f8                broadcast_announcement_beacon_interval
 *fill*         0x000000000804c4fe        0x2 90909090
 .text          0x000000000804c500       0xee contiki-native.a(broadcast.o)
                0x000000000804c569                broadcast_open
                0x000000000804c5b4                broadcast_close
                0x000000000804c5c7                broadcast_send
 *fill*         0x000000000804c5ee        0x2 90909090
 .text          0x000000000804c5f0       0xac contiki-native.a(abc.o)
                0x000000000804c5f0                abc_open
                0x000000000804c633                abc_close
                0x000000000804c646                abc_send
                0x000000000804c659                abc_input
                0x000000000804c672                abc_sent
 .text          0x000000000804c69c       0x8d contiki-native.a(chameleon.o)
                0x000000000804c69c                chameleon_init
                0x000000000804c6a8                chameleon_parse
                0x000000000804c6d3                chameleon_create
                0x000000000804c715                chameleon_hdrsize
 *fill*         0x000000000804c729        0x7 90909090
 .text          0x000000000804c730       0xc5 contiki-native.a(channel.o)
                0x000000000804c730                channel_init
                0x000000000804c743                channel_open
                0x000000000804c766                channel_close
                0x000000000804c781                channel_lookup
                0x000000000804c7b9                channel_set_attributes
 *fill*         0x000000000804c7f5        0x3 90909090
 .text          0x000000000804c7f8      0x4e6 contiki-native.a(chameleon-bitop)
                0x000000000804c816                get_bits_in_byte
                0x000000000804c84b                get_bits
                0x000000000804ca82                set_bits_in_byte
                0x000000000804caa6                set_bits
 *fill*         0x000000000804ccde        0x2 90909090
 .text          0x000000000804cce0       0x52 contiki-native.a(nullmac.o)
 *fill*         0x000000000804cd32        0xe 90909090
 .text          0x000000000804cd40      0x18d contiki-native.a(nullrdc.o)
 *fill*         0x000000000804cecd        0x3 90909090
 .text          0x000000000804ced0       0x28 contiki-native.a(mac.o)
                0x000000000804ced0                mac_call_sent_callback
 .text          0x000000000804cef8       0xa6 contiki-native.a(framer-nullmac.)
 *fill*         0x000000000804cf9e        0x2 90909090
 .text          0x000000000804cfa0       0x50 contiki-native.a(autostart.o)
                0x000000000804cfa0                autostart_start
                0x000000000804cfcc                autostart_exit
 .text          0x000000000804cff0      0x1b1 contiki-native.a(serial-line.o)
                0x000000000804d0f6                serial_line_input_byte
                0x000000000804d16a                serial_line_init
 *fill*         0x000000000804d1a1        0x3 90909090
 .text          0x000000000804d1a4       0x72 contiki-native.a(timer.o)
                0x000000000804d1a4                timer_set
                0x000000000804d1bf                timer_reset
                0x000000000804d1c9                timer_restart
                0x000000000804d1db                timer_expired
                0x000000000804d1fb                timer_remaining
 *fill*         0x000000000804d216        0xa 90909090
 .text          0x000000000804d220      0x17c contiki-native.a(list.o)
                0x000000000804d220                list_init
                0x000000000804d22b                list_head
                0x000000000804d232                list_copy
                0x000000000804d23f                list_tail
                0x000000000804d255                list_chop
                0x000000000804d27e                list_pop
                0x000000000804d28e                list_remove
                0x000000000804d2d2                list_push
                0x000000000804d303                list_add
                0x000000000804d346                list_length
                0x000000000804d360                list_insert
                0x000000000804d38b                list_item_next
 *fill*         0x000000000804d39c        0x4 90909090
 .text          0x000000000804d3a0      0x2f3 contiki-native.a(ctimer.o)
                0x000000000804d47e                ctimer_init
                0x000000000804d4ac                ctimer_set
                0x000000000804d52f                ctimer_reset
                0x000000000804d594                ctimer_restart
                0x000000000804d5f9                ctimer_stop
                0x000000000804d63a                ctimer_expired
 *fill*         0x000000000804d693        0x1 90909090
 .text          0x000000000804d694       0x20 contiki-native.a(random.o)
                0x000000000804d694                random_init
                0x000000000804d6a8                random_rand
 .text          0x000000000804d6b4       0xe9 contiki-native.a(ringbuf.o)
                0x000000000804d6b4                ringbuf_init
                0x000000000804d6d2                ringbuf_put
                0x000000000804d730                ringbuf_get
                0x000000000804d77c                ringbuf_size
                0x000000000804d788                ringbuf_elements
 *fill*         0x000000000804d79d        0x3 90909090
 .text          0x000000000804d7a0       0x21 contiki-native.a(netstack.o)
                0x000000000804d7a0                netstack_init
 *fill*         0x000000000804d7c1        0x3 90909090
 .text          0x000000000804d7c4      0x485 contiki-native.a(packetbuf.o)
                0x000000000804d7c4                packetbuf_clear_hdr
                0x000000000804d7cc                packetbuf_copyto_hdr
                0x000000000804d7fe                packetbuf_copyto
                0x000000000804d894                packetbuf_hdr_remove
                0x000000000804d89f                packetbuf_hdrreduce
                0x000000000804d8cc                packetbuf_set_datalen
                0x000000000804d8d7                packetbuf_dataptr
                0x000000000804d8e4                packetbuf_hdrptr
                0x000000000804d8f1                packetbuf_is_reference
                0x000000000804d902                packetbuf_reference_ptr
                0x000000000804d908                packetbuf_datalen
                0x000000000804d910                packetbuf_compact
                0x000000000804d990                packetbuf_hdrlen
                0x000000000804d99c                packetbuf_totlen
                0x000000000804d9b0                packetbuf_hdralloc
                0x000000000804da02                packetbuf_attr_clear
                0x000000000804da46                packetbuf_clear
                0x000000000804da75                packetbuf_reference
                0x000000000804da97                packetbuf_copyfrom
                0x000000000804daea                packetbuf_attr_copyto
                0x000000000804db6d                packetbuf_attr_copyfrom
                0x000000000804dbef                packetbuf_set_attr
                0x000000000804dc06                packetbuf_attr
                0x000000000804dc14                packetbuf_set_addr
                0x000000000804dc3c                packetbuf_addr
 *fill*         0x000000000804dc49        0x3 90909090
 .text          0x000000000804dc4c      0x2ab contiki-native.a(queuebuf.o)
                0x000000000804dc4f                queuebuf_init
                0x000000000804dc7a                queuebuf_new_from_packetbuf
                0x000000000804dd2b                queuebuf_update_attr_from_packetbuf
                0x000000000804dd52                queuebuf_free
                0x000000000804ddbb                queuebuf_to_packetbuf
                0x000000000804de66                queuebuf_dataptr
                0x000000000804deb1                queuebuf_datalen
                0x000000000804debe                queuebuf_addr
                0x000000000804ded9                queuebuf_attr
                0x000000000804def5                queuebuf_debug_print
 *fill*         0x000000000804def7        0x9 90909090
 .text          0x000000000804df00      0x5c2 contiki-native.a(tcpip.o)
                0x000000000804df23                tcpip_output
                0x000000000804e1ca                tcpip_set_outputfunc
                0x000000000804e1d4                tcp_unlisten
                0x000000000804e23c                tcp_listen
                0x000000000804e2bb                tcp_attach
                0x000000000804e2d0                udp_attach
                0x000000000804e2e5                udp_new
                0x000000000804e315                udp_broadcast_new
                0x000000000804e378                tcpip_input
                0x000000000804e3a4                tcpip_poll_udp
                0x000000000804e3c7                tcpip_poll_tcp
                0x000000000804e3ea                tcp_connect
                0x000000000804e427                tcpip_uipcall
 *fill*         0x000000000804e4c2        0xe 90909090
 .text          0x000000000804e4d0     0x162b contiki-native.a(uip.o)
                0x000000000804e51c                uip_setipid
                0x000000000804e527                uip_add32
                0x000000000804e619                uip_init
                0x000000000804e66a                uip_unlisten
                0x000000000804e6c2                uip_listen
                0x000000000804e71a                uip_htons
                0x000000000804e724                uip_udp_new
                0x000000000804e817                uip_connect
                0x000000000804e9bb                uip_udpchksum
                0x000000000804e9c7                uip_tcpchksum
                0x000000000804e9d3                uip_ipchksum
                0x000000000804ea07                uip_process
                0x000000000804fa78                uip_chksum
                0x000000000804fa9d                uip_htonl
                0x000000000804fab7                uip_send
 *fill*         0x000000000804fafb        0x1 90909090
 .text          0x000000000804fafc       0x4a contiki-native.a(nullradio.o)
 *fill*         0x000000000804fb46        0xa 90909090
 .text          0x000000000804fb50      0x150 contiki-native.a(memb.o)
                0x000000000804fb50                memb_init
                0x000000000804fb99                memb_alloc
                0x000000000804fbf5                memb_free
                0x000000000804fc63                memb_inmemb
 .text          0x000000000804fca0       0x72 /usr/lib/i386-linux-gnu/libc_nonshared.a(elf-init.oS)
                0x000000000804fca0                __libc_csu_init
                0x000000000804fd10                __libc_csu_fini
 .text.__i686.get_pc_thunk.bx
                0x000000000804fd12        0x4 /usr/lib/i386-linux-gnu/libc_nonshared.a(elf-init.oS)
                0x000000000804fd12                __i686.get_pc_thunk.bx
 *fill*         0x000000000804fd16        0xa 90909090
 .text          0x000000000804fd20       0x2a /usr/lib/gcc/i686-linux-gnu/4.6/crtend.o
 *fill*         0x000000000804fd4a        0x2 90909090
 .text          0x000000000804fd4c        0x0 /usr/lib/gcc/i686-linux-gnu/4.6/../../../i386-linux-gnu/crtn.o
 *(.gnu.warning)

.fini           0x000000000804fd4c       0x1a
 *(.fini)
 .fini          0x000000000804fd4c       0x10 /usr/lib/gcc/i686-linux-gnu/4.6/../../../i386-linux-gnu/crti.o
                0x000000000804fd4c                _fini
 .fini          0x000000000804fd5c        0x5 /usr/lib/gcc/i686-linux-gnu/4.6/crtbegin.o
 .fini          0x000000000804fd61        0x5 /usr/lib/gcc/i686-linux-gnu/4.6/../../../i386-linux-gnu/crtn.o
                0x000000000804fd66                PROVIDE (__etext, .)
                0x000000000804fd66                PROVIDE (_etext, .)
                0x000000000804fd66                PROVIDE (etext, .)

.rodata         0x000000000804fd80      0x268
 *(.rodata .rodata.* .gnu.linkonce.r.*)
 .rodata        0x000000000804fd80        0x4 /usr/lib/gcc/i686-linux-gnu/4.6/../../../i386-linux-gnu/crt1.o
                0x000000000804fd80                _fp_hw
 .rodata.cst4   0x000000000804fd84        0x4 /usr/lib/gcc/i686-linux-gnu/4.6/../../../i386-linux-gnu/crt1.o
                0x000000000804fd84                _IO_stdin_used
 .rodata.str1.1
                0x000000000804fd88       0x40 t2_etimer.co
 .rodata        0x000000000804fdc8        0x8 t2_etimer.co
                0x000000000804fdc8                autostart_processes
 .rodata.str1.1
                0x000000000804fdd0        0xc contiki-native.a(etimer.o)
 .rodata.str1.1
                0x000000000804fddc       0x5e contiki-native.a(contiki-main.o)
                                         0x62 (size before relaxing)
 *fill*         0x000000000804fe3a        0x2 00
 .rodata        0x000000000804fe3c        0x8 contiki-native.a(contiki-main.o)
 .rodata.str1.1
                0x000000000804fe44        0x7 contiki-native.a(button-sensor.o)
 *fill*         0x000000000804fe4b        0x1 00
 .rodata        0x000000000804fe4c       0x10 contiki-native.a(button-sensor.o)
                0x000000000804fe4c                button_sensor
 .rodata.str1.1
                0x000000000804fe5c        0x4 contiki-native.a(pir-sensor.o)
 .rodata        0x000000000804fe60       0x10 contiki-native.a(pir-sensor.o)
                0x000000000804fe60                pir_sensor
 .rodata.str1.1
                0x000000000804fe70        0xa contiki-native.a(vib-sensor.o)
 *fill*         0x000000000804fe7a        0x2 00
 .rodata        0x000000000804fe7c       0x10 contiki-native.a(vib-sensor.o)
                0x000000000804fe7c                vib_sensor
 .rodata.str1.1
                0x000000000804fe8c        0x8 contiki-native.a(sensors.o)
 .rodata        0x000000000804fe94        0x2 contiki-native.a(rimeaddr.o)
                0x000000000804fe94                rimeaddr_null
 .rodata.str1.1
                0x000000000804fe96        0x5 contiki-native.a(rime.o)
 *fill*         0x000000000804fe9b        0x1 00
 .rodata        0x000000000804fe9c        0xc contiki-native.a(rime.o)
                0x000000000804fe9c                rime_driver
 .rodata        0x000000000804fea8        0x8 contiki-native.a(broadcast-annou)
 .rodata        0x000000000804feb0        0xc contiki-native.a(broadcast.o)
 .rodata        0x000000000804febc        0x2 contiki-native.a(abc.o)
 *fill*         0x000000000804febe        0x2 00
 .rodata        0x000000000804fec0       0x15 contiki-native.a(chameleon-bitop)
                0x000000000804fec0                chameleon_bitopt
 .rodata.str1.1
                0x000000000804fed5        0x8 contiki-native.a(nullmac.o)
 *fill*         0x000000000804fedd        0x3 00
 .rodata        0x000000000804fee0       0x1c contiki-native.a(nullmac.o)
                0x000000000804fee0                nullmac_driver
 .rodata.str1.1
                0x000000000804fefc        0x8 contiki-native.a(nullrdc.o)
 *fill*         0x000000000804ff04       0x1c 00
 .rodata        0x000000000804ff20       0x20 contiki-native.a(nullrdc.o)
                0x000000000804ff20                nullrdc_driver
 .rodata        0x000000000804ff40        0x8 contiki-native.a(framer-nullmac.)
                0x000000000804ff40                framer_nullmac
 .rodata.str1.1
                0x000000000804ff48        0xe contiki-native.a(serial-line.o)
 .rodata.str1.1
                0x000000000804ff56        0xf contiki-native.a(ctimer.o)
 .rodata.str1.1
                0x000000000804ff65        0xd contiki-native.a(tcpip.o)
 *fill*         0x000000000804ff72        0x2 00
 .rodata        0x000000000804ff74       0x4c contiki-native.a(uip.o)
                0x000000000804ffb8                uip_all_zeroes_addr
                0x000000000804ffbc                uip_broadcast_addr
 .rodata        0x000000000804ffc0       0x28 contiki-native.a(nullradio.o)
                0x000000000804ffc0                nullradio_driver

.rodata1
 *(.rodata1)

.eh_frame_hdr   0x000000000804ffe8      0x84c
 *(.eh_frame_hdr)
 .eh_frame_hdr  0x000000000804ffe8      0x84c /usr/lib/gcc/i686-linux-gnu/4.6/../../../i386-linux-gnu/crt1.o

.eh_frame       0x0000000008050834     0x1d0c
 *(.eh_frame)
 .eh_frame      0x0000000008050834       0x3c /usr/lib/gcc/i686-linux-gnu/4.6/../../../i386-linux-gnu/crt1.o
                                         0x40 (size before relaxing)
 .eh_frame      0x0000000008050870       0x6c t2_etimer.co
                                         0x84 (size before relaxing)
 .eh_frame      0x00000000080508dc      0x170 contiki-native.a(process.o)
                                        0x188 (size before relaxing)
 .eh_frame      0x0000000008050a4c      0x194 contiki-native.a(etimer.o)
                                        0x1ac (size before relaxing)
 .eh_frame      0x0000000008050be0       0x90 contiki-native.a(contiki-main.o)
                                         0xa8 (size before relaxing)
 .eh_frame      0x0000000008050c70       0x4c contiki-native.a(clock.o)
                                         0x64 (size before relaxing)
 .eh_frame      0x0000000008050cbc       0xc8 contiki-native.a(leds.o)
                                         0xe0 (size before relaxing)
 .eh_frame      0x0000000008050d84       0x3c contiki-native.a(leds-arch.o)
                                         0x54 (size before relaxing)
 .eh_frame      0x0000000008050dc0       0x54 contiki-native.a(button-sensor.o)
                                         0x6c (size before relaxing)
 .eh_frame      0x0000000008050e14       0x54 contiki-native.a(pir-sensor.o)
                                         0x6c (size before relaxing)
 .eh_frame      0x0000000008050e68       0x54 contiki-native.a(vib-sensor.o)
                                         0x6c (size before relaxing)
 .eh_frame      0x0000000008050ebc       0xb4 contiki-native.a(sensors.o)
                                         0xcc (size before relaxing)
 .eh_frame      0x0000000008050f70       0x44 contiki-native.a(rimeaddr.o)
                                         0x5c (size before relaxing)
 .eh_frame      0x0000000008050fb4       0xc0 contiki-native.a(rime.o)
                                         0xd8 (size before relaxing)
 .eh_frame      0x0000000008051074      0x12c contiki-native.a(announcement.o)
                                        0x144 (size before relaxing)
 .eh_frame      0x00000000080511a0      0x108 contiki-native.a(broadcast-annou)
                                        0x120 (size before relaxing)
 .eh_frame      0x00000000080512a8       0x88 contiki-native.a(broadcast.o)
                                         0xa0 (size before relaxing)
 .eh_frame      0x0000000008051330       0x80 contiki-native.a(abc.o)
                                         0x98 (size before relaxing)
 .eh_frame      0x00000000080513b0       0x70 contiki-native.a(chameleon.o)
                                         0x88 (size before relaxing)
 .eh_frame      0x0000000008051420       0x88 contiki-native.a(channel.o)
                                         0xa0 (size before relaxing)
 .eh_frame      0x00000000080514a8      0x140 contiki-native.a(chameleon-bitop)
                                        0x158 (size before relaxing)
 .eh_frame      0x00000000080515e8       0x88 contiki-native.a(nullmac.o)
                                         0xa0 (size before relaxing)
 .eh_frame      0x0000000008051670       0xe4 contiki-native.a(nullrdc.o)
                                         0xfc (size before relaxing)
 .eh_frame      0x0000000008051754       0x18 contiki-native.a(mac.o)
                                         0x30 (size before relaxing)
 .eh_frame      0x000000000805176c       0x48 contiki-native.a(framer-nullmac.)
                                         0x60 (size before relaxing)
 .eh_frame      0x00000000080517b4       0x40 contiki-native.a(autostart.o)
                                         0x58 (size before relaxing)
 .eh_frame      0x00000000080517f4       0x54 contiki-native.a(serial-line.o)
                                         0x6c (size before relaxing)
 .eh_frame      0x0000000008051848       0x8c contiki-native.a(timer.o)
                                         0xa4 (size before relaxing)
 .eh_frame      0x00000000080518d4      0x114 contiki-native.a(list.o)
                                        0x12c (size before relaxing)
 .eh_frame      0x00000000080519e8       0xf0 contiki-native.a(ctimer.o)
                                        0x108 (size before relaxing)
 .eh_frame      0x0000000008051ad8       0x30 contiki-native.a(random.o)
                                         0x48 (size before relaxing)
 .eh_frame      0x0000000008051b08       0x80 contiki-native.a(ringbuf.o)
                                         0x98 (size before relaxing)
 .eh_frame      0x0000000008051b88       0x18 contiki-native.a(netstack.o)
                                         0x30 (size before relaxing)
 .eh_frame      0x0000000008051ba0      0x26c contiki-native.a(packetbuf.o)
                                        0x284 (size before relaxing)
 .eh_frame      0x0000000008051e0c      0x13c contiki-native.a(queuebuf.o)
                                        0x154 (size before relaxing)
 .eh_frame      0x0000000008051f48      0x1e0 contiki-native.a(tcpip.o)
                                        0x1f8 (size before relaxing)
 .eh_frame      0x0000000008052128      0x238 contiki-native.a(uip.o)
                                        0x250 (size before relaxing)
 .eh_frame      0x0000000008052360       0xcc contiki-native.a(nullradio.o)
                                         0xe4 (size before relaxing)
 .eh_frame      0x000000000805242c       0xac contiki-native.a(memb.o)
                                         0xc4 (size before relaxing)
 .eh_frame      0x00000000080524d8       0x64 /usr/lib/i386-linux-gnu/libc_nonshared.a(elf-init.oS)
                                         0x7c (size before relaxing)
 .eh_frame      0x000000000805253c        0x4 /usr/lib/gcc/i686-linux-gnu/4.6/crtend.o

.gcc_except_table
 *(.gcc_except_table .gcc_except_table.*)

.exception_ranges
 *(.exception_ranges .exception_ranges*)
                0x0000000008052540                . = (ALIGN (0x1000) - ((0x1000 - .) & 0xfff))
                0x0000000008053f14                . = DATA_SEGMENT_ALIGN (0x1000, 0x1000)

.eh_frame
 *(.eh_frame)

.gcc_except_table
 *(.gcc_except_table .gcc_except_table.*)

.exception_ranges
 *(.exception_ranges .exception_ranges*)

.tdata
 *(.tdata .tdata.* .gnu.linkonce.td.*)

.tbss
 *(.tbss .tbss.* .gnu.linkonce.tb.*)
 *(.tcommon)

.preinit_array  0x0000000008053f14        0x0
                0x0000000008053f14                PROVIDE (__preinit_array_start, .)
 *(.preinit_array)
                0x0000000008053f14                PROVIDE (__preinit_array_end, .)

.init_array     0x0000000008053f14        0x0
                0x0000000008053f14                PROVIDE (__init_array_start, .)
 *(SORT(.init_array.*) SORT(.ctors.*))
 *(.init_array)
 *(EXCLUDE_FILE(*crtend?.o *crtend.o *crtbegin?.o *crtbegin.o) .ctors)
                0x0000000008053f14                PROVIDE (__init_array_end, .)

.fini_array     0x0000000008053f14        0x0
                0x0000000008053f14                PROVIDE (__fini_array_start, .)
 *(SORT(.fini_array.*) SORT(.dtors.*))
 *(.fini_array)
 *(EXCLUDE_FILE(*crtend?.o *crtend.o *crtbegin?.o *crtbegin.o) .dtors)
                0x0000000008053f14                PROVIDE (__fini_array_end, .)

.ctors          0x0000000008053f14        0x8
 *crtbegin.o(.ctors)
 .ctors         0x0000000008053f14        0x4 /usr/lib/gcc/i686-linux-gnu/4.6/crtbegin.o
 *crtbegin?.o(.ctors)
 *(EXCLUDE_FILE(*crtend?.o *crtend.o) .ctors)
 *(SORT(.ctors.*))
 *(.ctors)
 .ctors         0x0000000008053f18        0x4 /usr/lib/gcc/i686-linux-gnu/4.6/crtend.o

.dtors          0x0000000008053f1c        0x8
 *crtbegin.o(.dtors)
 .dtors         0x0000000008053f1c        0x4 /usr/lib/gcc/i686-linux-gnu/4.6/crtbegin.o
 *crtbegin?.o(.dtors)
 *(EXCLUDE_FILE(*crtend?.o *crtend.o) .dtors)
 *(SORT(.dtors.*))
 *(.dtors)
 .dtors         0x0000000008053f20        0x4 /usr/lib/gcc/i686-linux-gnu/4.6/crtend.o
                0x0000000008053f20                __DTOR_END__

.jcr            0x0000000008053f24        0x4
 *(.jcr)
 .jcr           0x0000000008053f24        0x0 /usr/lib/gcc/i686-linux-gnu/4.6/crtbegin.o
 .jcr           0x0000000008053f24        0x4 /usr/lib/gcc/i686-linux-gnu/4.6/crtend.o

.data.rel.ro
 *(.data.rel.ro.local* .gnu.linkonce.d.rel.ro.local.*)
 *(.data.rel.ro* .gnu.linkonce.d.rel.ro.*)

.dynamic        0x0000000008053f28       0xc8
 *(.dynamic)
 .dynamic       0x0000000008053f28       0xc8 /usr/lib/gcc/i686-linux-gnu/4.6/../../../i386-linux-gnu/crt1.o
                0x0000000008053f28                _DYNAMIC

.got            0x0000000008053ff0        0x4
 *(.got)
 .got           0x0000000008053ff0        0x4 /usr/lib/gcc/i686-linux-gnu/4.6/../../../i386-linux-gnu/crt1.o
 *(.igot)
                0x0000000008053ff4                . = DATA_SEGMENT_RELRO_END (., 0xc)

.got.plt        0x0000000008053ff4       0x54
 *(.got.plt)
 .got.plt       0x0000000008053ff4       0x54 /usr/lib/gcc/i686-linux-gnu/4.6/../../../i386-linux-gnu/crt1.o
                0x0000000008053ff4                _GLOBAL_OFFSET_TABLE_
 *(.igot.plt)
 .igot.plt      0x0000000000000000        0x0 /usr/lib/gcc/i686-linux-gnu/4.6/../../../i386-linux-gnu/crt1.o

.data           0x0000000008054048       0xbc
 *(.data .data.* .gnu.linkonce.d.*)
 .data          0x0000000008054048        0x4 /usr/lib/gcc/i686-linux-gnu/4.6/../../../i386-linux-gnu/crt1.o
                0x0000000008054048                data_start
                0x0000000008054048                __data_start
 .data          0x000000000805404c        0x0 /usr/lib/gcc/i686-linux-gnu/4.6/../../../i386-linux-gnu/crti.o
 .data          0x000000000805404c        0x4 /usr/lib/gcc/i686-linux-gnu/4.6/crtbegin.o
                0x000000000805404c                __dso_handle
 .data          0x0000000008054050       0x30 t2_etimer.co
                0x0000000008054050                t1_cant_btn_process
                0x0000000008054060                t1_led_toggle_process
                0x0000000008054070                int_print_process
 .data          0x0000000008054080        0x0 contiki-native.a(process.o)
 .data          0x0000000008054080       0x10 contiki-native.a(etimer.o)
                0x0000000008054080                etimer_process
 .data          0x0000000008054090       0x10 contiki-native.a(contiki-main.o)
                0x0000000008054090                sensors
 .data          0x00000000080540a0        0x0 contiki-native.a(clock.o)
 .data          0x00000000080540a0        0x0 contiki-native.a(leds.o)
 .data          0x00000000080540a0        0x0 contiki-native.a(leds-arch.o)
 .data          0x00000000080540a0        0x0 contiki-native.a(button-sensor.o)
 .data          0x00000000080540a0        0x0 contiki-native.a(pir-sensor.o)
 .data          0x00000000080540a0        0x0 contiki-native.a(vib-sensor.o)
 .data          0x00000000080540a0       0x10 contiki-native.a(sensors.o)
                0x00000000080540a0                sensors_process
 .data          0x00000000080540b0        0x0 contiki-native.a(rimeaddr.o)
 .data          0x00000000080540b0        0x0 contiki-native.a(rime.o)
 .data          0x00000000080540b0        0x0 contiki-native.a(announcement.o)
 .data          0x00000000080540b0        0x0 contiki-native.a(broadcast-annou)
 .data          0x00000000080540b0        0x0 contiki-native.a(broadcast.o)
 .data          0x00000000080540b0        0x0 contiki-native.a(abc.o)
 .data          0x00000000080540b0        0x0 contiki-native.a(chameleon.o)
 .data          0x00000000080540b0        0x0 contiki-native.a(channel.o)
 .data          0x00000000080540b0        0x0 contiki-native.a(chameleon-bitop)
 .data          0x00000000080540b0        0x0 contiki-native.a(nullmac.o)
 .data          0x00000000080540b0        0x0 contiki-native.a(nullrdc.o)
 .data          0x00000000080540b0        0x0 contiki-native.a(mac.o)
 .data          0x00000000080540b0        0x0 contiki-native.a(framer-nullmac.)
 .data          0x00000000080540b0        0x0 contiki-native.a(autostart.o)
 .data          0x00000000080540b0       0x10 contiki-native.a(serial-line.o)
                0x00000000080540b0                serial_line_process
 .data          0x00000000080540c0        0x0 contiki-native.a(timer.o)
 .data          0x00000000080540c0        0x0 contiki-native.a(list.o)
 .data          0x00000000080540c0       0x10 contiki-native.a(ctimer.o)
                0x00000000080540c0                ctimer_process
 .data          0x00000000080540d0        0x0 contiki-native.a(random.o)
 .data          0x00000000080540d0        0x0 contiki-native.a(ringbuf.o)
 .data          0x00000000080540d0        0x0 contiki-native.a(netstack.o)
 .data          0x00000000080540d0        0x0 contiki-native.a(packetbuf.o)
 .data          0x00000000080540d0       0x24 contiki-native.a(queuebuf.o)
 .data          0x00000000080540f4       0x10 contiki-native.a(tcpip.o)
                0x00000000080540f4                tcpip_process
 .data          0x0000000008054104        0x0 contiki-native.a(uip.o)
 .data          0x0000000008054104        0x0 contiki-native.a(nullradio.o)
 .data          0x0000000008054104        0x0 contiki-native.a(memb.o)
 .data          0x0000000008054104        0x0 /usr/lib/i386-linux-gnu/libc_nonshared.a(elf-init.oS)
 .data          0x0000000008054104        0x0 /usr/lib/gcc/i686-linux-gnu/4.6/crtend.o
 .data          0x0000000008054104        0x0 /usr/lib/gcc/i686-linux-gnu/4.6/../../../i386-linux-gnu/crtn.o

.data1
 *(.data1)
                0x0000000008054104                _edata = .
                0x0000000008054104                PROVIDE (edata, .)
                0x0000000008054104                __bss_start = .

.bss            0x0000000008054120     0x1690
 *(.dynbss)
 .dynbss        0x0000000008054120       0x24 /usr/lib/gcc/i686-linux-gnu/4.6/../../../i386-linux-gnu/crt1.o
                0x0000000008054120                stderr@@GLIBC_2.0
                0x0000000008054140                stdout@@GLIBC_2.0
 *(.bss .bss.* .gnu.linkonce.b.*)
 .bss           0x0000000008054144        0x0 /usr/lib/gcc/i686-linux-gnu/4.6/../../../i386-linux-gnu/crt1.o
 .bss           0x0000000008054144        0x0 /usr/lib/gcc/i686-linux-gnu/4.6/../../../i386-linux-gnu/crti.o
 .bss           0x0000000008054144        0x8 /usr/lib/gcc/i686-linux-gnu/4.6/crtbegin.o
 .bss           0x000000000805414c       0x14 t2_etimer.co
 .bss           0x0000000008054160      0x1b1 contiki-native.a(process.o)
                0x0000000008054160                process_current
                0x0000000008054164                process_list
 *fill*         0x0000000008054311        0x3 00
 .bss           0x0000000008054314        0x8 contiki-native.a(etimer.o)
 *fill*         0x000000000805431c        0x4 00
 .bss           0x0000000008054320       0x44 contiki-native.a(contiki-main.o)
                0x0000000008054320                contiki_argc
 .bss           0x0000000008054364        0x0 contiki-native.a(clock.o)
 .bss           0x0000000008054364        0x2 contiki-native.a(leds.o)
 *fill*         0x0000000008054366        0x2 00
 .bss           0x0000000008054368        0x1 contiki-native.a(leds-arch.o)
 *fill*         0x0000000008054369        0x3 00
 .bss           0x000000000805436c        0x0 contiki-native.a(button-sensor.o)
 .bss           0x000000000805436c        0x4 contiki-native.a(pir-sensor.o)
 .bss           0x0000000008054370        0x4 contiki-native.a(vib-sensor.o)
 .bss           0x0000000008054374        0xc contiki-native.a(sensors.o)
 .bss           0x0000000008054380        0x0 contiki-native.a(rimeaddr.o)
 .bss           0x0000000008054380        0x4 contiki-native.a(rime.o)
 .bss           0x0000000008054384        0xc contiki-native.a(announcement.o)
 *fill*         0x0000000008054390       0x10 00
 .bss           0x00000000080543a0       0x6c contiki-native.a(broadcast-annou)
 .bss           0x000000000805440c        0x0 contiki-native.a(broadcast.o)
 .bss           0x000000000805440c        0x0 contiki-native.a(abc.o)
 .bss           0x000000000805440c        0x0 contiki-native.a(chameleon.o)
 .bss           0x000000000805440c        0x4 contiki-native.a(channel.o)
 .bss           0x0000000008054410        0x0 contiki-native.a(chameleon-bitop)
 .bss           0x0000000008054410        0x0 contiki-native.a(nullmac.o)
 .bss           0x0000000008054410        0x0 contiki-native.a(nullrdc.o)
 .bss           0x0000000008054410        0x0 contiki-native.a(mac.o)
 .bss           0x0000000008054410        0x0 contiki-native.a(framer-nullmac.)
 .bss           0x0000000008054410        0x0 contiki-native.a(autostart.o)
 *fill*         0x0000000008054410       0x10 00
 .bss           0x0000000008054420      0x120 contiki-native.a(serial-line.o)
 .bss           0x0000000008054540        0x0 contiki-native.a(timer.o)
 .bss           0x0000000008054540        0x0 contiki-native.a(list.o)
 .bss           0x0000000008054540        0x8 contiki-native.a(ctimer.o)
 .bss           0x0000000008054548        0x0 contiki-native.a(random.o)
 .bss           0x0000000008054548        0x0 contiki-native.a(ringbuf.o)
 .bss           0x0000000008054548        0x0 contiki-native.a(netstack.o)
 *fill*         0x0000000008054548       0x18 00
 .bss           0x0000000008054560       0xd2 contiki-native.a(packetbuf.o)
 *fill*         0x0000000008054632        0xe 00
 .bss           0x0000000008054640      0x6b8 contiki-native.a(queuebuf.o)
 *fill*         0x0000000008054cf8        0x8 00
 .bss           0x0000000008054d00      0x178 contiki-native.a(tcpip.o)
 .bss           0x0000000008054e78       0x13 contiki-native.a(uip.o)
                0x0000000008054e78                uip_lladdr
 *fill*         0x0000000008054e8b        0x1 00
 .bss           0x0000000008054e8c        0x0 contiki-native.a(nullradio.o)
 .bss           0x0000000008054e8c        0x0 contiki-native.a(memb.o)
 .bss           0x0000000008054e8c        0x0 /usr/lib/i386-linux-gnu/libc_nonshared.a(elf-init.oS)
 .bss           0x0000000008054e8c        0x0 /usr/lib/gcc/i686-linux-gnu/4.6/crtend.o
 .bss           0x0000000008054e8c        0x0 /usr/lib/gcc/i686-linux-gnu/4.6/../../../i386-linux-gnu/crtn.o
 *(COMMON)
 COMMON         0x0000000008054e8c        0x8 contiki-native.a(contiki-main.o)
                0x0000000008054e8c                contiki_argv
                0x0000000008054e90                sensors_flags
 COMMON         0x0000000008054e94        0x1 contiki-native.a(sensors.o)
                0x0000000008054e94                sensors_event
 COMMON         0x0000000008054e95        0x2 contiki-native.a(rimeaddr.o)
                0x0000000008054e95                rimeaddr_node_addr
 COMMON         0x0000000008054e97        0x1 contiki-native.a(serial-line.o)
                0x0000000008054e97                serial_line_event_message
 *fill*         0x0000000008054e98        0x8 00
 COMMON         0x0000000008054ea0       0x38 contiki-native.a(packetbuf.o)
                0x0000000008054ea0                packetbuf_attrs
                0x0000000008054ed0                packetbuf_addrs
 COMMON         0x0000000008054ed8        0x1 contiki-native.a(tcpip.o)
                0x0000000008054ed8                tcpip_event
 *fill*         0x0000000008054ed9        0x7 00
 COMMON         0x0000000008054ee0      0x8d0 contiki-native.a(uip.o)
                0x0000000008054ee0                uip_draddr
                0x0000000008054ee4                uip_slen
                0x0000000008054ee6                uip_acc32
                0x0000000008054f00                uip_conns
                0x00000000080554a0                uip_netmask
                0x00000000080554a4                uip_hostaddr
                0x00000000080554a8                uip_appdata
                0x00000000080554ac                uip_flags
                0x00000000080554c0                uip_aligned_buf
                0x0000000008055680                uip_listenports
                0x00000000080556d0                uip_len
                0x00000000080556d4                uip_sappdata
                0x00000000080556e0                uip_udp_conns
                0x00000000080557a8                uip_udp_conn
                0x00000000080557ac                uip_conn
                0x00000000080557b0                . = ALIGN ((. != 0x0)?0x4:0x1)
                0x00000000080557b0                . = ALIGN (0x4)
                0x00000000080557b0                . = ALIGN (0x4)
                0x00000000080557b0                _end = .
                0x00000000080557b0                PROVIDE (end, .)
                0x00000000080557b0                . = DATA_SEGMENT_END (.)

.stab
 *(.stab)

.stabstr
 *(.stabstr)

.stab.excl
 *(.stab.excl)

.stab.exclstr
 *(.stab.exclstr)

.stab.index
 *(.stab.index)

.stab.indexstr
 *(.stab.indexstr)

.comment        0x0000000000000000       0x2a
 *(.comment)
 .comment       0x0000000000000000       0x2a /usr/lib/gcc/i686-linux-gnu/4.6/crtbegin.o
                                         0x2b (size before relaxing)
 .comment       0x0000000000000000       0x2b t2_etimer.co
 .comment       0x0000000000000000       0x2b contiki-native.a(process.o)
 .comment       0x0000000000000000       0x2b contiki-native.a(etimer.o)
 .comment       0x0000000000000000       0x2b contiki-native.a(contiki-main.o)
 .comment       0x0000000000000000       0x2b contiki-native.a(clock.o)
 .comment       0x0000000000000000       0x2b contiki-native.a(leds.o)
 .comment       0x0000000000000000       0x2b contiki-native.a(leds-arch.o)
 .comment       0x0000000000000000       0x2b contiki-native.a(button-sensor.o)
 .comment       0x0000000000000000       0x2b contiki-native.a(pir-sensor.o)
 .comment       0x0000000000000000       0x2b contiki-native.a(vib-sensor.o)
 .comment       0x0000000000000000       0x2b contiki-native.a(sensors.o)
 .comment       0x0000000000000000       0x2b contiki-native.a(rimeaddr.o)
 .comment       0x0000000000000000       0x2b contiki-native.a(rime.o)
 .comment       0x0000000000000000       0x2b contiki-native.a(announcement.o)
 .comment       0x0000000000000000       0x2b contiki-native.a(broadcast-annou)
 .comment       0x0000000000000000       0x2b contiki-native.a(broadcast.o)
 .comment       0x0000000000000000       0x2b contiki-native.a(abc.o)
 .comment       0x0000000000000000       0x2b contiki-native.a(chameleon.o)
 .comment       0x0000000000000000       0x2b contiki-native.a(channel.o)
 .comment       0x0000000000000000       0x2b contiki-native.a(chameleon-bitop)
 .comment       0x0000000000000000       0x2b contiki-native.a(nullmac.o)
 .comment       0x0000000000000000       0x2b contiki-native.a(nullrdc.o)
 .comment       0x0000000000000000       0x2b contiki-native.a(mac.o)
 .comment       0x0000000000000000       0x2b contiki-native.a(framer-nullmac.)
 .comment       0x0000000000000000       0x2b contiki-native.a(autostart.o)
 .comment       0x0000000000000000       0x2b contiki-native.a(serial-line.o)
 .comment       0x0000000000000000       0x2b contiki-native.a(timer.o)
 .comment       0x0000000000000000       0x2b contiki-native.a(list.o)
 .comment       0x0000000000000000       0x2b contiki-native.a(ctimer.o)
 .comment       0x0000000000000000       0x2b contiki-native.a(random.o)
 .comment       0x0000000000000000       0x2b contiki-native.a(ringbuf.o)
 .comment       0x0000000000000000       0x2b contiki-native.a(netstack.o)
 .comment       0x0000000000000000       0x2b contiki-native.a(packetbuf.o)
 .comment       0x0000000000000000       0x2b contiki-native.a(queuebuf.o)
 .comment       0x0000000000000000       0x2b contiki-native.a(tcpip.o)
 .comment       0x0000000000000000       0x2b contiki-native.a(uip.o)
 .comment       0x0000000000000000       0x2b contiki-native.a(nullradio.o)
 .comment       0x0000000000000000       0x2b contiki-native.a(memb.o)
 .comment       0x0000000000000000       0x2b /usr/lib/i386-linux-gnu/libc_nonshared.a(elf-init.oS)
 .comment       0x0000000000000000       0x2b /usr/lib/gcc/i686-linux-gnu/4.6/crtend.o

.debug
 *(.debug)

.line
 *(.line)

.debug_srcinfo
 *(.debug_srcinfo)

.debug_sfnames
 *(.debug_sfnames)

.debug_aranges  0x0000000000000000      0x4c0
 *(.debug_aranges)
 .debug_aranges
                0x0000000000000000       0x20 t2_etimer.co
 .debug_aranges
                0x0000000000000020       0x20 contiki-native.a(process.o)
 .debug_aranges
                0x0000000000000040       0x20 contiki-native.a(etimer.o)
 .debug_aranges
                0x0000000000000060       0x20 contiki-native.a(contiki-main.o)
 .debug_aranges
                0x0000000000000080       0x20 contiki-native.a(clock.o)
 .debug_aranges
                0x00000000000000a0       0x20 contiki-native.a(leds.o)
 .debug_aranges
                0x00000000000000c0       0x20 contiki-native.a(leds-arch.o)
 .debug_aranges
                0x00000000000000e0       0x20 contiki-native.a(button-sensor.o)
 .debug_aranges
                0x0000000000000100       0x20 contiki-native.a(pir-sensor.o)
 .debug_aranges
                0x0000000000000120       0x20 contiki-native.a(vib-sensor.o)
 .debug_aranges
                0x0000000000000140       0x20 contiki-native.a(sensors.o)
 .debug_aranges
                0x0000000000000160       0x20 contiki-native.a(rimeaddr.o)
 .debug_aranges
                0x0000000000000180       0x20 contiki-native.a(rime.o)
 .debug_aranges
                0x00000000000001a0       0x20 contiki-native.a(announcement.o)
 .debug_aranges
                0x00000000000001c0       0x20 contiki-native.a(broadcast-annou)
 .debug_aranges
                0x00000000000001e0       0x20 contiki-native.a(broadcast.o)
 .debug_aranges
                0x0000000000000200       0x20 contiki-native.a(abc.o)
 .debug_aranges
                0x0000000000000220       0x20 contiki-native.a(chameleon.o)
 .debug_aranges
                0x0000000000000240       0x20 contiki-native.a(channel.o)
 .debug_aranges
                0x0000000000000260       0x20 contiki-native.a(chameleon-bitop)
 .debug_aranges
                0x0000000000000280       0x20 contiki-native.a(nullmac.o)
 .debug_aranges
                0x00000000000002a0       0x20 contiki-native.a(nullrdc.o)
 .debug_aranges
                0x00000000000002c0       0x20 contiki-native.a(mac.o)
 .debug_aranges
                0x00000000000002e0       0x20 contiki-native.a(framer-nullmac.)
 .debug_aranges
                0x0000000000000300       0x20 contiki-native.a(autostart.o)
 .debug_aranges
                0x0000000000000320       0x20 contiki-native.a(serial-line.o)
 .debug_aranges
                0x0000000000000340       0x20 contiki-native.a(timer.o)
 .debug_aranges
                0x0000000000000360       0x20 contiki-native.a(list.o)
 .debug_aranges
                0x0000000000000380       0x20 contiki-native.a(ctimer.o)
 .debug_aranges
                0x00000000000003a0       0x20 contiki-native.a(random.o)
 .debug_aranges
                0x00000000000003c0       0x20 contiki-native.a(ringbuf.o)
 .debug_aranges
                0x00000000000003e0       0x20 contiki-native.a(netstack.o)
 .debug_aranges
                0x0000000000000400       0x20 contiki-native.a(packetbuf.o)
 .debug_aranges
                0x0000000000000420       0x20 contiki-native.a(queuebuf.o)
 .debug_aranges
                0x0000000000000440       0x20 contiki-native.a(tcpip.o)
 .debug_aranges
                0x0000000000000460       0x20 contiki-native.a(uip.o)
 .debug_aranges
                0x0000000000000480       0x20 contiki-native.a(nullradio.o)
 .debug_aranges
                0x00000000000004a0       0x20 contiki-native.a(memb.o)

.debug_pubnames
 *(.debug_pubnames)

.debug_info     0x0000000000000000     0xa60b
 *(.debug_info .gnu.linkonce.wi.*)
 .debug_info    0x0000000000000000      0x6bd t2_etimer.co
 .debug_info    0x00000000000006bd      0x7ab contiki-native.a(process.o)
 .debug_info    0x0000000000000e68      0x4b9 contiki-native.a(etimer.o)
 .debug_info    0x0000000000001321      0xcf2 contiki-native.a(contiki-main.o)
 .debug_info    0x0000000000002013      0x134 contiki-native.a(clock.o)
 .debug_info    0x0000000000002147      0x1d2 contiki-native.a(leds.o)
 .debug_info    0x0000000000002319       0xd5 contiki-native.a(leds-arch.o)
 .debug_info    0x00000000000023ee      0x1a7 contiki-native.a(button-sensor.o)
 .debug_info    0x0000000000002595      0x1c9 contiki-native.a(pir-sensor.o)
 .debug_info    0x000000000000275e      0x1b6 contiki-native.a(vib-sensor.o)
 .debug_info    0x0000000000002914      0x3a9 contiki-native.a(sensors.o)
 .debug_info    0x0000000000002cbd      0x1b4 contiki-native.a(rimeaddr.o)
 .debug_info    0x0000000000002e71      0x423 contiki-native.a(rime.o)
 .debug_info    0x0000000000003294      0x3e5 contiki-native.a(announcement.o)
 .debug_info    0x0000000000003679      0x814 contiki-native.a(broadcast-annou)
 .debug_info    0x0000000000003e8d      0x47f contiki-native.a(broadcast.o)
 .debug_info    0x000000000000430c      0x38e contiki-native.a(abc.o)
 .debug_info    0x000000000000469a      0x568 contiki-native.a(chameleon.o)
 .debug_info    0x0000000000004c02      0x231 contiki-native.a(channel.o)
 .debug_info    0x0000000000004e33      0x681 contiki-native.a(chameleon-bitop)
 .debug_info    0x00000000000054b4      0x365 contiki-native.a(nullmac.o)
 .debug_info    0x0000000000005819      0x6c5 contiki-native.a(nullrdc.o)
 .debug_info    0x0000000000005ede      0x117 contiki-native.a(mac.o)
 .debug_info    0x0000000000005ff5      0x239 contiki-native.a(framer-nullmac.)
 .debug_info    0x000000000000622e      0x1be contiki-native.a(autostart.o)
 .debug_info    0x00000000000063ec      0x2ff contiki-native.a(serial-line.o)
 .debug_info    0x00000000000066eb      0x18b contiki-native.a(timer.o)
 .debug_info    0x0000000000006876      0x31c contiki-native.a(list.o)
 .debug_info    0x0000000000006b92      0x467 contiki-native.a(ctimer.o)
 .debug_info    0x0000000000006ff9       0xb4 contiki-native.a(random.o)
 .debug_info    0x00000000000070ad      0x1cb contiki-native.a(ringbuf.o)
 .debug_info    0x0000000000007278      0x3bd contiki-native.a(netstack.o)
 .debug_info    0x0000000000007635      0x705 contiki-native.a(packetbuf.o)
 .debug_info    0x0000000000007d3a      0x6bf contiki-native.a(queuebuf.o)
 .debug_info    0x00000000000083f9      0xee0 contiki-native.a(tcpip.o)
 .debug_info    0x00000000000092d9      0xe86 contiki-native.a(uip.o)
 .debug_info    0x000000000000a15f      0x2c1 contiki-native.a(nullradio.o)
 .debug_info    0x000000000000a420      0x1eb contiki-native.a(memb.o)

.debug_abbrev   0x0000000000000000     0x3938
 *(.debug_abbrev)
 .debug_abbrev  0x0000000000000000      0x1b2 t2_etimer.co
 .debug_abbrev  0x00000000000001b2      0x2c0 contiki-native.a(process.o)
 .debug_abbrev  0x0000000000000472      0x1ee contiki-native.a(etimer.o)
 .debug_abbrev  0x0000000000000660      0x32e contiki-native.a(contiki-main.o)
 .debug_abbrev  0x000000000000098e       0xa1 contiki-native.a(clock.o)
 .debug_abbrev  0x0000000000000a2f       0xcd contiki-native.a(leds.o)
 .debug_abbrev  0x0000000000000afc       0x8b contiki-native.a(leds-arch.o)
 .debug_abbrev  0x0000000000000b87       0xb6 contiki-native.a(button-sensor.o)
 .debug_abbrev  0x0000000000000c3d       0xd6 contiki-native.a(pir-sensor.o)
 .debug_abbrev  0x0000000000000d13       0xd4 contiki-native.a(vib-sensor.o)
 .debug_abbrev  0x0000000000000de7      0x208 contiki-native.a(sensors.o)
 .debug_abbrev  0x0000000000000fef      0x119 contiki-native.a(rimeaddr.o)
 .debug_abbrev  0x0000000000001108      0x1ae contiki-native.a(rime.o)
 .debug_abbrev  0x00000000000012b6      0x172 contiki-native.a(announcement.o)
 .debug_abbrev  0x0000000000001428      0x21e contiki-native.a(broadcast-annou)
 .debug_abbrev  0x0000000000001646      0x185 contiki-native.a(broadcast.o)
 .debug_abbrev  0x00000000000017cb      0x145 contiki-native.a(abc.o)
 .debug_abbrev  0x0000000000001910      0x153 contiki-native.a(chameleon.o)
 .debug_abbrev  0x0000000000001a63      0x11a contiki-native.a(channel.o)
 .debug_abbrev  0x0000000000001b7d      0x279 contiki-native.a(chameleon-bitop)
 .debug_abbrev  0x0000000000001df6      0x16b contiki-native.a(nullmac.o)
 .debug_abbrev  0x0000000000001f61      0x233 contiki-native.a(nullrdc.o)
 .debug_abbrev  0x0000000000002194       0xa0 contiki-native.a(mac.o)
 .debug_abbrev  0x0000000000002234       0xf8 contiki-native.a(framer-nullmac.)
 .debug_abbrev  0x000000000000232c       0xf5 contiki-native.a(autostart.o)
 .debug_abbrev  0x0000000000002421      0x1a5 contiki-native.a(serial-line.o)
 .debug_abbrev  0x00000000000025c6       0xe9 contiki-native.a(timer.o)
 .debug_abbrev  0x00000000000026af      0x142 contiki-native.a(list.o)
 .debug_abbrev  0x00000000000027f1      0x1a4 contiki-native.a(ctimer.o)
 .debug_abbrev  0x0000000000002995       0x67 contiki-native.a(random.o)
 .debug_abbrev  0x00000000000029fc       0xeb contiki-native.a(ringbuf.o)
 .debug_abbrev  0x0000000000002ae7       0xda contiki-native.a(netstack.o)
 .debug_abbrev  0x0000000000002bc1      0x295 contiki-native.a(packetbuf.o)
 .debug_abbrev  0x0000000000002e56      0x206 contiki-native.a(queuebuf.o)
 .debug_abbrev  0x000000000000305c      0x3c9 contiki-native.a(tcpip.o)
 .debug_abbrev  0x0000000000003425      0x2dc contiki-native.a(uip.o)
 .debug_abbrev  0x0000000000003701      0x12b contiki-native.a(nullradio.o)
 .debug_abbrev  0x000000000000382c      0x10c contiki-native.a(memb.o)

.debug_line     0x0000000000000000     0x3117
 *(.debug_line)
 .debug_line    0x0000000000000000      0x1ea t2_etimer.co
 .debug_line    0x00000000000001ea      0x1ce contiki-native.a(process.o)
 .debug_line    0x00000000000003b8      0x169 contiki-native.a(etimer.o)
 .debug_line    0x0000000000000521      0x3a0 contiki-native.a(contiki-main.o)
 .debug_line    0x00000000000008c1       0xa8 contiki-native.a(clock.o)
 .debug_line    0x0000000000000969       0x78 contiki-native.a(leds.o)
 .debug_line    0x00000000000009e1       0x62 contiki-native.a(leds-arch.o)
 .debug_line    0x0000000000000a43       0x8d contiki-native.a(button-sensor.o)
 .debug_line    0x0000000000000ad0       0x8b contiki-native.a(pir-sensor.o)
 .debug_line    0x0000000000000b5b       0x8b contiki-native.a(vib-sensor.o)
 .debug_line    0x0000000000000be6      0x139 contiki-native.a(sensors.o)
 .debug_line    0x0000000000000d1f       0xf3 contiki-native.a(rimeaddr.o)
 .debug_line    0x0000000000000e12      0x14e contiki-native.a(rime.o)
 .debug_line    0x0000000000000f60      0x109 contiki-native.a(announcement.o)
 .debug_line    0x0000000000001069      0x275 contiki-native.a(broadcast-annou)
 .debug_line    0x00000000000012de      0x100 contiki-native.a(broadcast.o)
 .debug_line    0x00000000000013de       0xd5 contiki-native.a(abc.o)
 .debug_line    0x00000000000014b3      0x156 contiki-native.a(chameleon.o)
 .debug_line    0x0000000000001609       0xf5 contiki-native.a(channel.o)
 .debug_line    0x00000000000016fe      0x252 contiki-native.a(chameleon-bitop)
 .debug_line    0x0000000000001950       0xb4 contiki-native.a(nullmac.o)
 .debug_line    0x0000000000001a04      0x184 contiki-native.a(nullrdc.o)
 .debug_line    0x0000000000001b88       0x78 contiki-native.a(mac.o)
 .debug_line    0x0000000000001c00       0xed contiki-native.a(framer-nullmac.)
 .debug_line    0x0000000000001ced       0xa5 contiki-native.a(autostart.o)
 .debug_line    0x0000000000001d92      0x107 contiki-native.a(serial-line.o)
 .debug_line    0x0000000000001e99       0xb7 contiki-native.a(timer.o)
 .debug_line    0x0000000000001f50       0xf3 contiki-native.a(list.o)
 .debug_line    0x0000000000002043      0x15b contiki-native.a(ctimer.o)
 .debug_line    0x000000000000219e       0x52 contiki-native.a(random.o)
 .debug_line    0x00000000000021f0       0xac contiki-native.a(ringbuf.o)
 .debug_line    0x000000000000229c       0xc8 contiki-native.a(netstack.o)
 .debug_line    0x0000000000002364      0x23b contiki-native.a(packetbuf.o)
 .debug_line    0x000000000000259f      0x1a6 contiki-native.a(queuebuf.o)
 .debug_line    0x0000000000002745      0x29d contiki-native.a(tcpip.o)
 .debug_line    0x00000000000029e2      0x584 contiki-native.a(uip.o)
 .debug_line    0x0000000000002f66       0x84 contiki-native.a(nullradio.o)
 .debug_line    0x0000000000002fea      0x12d contiki-native.a(memb.o)

.debug_frame
 *(.debug_frame)

.debug_str      0x0000000000000000     0x24cd
 *(.debug_str)
 .debug_str     0x0000000000000000      0x35d t2_etimer.co
                                        0x42f (size before relaxing)
 .debug_str     0x000000000000035d      0x16c contiki-native.a(process.o)
                                        0x425 (size before relaxing)
 .debug_str     0x00000000000004c9      0x139 contiki-native.a(etimer.o)
                                        0x2b6 (size before relaxing)
 .debug_str     0x0000000000000602      0x24e contiki-native.a(contiki-main.o)
                                        0x5d3 (size before relaxing)
 .debug_str     0x0000000000000850       0x4b contiki-native.a(clock.o)
                                        0x150 (size before relaxing)
 .debug_str     0x000000000000089b       0x72 contiki-native.a(leds.o)
                                        0x150 (size before relaxing)
 .debug_str     0x000000000000090d       0x57 contiki-native.a(leds-arch.o)
                                        0x126 (size before relaxing)
 .debug_str     0x0000000000000964       0x3d contiki-native.a(button-sensor.o)
                                        0x140 (size before relaxing)
 .debug_str     0x00000000000009a1       0x53 contiki-native.a(pir-sensor.o)
                                        0x153 (size before relaxing)
 .debug_str     0x00000000000009f4       0x40 contiki-native.a(vib-sensor.o)
                                        0x140 (size before relaxing)
 .debug_str     0x0000000000000a34       0x9a contiki-native.a(sensors.o)
                                        0x23c (size before relaxing)
 .debug_str     0x0000000000000ace       0x91 contiki-native.a(rimeaddr.o)
                                        0x17f (size before relaxing)
 .debug_str     0x0000000000000b5f      0x11c contiki-native.a(rime.o)
                                        0x295 (size before relaxing)
 .debug_str     0x0000000000000c7b      0x1a5 contiki-native.a(announcement.o)
                                        0x2f1 (size before relaxing)
 .debug_str     0x0000000000000e20      0x1d3 contiki-native.a(broadcast-annou)
                                        0x411 (size before relaxing)
 .debug_str     0x0000000000000ff3      0x34b contiki-native.a(broadcast.o)
                                        0x4e1 (size before relaxing)
 .debug_str     0x000000000000133e       0x4f contiki-native.a(abc.o)
                                        0x47a (size before relaxing)
 .debug_str     0x000000000000138d       0x8a contiki-native.a(chameleon.o)
                                        0x60c (size before relaxing)
 .debug_str     0x0000000000001417       0x91 contiki-native.a(channel.o)
                                        0x1b3 (size before relaxing)
 .debug_str     0x00000000000014a8       0xdb contiki-native.a(chameleon-bitop)
                                        0x543 (size before relaxing)
 .debug_str     0x0000000000001583       0x4a contiki-native.a(nullmac.o)
                                        0x1c8 (size before relaxing)
 .debug_str     0x00000000000015cd      0x10d contiki-native.a(nullrdc.o)
                                        0x613 (size before relaxing)
 .debug_str     0x00000000000016da       0x36 contiki-native.a(mac.o)
                                        0x176 (size before relaxing)
 .debug_str     0x0000000000001710       0x36 contiki-native.a(framer-nullmac.)
                                        0x41d (size before relaxing)
 .debug_str     0x0000000000001746       0x40 contiki-native.a(autostart.o)
                                        0x161 (size before relaxing)
 .debug_str     0x0000000000001786       0xba contiki-native.a(serial-line.o)
                                        0x220 (size before relaxing)
 .debug_str     0x0000000000001840       0x2d contiki-native.a(timer.o)
                                        0x150 (size before relaxing)
 .debug_str     0x000000000000186d       0xae contiki-native.a(list.o)
                                        0x10a (size before relaxing)
 .debug_str     0x000000000000191b       0xbf contiki-native.a(ctimer.o)
                                        0x24a (size before relaxing)
 .debug_str     0x00000000000019da       0x3b contiki-native.a(random.o)
                                        0x105 (size before relaxing)
 .debug_str     0x0000000000001a15       0x62 contiki-native.a(ringbuf.o)
                                        0x163 (size before relaxing)
 .debug_str     0x0000000000001a77       0x2e contiki-native.a(netstack.o)
                                        0x209 (size before relaxing)
 .debug_str     0x0000000000001aa5      0x249 contiki-native.a(packetbuf.o)
                                        0x673 (size before relaxing)
 .debug_str     0x0000000000001cee      0x190 contiki-native.a(queuebuf.o)
                                        0x5f6 (size before relaxing)
 .debug_str     0x0000000000001e7e      0x2d2 contiki-native.a(tcpip.o)
                                        0x64e (size before relaxing)
 .debug_str     0x0000000000002150      0x2ef contiki-native.a(uip.o)
                                        0x610 (size before relaxing)
 .debug_str     0x000000000000243f       0x42 contiki-native.a(nullradio.o)
                                        0x145 (size before relaxing)
 .debug_str     0x0000000000002481       0x4c contiki-native.a(memb.o)
                                        0x146 (size before relaxing)

.debug_loc      0x0000000000000000     0x4017
 *(.debug_loc)
 .debug_loc     0x0000000000000000      0x18c t2_etimer.co
 .debug_loc     0x000000000000018c      0x3e9 contiki-native.a(process.o)
 .debug_loc     0x0000000000000575      0x3e4 contiki-native.a(etimer.o)
 .debug_loc     0x0000000000000959      0x224 contiki-native.a(contiki-main.o)
 .debug_loc     0x0000000000000b7d       0x70 contiki-native.a(clock.o)
 .debug_loc     0x0000000000000bed      0x1ed contiki-native.a(leds.o)
 .debug_loc     0x0000000000000dda       0x2c contiki-native.a(button-sensor.o)
 .debug_loc     0x0000000000000e06       0x2c contiki-native.a(pir-sensor.o)
 .debug_loc     0x0000000000000e32       0x2c contiki-native.a(vib-sensor.o)
 .debug_loc     0x0000000000000e5e      0x1da contiki-native.a(sensors.o)
 .debug_loc     0x0000000000001038       0x58 contiki-native.a(rimeaddr.o)
 .debug_loc     0x0000000000001090      0x206 contiki-native.a(rime.o)
 .debug_loc     0x0000000000001296      0x237 contiki-native.a(announcement.o)
 .debug_loc     0x00000000000014cd      0x291 contiki-native.a(broadcast-annou)
 .debug_loc     0x000000000000175e       0xf4 contiki-native.a(broadcast.o)
 .debug_loc     0x0000000000001852       0xdc contiki-native.a(abc.o)
 .debug_loc     0x000000000000192e      0x11b contiki-native.a(chameleon.o)
 .debug_loc     0x0000000000001a49      0x130 contiki-native.a(channel.o)
 .debug_loc     0x0000000000001b79      0x552 contiki-native.a(chameleon-bitop)
 .debug_loc     0x00000000000020cb       0xb0 contiki-native.a(nullmac.o)
 .debug_loc     0x000000000000217b      0x27f contiki-native.a(nullrdc.o)
 .debug_loc     0x00000000000023fa       0x2c contiki-native.a(mac.o)
 .debug_loc     0x0000000000002426       0xc4 contiki-native.a(framer-nullmac.)
 .debug_loc     0x00000000000024ea       0xb0 contiki-native.a(autostart.o)
 .debug_loc     0x000000000000259a      0x10a contiki-native.a(serial-line.o)
 .debug_loc     0x00000000000026a4      0x114 contiki-native.a(timer.o)
 .debug_loc     0x00000000000027b8      0x1a5 contiki-native.a(list.o)
 .debug_loc     0x000000000000295d      0x282 contiki-native.a(ctimer.o)
 .debug_loc     0x0000000000002bdf       0x58 contiki-native.a(random.o)
 .debug_loc     0x0000000000002c37       0x6b contiki-native.a(ringbuf.o)
 .debug_loc     0x0000000000002ca2       0x2c contiki-native.a(netstack.o)
 .debug_loc     0x0000000000002cce      0x328 contiki-native.a(packetbuf.o)
 .debug_loc     0x0000000000002ff6      0x330 contiki-native.a(queuebuf.o)
 .debug_loc     0x0000000000003326      0x520 contiki-native.a(tcpip.o)
 .debug_loc     0x0000000000003846      0x5ad contiki-native.a(uip.o)
 .debug_loc     0x0000000000003df3       0x2c contiki-native.a(nullradio.o)
 .debug_loc     0x0000000000003e1f      0x1f8 contiki-native.a(memb.o)

.debug_macinfo
 *(.debug_macinfo)

.debug_weaknames
 *(.debug_weaknames)

.debug_funcnames
 *(.debug_funcnames)

.debug_typenames
 *(.debug_typenames)

.debug_varnames
 *(.debug_varnames)

.debug_pubtypes
 *(.debug_pubtypes)

.debug_ranges   0x0000000000000000       0x48
 *(.debug_ranges)
 .debug_ranges  0x0000000000000000       0x18 contiki-native.a(contiki-main.o)
 .debug_ranges  0x0000000000000018       0x18 contiki-native.a(chameleon-bitop)
 .debug_ranges  0x0000000000000030       0x18 contiki-native.a(packetbuf.o)

.gnu.attributes
 *(.gnu.attributes)

/DISCARD/
 *(.note.GNU-stack)
 *(.gnu_debuglink)
 *(.gnu.lto_*)
OUTPUT(t2_etimer.native elf32-i386)
