Archive member included because of file (symbol)

contiki-native.a(process.o)   t2_ctimer.co (process_post)
contiki-native.a(ctimer.o)    t2_ctimer.co (ctimer_set)
contiki-native.a(contiki-main.o)
                              /usr/lib/gcc/i686-linux-gnu/4.6/../../../i386-linux-gnu/crt1.o (main)
contiki-native.a(leds.o)      t2_ctimer.co (leds_on)
contiki-native.a(leds-arch.o)
                              contiki-native.a(leds.o) (leds_arch_init)
contiki-native.a(button-sensor.o)
                              t2_ctimer.co (button_sensor)
contiki-native.a(pir-sensor.o)
                              contiki-native.a(contiki-main.o) (pir_sensor)
contiki-native.a(vib-sensor.o)
                              contiki-native.a(contiki-main.o) (vib_sensor)
contiki-native.a(sensors.o)   t2_ctimer.co (sensors_event)
contiki-native.a(rimeaddr.o)  contiki-native.a(contiki-main.o) (rimeaddr_set_node_addr)
contiki-native.a(rime.o)      contiki-native.a(contiki-main.o) (rime_driver)
contiki-native.a(announcement.o)
                              contiki-native.a(rime.o) (announcement_init)
contiki-native.a(broadcast-annou)
                              contiki-native.a(rime.o) (broadcast_announcement_init)
contiki-native.a(broadcast.o)
                              contiki-native.a(broadcast-annou) (broadcast_open)
contiki-native.a(abc.o)       contiki-native.a(broadcast.o) (abc_open)
contiki-native.a(chameleon.o)
                              contiki-native.a(rime.o) (chameleon_init)
contiki-native.a(channel.o)   contiki-native.a(chameleon.o) (channel_init)
contiki-native.a(chameleon-bitop)
                              contiki-native.a(chameleon.o) (chameleon_bitopt)
contiki-native.a(nullmac.o)   contiki-native.a(contiki-main.o) (nullmac_driver)
contiki-native.a(nullrdc.o)   contiki-native.a(contiki-main.o) (nullrdc_driver)
contiki-native.a(mac.o)       contiki-native.a(nullrdc.o) (mac_call_sent_callback)
contiki-native.a(framer-nullmac.)
                              contiki-native.a(nullrdc.o) (framer_nullmac)
contiki-native.a(autostart.o)
                              contiki-native.a(contiki-main.o) (autostart_start)
contiki-native.a(serial-line.o)
                              contiki-native.a(contiki-main.o) (serial_line_input_byte)
contiki-native.a(list.o)      contiki-native.a(ctimer.o) (list_init)
contiki-native.a(etimer.o)    contiki-native.a(contiki-main.o) (etimer_request_poll)
contiki-native.a(random.o)    contiki-native.a(broadcast-annou) (random_rand)
contiki-native.a(ringbuf.o)   contiki-native.a(serial-line.o) (ringbuf_init)
contiki-native.a(netstack.o)  contiki-native.a(contiki-main.o) (netstack_init)
contiki-native.a(packetbuf.o)
                              contiki-native.a(chameleon-bitop) (packetbuf_hdrreduce)
contiki-native.a(queuebuf.o)  contiki-native.a(contiki-main.o) (queuebuf_init)
contiki-native.a(tcpip.o)     contiki-native.a(contiki-main.o) (tcpip_process)
contiki-native.a(uip.o)       contiki-native.a(tcpip.o) (uip_conn)
contiki-native.a(nullradio.o)
                              contiki-native.a(nullrdc.o) (nullradio_driver)
contiki-native.a(clock.o)     contiki-native.a(etimer.o) (clock_time)
contiki-native.a(memb.o)      contiki-native.a(queuebuf.o) (memb_init)
contiki-native.a(timer.o)     contiki-native.a(etimer.o) (timer_set)
/usr/lib/i386-linux-gnu/libc_nonshared.a(elf-init.oS)
                              /usr/lib/gcc/i686-linux-gnu/4.6/../../../i386-linux-gnu/crt1.o (__libc_csu_init)

Allocating common symbols
Common symbol       size              file

uip_draddr          0x4               contiki-native.a(uip.o)
uip_slen            0x2               contiki-native.a(uip.o)
timer               0x20              t2_ctimer.co
uip_acc32           0x4               contiki-native.a(uip.o)
uip_conns           0x5a0             contiki-native.a(uip.o)
uip_netmask         0x4               contiki-native.a(uip.o)
uip_hostaddr        0x4               contiki-native.a(uip.o)
serial_line_event_message
                    0x1               contiki-native.a(serial-line.o)
uip_appdata         0x4               contiki-native.a(uip.o)
uip_flags           0x1               contiki-native.a(uip.o)
packetbuf_attrs     0x30              contiki-native.a(packetbuf.o)
uip_aligned_buf     0x1a4             contiki-native.a(uip.o)
contiki_argv        0x4               contiki-native.a(contiki-main.o)
uip_listenports     0x50              contiki-native.a(uip.o)
uip_len             0x2               contiki-native.a(uip.o)
tcpip_event         0x1               contiki-native.a(tcpip.o)
uip_sappdata        0x4               contiki-native.a(uip.o)
sensors_event       0x1               contiki-native.a(sensors.o)
uip_udp_conns       0xc8              contiki-native.a(uip.o)
rimeaddr_node_addr  0x2               contiki-native.a(rimeaddr.o)
packetbuf_addrs     0x8               contiki-native.a(packetbuf.o)
uip_udp_conn        0x4               contiki-native.a(uip.o)
sensors_flags       0x4               contiki-native.a(contiki-main.o)
uip_conn            0x4               contiki-native.a(uip.o)

Discarded input sections

 .note.GNU-stack
                0x0000000000000000        0x0 /usr/lib/gcc/i686-linux-gnu/4.6/../../../i386-linux-gnu/crt1.o
 .gnu_debuglink
                0x0000000000000000        0xc /usr/lib/gcc/i686-linux-gnu/4.6/../../../i386-linux-gnu/crt1.o
 .note.GNU-stack
                0x0000000000000000        0x0 /usr/lib/gcc/i686-linux-gnu/4.6/../../../i386-linux-gnu/crti.o
 .gnu_debuglink
                0x0000000000000000        0xc /usr/lib/gcc/i686-linux-gnu/4.6/../../../i386-linux-gnu/crti.o
 .note.GNU-stack
                0x0000000000000000        0x0 /usr/lib/gcc/i686-linux-gnu/4.6/crtbegin.o
 .note.GNU-stack
                0x0000000000000000        0x0 t2_ctimer.co
 .note.GNU-stack
                0x0000000000000000        0x0 contiki-native.a(process.o)
 .note.GNU-stack
                0x0000000000000000        0x0 contiki-native.a(ctimer.o)
 .note.GNU-stack
                0x0000000000000000        0x0 contiki-native.a(contiki-main.o)
 .note.GNU-stack
                0x0000000000000000        0x0 contiki-native.a(leds.o)
 .note.GNU-stack
                0x0000000000000000        0x0 contiki-native.a(leds-arch.o)
 .note.GNU-stack
                0x0000000000000000        0x0 contiki-native.a(button-sensor.o)
 .note.GNU-stack
                0x0000000000000000        0x0 contiki-native.a(pir-sensor.o)
 .note.GNU-stack
                0x0000000000000000        0x0 contiki-native.a(vib-sensor.o)
 .note.GNU-stack
                0x0000000000000000        0x0 contiki-native.a(sensors.o)
 .note.GNU-stack
                0x0000000000000000        0x0 contiki-native.a(rimeaddr.o)
 .note.GNU-stack
                0x0000000000000000        0x0 contiki-native.a(rime.o)
 .note.GNU-stack
                0x0000000000000000        0x0 contiki-native.a(announcement.o)
 .note.GNU-stack
                0x0000000000000000        0x0 contiki-native.a(broadcast-annou)
 .note.GNU-stack
                0x0000000000000000        0x0 contiki-native.a(broadcast.o)
 .note.GNU-stack
                0x0000000000000000        0x0 contiki-native.a(abc.o)
 .note.GNU-stack
                0x0000000000000000        0x0 contiki-native.a(chameleon.o)
 .note.GNU-stack
                0x0000000000000000        0x0 contiki-native.a(channel.o)
 .note.GNU-stack
                0x0000000000000000        0x0 contiki-native.a(chameleon-bitop)
 .note.GNU-stack
                0x0000000000000000        0x0 contiki-native.a(nullmac.o)
 .note.GNU-stack
                0x0000000000000000        0x0 contiki-native.a(nullrdc.o)
 .note.GNU-stack
                0x0000000000000000        0x0 contiki-native.a(mac.o)
 .note.GNU-stack
                0x0000000000000000        0x0 contiki-native.a(framer-nullmac.)
 .note.GNU-stack
                0x0000000000000000        0x0 contiki-native.a(autostart.o)
 .note.GNU-stack
                0x0000000000000000        0x0 contiki-native.a(serial-line.o)
 .note.GNU-stack
                0x0000000000000000        0x0 contiki-native.a(list.o)
 .note.GNU-stack
                0x0000000000000000        0x0 contiki-native.a(etimer.o)
 .note.GNU-stack
                0x0000000000000000        0x0 contiki-native.a(random.o)
 .note.GNU-stack
                0x0000000000000000        0x0 contiki-native.a(ringbuf.o)
 .note.GNU-stack
                0x0000000000000000        0x0 contiki-native.a(netstack.o)
 .note.GNU-stack
                0x0000000000000000        0x0 contiki-native.a(packetbuf.o)
 .note.GNU-stack
                0x0000000000000000        0x0 contiki-native.a(queuebuf.o)
 .note.GNU-stack
                0x0000000000000000        0x0 contiki-native.a(tcpip.o)
 .note.GNU-stack
                0x0000000000000000        0x0 contiki-native.a(uip.o)
 .note.GNU-stack
                0x0000000000000000        0x0 contiki-native.a(nullradio.o)
 .note.GNU-stack
                0x0000000000000000        0x0 contiki-native.a(clock.o)
 .note.GNU-stack
                0x0000000000000000        0x0 contiki-native.a(memb.o)
 .note.GNU-stack
                0x0000000000000000        0x0 contiki-native.a(timer.o)
 .group         0x0000000000000000        0x8 /usr/lib/i386-linux-gnu/libc_nonshared.a(elf-init.oS)
 .note.GNU-stack
                0x0000000000000000        0x0 /usr/lib/i386-linux-gnu/libc_nonshared.a(elf-init.oS)
 .note.GNU-stack
                0x0000000000000000        0x0 /usr/lib/gcc/i686-linux-gnu/4.6/crtend.o
 .note.GNU-stack
                0x0000000000000000        0x0 /usr/lib/gcc/i686-linux-gnu/4.6/../../../i386-linux-gnu/crtn.o
 .gnu_debuglink
                0x0000000000000000        0xc /usr/lib/gcc/i686-linux-gnu/4.6/../../../i386-linux-gnu/crtn.o

Memory Configuration

Name             Origin             Length             Attributes
*default*        0x0000000000000000 0xffffffffffffffff

Linker script and memory map

LOAD /usr/lib/gcc/i686-linux-gnu/4.6/../../../i386-linux-gnu/crt1.o
LOAD /usr/lib/gcc/i686-linux-gnu/4.6/../../../i386-linux-gnu/crti.o
LOAD /usr/lib/gcc/i686-linux-gnu/4.6/crtbegin.o
LOAD t2_ctimer.co
LOAD contiki-native.a
LOAD /usr/lib/gcc/i686-linux-gnu/4.6/../../../i386-linux-gnu/libncurses.so
LOAD /lib/i386-linux-gnu/libncurses.so.5
LOAD /usr/lib/gcc/i686-linux-gnu/4.6/../../../i386-linux-gnu/libtinfo.so
LOAD /usr/lib/gcc/i686-linux-gnu/4.6/libgcc.a
LOAD /usr/lib/gcc/i686-linux-gnu/4.6/libgcc_s.so
LOAD /usr/lib/gcc/i686-linux-gnu/4.6/../../../i386-linux-gnu/libc.so
START GROUP
LOAD /lib/i386-linux-gnu/libc.so.6
LOAD /usr/lib/i386-linux-gnu/libc_nonshared.a
LOAD /lib/i386-linux-gnu/ld-linux.so.2
END GROUP
LOAD /usr/lib/gcc/i686-linux-gnu/4.6/libgcc.a
LOAD /usr/lib/gcc/i686-linux-gnu/4.6/libgcc_s.so
LOAD /usr/lib/gcc/i686-linux-gnu/4.6/crtend.o
LOAD /usr/lib/gcc/i686-linux-gnu/4.6/../../../i386-linux-gnu/crtn.o
                0x0000000008048000                PROVIDE (__executable_start, 0x8048000)
                0x0000000008048154                . = (0x8048000 + SIZEOF_HEADERS)

.interp         0x0000000008048154       0x13
 *(.interp)
 .interp        0x0000000008048154       0x13 /usr/lib/gcc/i686-linux-gnu/4.6/../../../i386-linux-gnu/crt1.o

.note.ABI-tag   0x0000000008048168       0x20
 .note.ABI-tag  0x0000000008048168       0x20 /usr/lib/gcc/i686-linux-gnu/4.6/../../../i386-linux-gnu/crt1.o

.note.gnu.build-id
                0x0000000008048188       0x24
 *(.note.gnu.build-id)
 .note.gnu.build-id
                0x0000000008048188       0x24 /usr/lib/gcc/i686-linux-gnu/4.6/../../../i386-linux-gnu/crt1.o

.hash
 *(.hash)

.gnu.hash       0x00000000080481ac      0x818
 *(.gnu.hash)
 .gnu.hash      0x00000000080481ac      0x818 /usr/lib/gcc/i686-linux-gnu/4.6/../../../i386-linux-gnu/crt1.o

.dynsym         0x00000000080489c4     0x1110
 *(.dynsym)
 .dynsym        0x00000000080489c4     0x1110 /usr/lib/gcc/i686-linux-gnu/4.6/../../../i386-linux-gnu/crt1.o

.dynstr         0x0000000008049ad4      0xf29
 *(.dynstr)
 .dynstr        0x0000000008049ad4      0xf29 /usr/lib/gcc/i686-linux-gnu/4.6/../../../i386-linux-gnu/crt1.o

.gnu.version    0x000000000804a9fe      0x222
 *(.gnu.version)
 .gnu.version   0x000000000804a9fe      0x222 /usr/lib/gcc/i686-linux-gnu/4.6/../../../i386-linux-gnu/crt1.o

.gnu.version_d  0x000000000804ac20        0x0
 *(.gnu.version_d)
 .gnu.version_d
                0x0000000000000000        0x0 /usr/lib/gcc/i686-linux-gnu/4.6/../../../i386-linux-gnu/crt1.o

.gnu.version_r  0x000000000804ac20       0x40
 *(.gnu.version_r)
 .gnu.version_r
                0x000000000804ac20       0x40 /usr/lib/gcc/i686-linux-gnu/4.6/../../../i386-linux-gnu/crt1.o

.rel.dyn        0x000000000804ac60       0x18
 *(.rel.init)
 *(.rel.text .rel.text.* .rel.gnu.linkonce.t.*)
 .rel.text      0x0000000000000000        0x0 /usr/lib/gcc/i686-linux-gnu/4.6/../../../i386-linux-gnu/crt1.o
 *(.rel.fini)
 *(.rel.rodata .rel.rodata.* .rel.gnu.linkonce.r.*)
 *(.rel.data.rel.ro* .rel.gnu.linkonce.d.rel.ro.*)
 *(.rel.data .rel.data.* .rel.gnu.linkonce.d.*)
 .rel.data      0x0000000000000000        0x0 /usr/lib/gcc/i686-linux-gnu/4.6/../../../i386-linux-gnu/crt1.o
 *(.rel.tdata .rel.tdata.* .rel.gnu.linkonce.td.*)
 *(.rel.tbss .rel.tbss.* .rel.gnu.linkonce.tb.*)
 *(.rel.ctors)
 *(.rel.dtors)
 *(.rel.got)
 .rel.got       0x000000000804ac60        0x8 /usr/lib/gcc/i686-linux-gnu/4.6/../../../i386-linux-gnu/crt1.o
 *(.rel.bss .rel.bss.* .rel.gnu.linkonce.b.*)
 .rel.bss       0x000000000804ac68       0x10 /usr/lib/gcc/i686-linux-gnu/4.6/../../../i386-linux-gnu/crt1.o
 *(.rel.ifunc)

.rel.plt        0x000000000804ac78       0x90
 *(.rel.plt)
 .rel.plt       0x000000000804ac78       0x90 /usr/lib/gcc/i686-linux-gnu/4.6/../../../i386-linux-gnu/crt1.o
                0x000000000804ad08                PROVIDE (__rel_iplt_start, .)
 *(.rel.iplt)
 .rel.iplt      0x0000000000000000        0x0 /usr/lib/gcc/i686-linux-gnu/4.6/../../../i386-linux-gnu/crt1.o
                0x000000000804ad08                PROVIDE (__rel_iplt_end, .)

.init           0x000000000804ad08       0x2e
 *(.init)
 .init          0x000000000804ad08       0x1f /usr/lib/gcc/i686-linux-gnu/4.6/../../../i386-linux-gnu/crti.o
                0x000000000804ad08                _init
 .init          0x000000000804ad27        0x5 /usr/lib/gcc/i686-linux-gnu/4.6/crtbegin.o
 .init          0x000000000804ad2c        0x5 /usr/lib/gcc/i686-linux-gnu/4.6/crtend.o
 .init          0x000000000804ad31        0x5 /usr/lib/gcc/i686-linux-gnu/4.6/../../../i386-linux-gnu/crtn.o

.plt            0x000000000804ad40      0x130
 *(.plt)
 .plt           0x000000000804ad40      0x130 /usr/lib/gcc/i686-linux-gnu/4.6/../../../i386-linux-gnu/crt1.o
                0x000000000804ad50                read@@GLIBC_2.0
                0x000000000804ad60                memcpy@@GLIBC_2.0
                0x000000000804ad70                memcmp@@GLIBC_2.0
                0x000000000804ad80                gettimeofday@@GLIBC_2.0
                0x000000000804ad90                select@@GLIBC_2.0
                0x000000000804ada0                __stack_chk_fail@@GLIBC_2.4
                0x000000000804adb0                perror@@GLIBC_2.0
                0x000000000804adc0                puts@@GLIBC_2.0
                0x000000000804add0                __memcpy_chk@@GLIBC_2.3.4
                0x000000000804adf0                srand@@GLIBC_2.0
                0x000000000804ae00                __libc_start_main@@GLIBC_2.0
                0x000000000804ae10                setvbuf@@GLIBC_2.0
                0x000000000804ae20                memset@@GLIBC_2.0
                0x000000000804ae30                rand@@GLIBC_2.0
                0x000000000804ae40                __printf_chk@@GLIBC_2.3.4
                0x000000000804ae50                __fprintf_chk@@GLIBC_2.3.4
                0x000000000804ae60                strncmp@@GLIBC_2.0
 *(.iplt)
 .iplt          0x0000000000000000        0x0 /usr/lib/gcc/i686-linux-gnu/4.6/../../../i386-linux-gnu/crt1.o

.text           0x000000000804ae70     0x4ecc
 *(.text.unlikely .text.*_unlikely)
 *(.text.exit .text.exit.*)
 *(.text.startup .text.startup.*)
 *(.text.hot .text.hot.*)
 *(.text .stub .text.* .gnu.linkonce.t.*)
 .text          0x000000000804ae70       0x24 /usr/lib/gcc/i686-linux-gnu/4.6/../../../i386-linux-gnu/crt1.o
                0x000000000804ae70                _start
 .text          0x000000000804ae94        0x0 /usr/lib/gcc/i686-linux-gnu/4.6/../../../i386-linux-gnu/crti.o
 *fill*         0x000000000804ae94        0xc 90909090
 .text          0x000000000804aea0       0x83 /usr/lib/gcc/i686-linux-gnu/4.6/crtbegin.o
 *fill*         0x000000000804af23        0x1 90909090
 .text          0x000000000804af24      0x169 t2_ctimer.co
                0x000000000804b062                timer_cb
 *fill*         0x000000000804b08d        0x3 90909090
 .text          0x000000000804b090      0x3ee contiki-native.a(process.o)
                0x000000000804b090                process_alloc_event
                0x000000000804b0a1                process_init
                0x000000000804b0cb                process_nevents
                0x000000000804b0df                process_post
                0x000000000804b139                process_poll
                0x000000000804b15a                process_is_running
                0x000000000804b2ad                process_post_synch
                0x000000000804b2d4                process_start
                0x000000000804b36f                process_run
                0x000000000804b468                process_exit
 *fill*         0x000000000804b47e        0x2 90909090
 .text          0x000000000804b480      0x2f3 contiki-native.a(ctimer.o)
                0x000000000804b55e                ctimer_init
                0x000000000804b58c                ctimer_set
                0x000000000804b60f                ctimer_reset
                0x000000000804b674                ctimer_restart
                0x000000000804b6d9                ctimer_stop
                0x000000000804b71a                ctimer_expired
 *fill*         0x000000000804b773        0xd 90909090
 .text          0x000000000804b780      0x39a contiki-native.a(contiki-main.o)
                0x000000000804b7ca                select_set_callback
                0x000000000804b861                main
                0x000000000804baba                log_message
                0x000000000804baee                uip_log
 *fill*         0x000000000804bb1a        0x2 90909090
 .text          0x000000000804bb1c       0xfc contiki-native.a(leds.o)
                0x000000000804bb3b                leds_init
                0x000000000804bb55                leds_get
                0x000000000804bb61                leds_on
                0x000000000804bb8a                leds_off
                0x000000000804bbb3                leds_invert
                0x000000000804bbcd                leds_toggle
                0x000000000804bbe1                leds_blink
 .text          0x000000000804bc18       0x1a contiki-native.a(leds-arch.o)
                0x000000000804bc18                leds_arch_init
                0x000000000804bc20                leds_arch_get
                0x000000000804bc28                leds_arch_set
 *fill*         0x000000000804bc32        0x2 90909090
 .text          0x000000000804bc34       0x25 contiki-native.a(button-sensor.o)
                0x000000000804bc46                button_press
 *fill*         0x000000000804bc59        0x3 90909090
 .text          0x000000000804bc5c       0x2f contiki-native.a(pir-sensor.o)
                0x000000000804bc6e                pir_sensor_changed
 *fill*         0x000000000804bc8b        0x1 90909090
 .text          0x000000000804bc8c       0x2c contiki-native.a(vib-sensor.o)
                0x000000000804bc9e                vib_sensor_changed
 .text          0x000000000804bcb8      0x20c contiki-native.a(sensors.o)
                0x000000000804be1f                sensors_first
                0x000000000804be25                sensors_next
                0x000000000804be36                sensors_changed
                0x000000000804be59                sensors_find
 .text          0x000000000804bec4       0x55 contiki-native.a(rimeaddr.o)
                0x000000000804bec4                rimeaddr_copy
                0x000000000804bed3                rimeaddr_cmp
                0x000000000804befe                rimeaddr_set_node_addr
 *fill*         0x000000000804bf19        0x7 90909090
 .text          0x000000000804bf20      0x14a contiki-native.a(rime.o)
                0x000000000804bff9                rime_sniffer_add
                0x000000000804c014                rime_sniffer_remove
                0x000000000804c02f                rime_output
 *fill*         0x000000000804c06a        0x6 90909090
 .text          0x000000000804c070      0x1fe contiki-native.a(announcement.o)
                0x000000000804c070                announcement_init
                0x000000000804c083                announcement_register
                0x000000000804c0e5                announcement_remove
                0x000000000804c100                announcement_remove_value
                0x000000000804c141                announcement_set_value
                0x000000000804c191                announcement_bump
                0x000000000804c1cb                announcement_listen
                0x000000000804c1e4                announcement_register_listen_callback
                0x000000000804c1ee                announcement_register_observer_callback
                0x000000000804c1f8                announcement_list
                0x000000000804c20b                announcement_heard
 *fill*         0x000000000804c26e        0x2 90909090
 .text          0x000000000804c270      0x20e contiki-native.a(broadcast-annou)
                0x000000000804c402                broadcast_announcement_init
                0x000000000804c44d                broadcast_announcement_stop
                0x000000000804c478                broadcast_announcement_beacon_interval
 *fill*         0x000000000804c47e        0x2 90909090
 .text          0x000000000804c480       0xee contiki-native.a(broadcast.o)
                0x000000000804c4e9                broadcast_open
                0x000000000804c534                broadcast_close
                0x000000000804c547                broadcast_send
 *fill*         0x000000000804c56e        0x2 90909090
 .text          0x000000000804c570       0xac contiki-native.a(abc.o)
                0x000000000804c570                abc_open
                0x000000000804c5b3                abc_close
                0x000000000804c5c6                abc_send
                0x000000000804c5d9                abc_input
                0x000000000804c5f2                abc_sent
 .text          0x000000000804c61c       0x8d contiki-native.a(chameleon.o)
                0x000000000804c61c                chameleon_init
                0x000000000804c628                chameleon_parse
                0x000000000804c653                chameleon_create
                0x000000000804c695                chameleon_hdrsize
 *fill*         0x000000000804c6a9        0x7 90909090
 .text          0x000000000804c6b0       0xc5 contiki-native.a(channel.o)
                0x000000000804c6b0                channel_init
                0x000000000804c6c3                channel_open
                0x000000000804c6e6                channel_close
                0x000000000804c701                channel_lookup
                0x000000000804c739                channel_set_attributes
 *fill*         0x000000000804c775        0x3 90909090
 .text          0x000000000804c778      0x4e6 contiki-native.a(chameleon-bitop)
                0x000000000804c796                get_bits_in_byte
                0x000000000804c7cb                get_bits
                0x000000000804ca02                set_bits_in_byte
                0x000000000804ca26                set_bits
 *fill*         0x000000000804cc5e        0x2 90909090
 .text          0x000000000804cc60       0x52 contiki-native.a(nullmac.o)
 *fill*         0x000000000804ccb2        0xe 90909090
 .text          0x000000000804ccc0      0x18d contiki-native.a(nullrdc.o)
 *fill*         0x000000000804ce4d        0x3 90909090
 .text          0x000000000804ce50       0x28 contiki-native.a(mac.o)
                0x000000000804ce50                mac_call_sent_callback
 .text          0x000000000804ce78       0xa6 contiki-native.a(framer-nullmac.)
 *fill*         0x000000000804cf1e        0x2 90909090
 .text          0x000000000804cf20       0x50 contiki-native.a(autostart.o)
                0x000000000804cf20                autostart_start
                0x000000000804cf4c                autostart_exit
 .text          0x000000000804cf70      0x1b1 contiki-native.a(serial-line.o)
                0x000000000804d076                serial_line_input_byte
                0x000000000804d0ea                serial_line_init
 *fill*         0x000000000804d121        0xf 90909090
 .text          0x000000000804d130      0x17c contiki-native.a(list.o)
                0x000000000804d130                list_init
                0x000000000804d13b                list_head
                0x000000000804d142                list_copy
                0x000000000804d14f                list_tail
                0x000000000804d165                list_chop
                0x000000000804d18e                list_pop
                0x000000000804d19e                list_remove
                0x000000000804d1e2                list_push
                0x000000000804d213                list_add
                0x000000000804d256                list_length
                0x000000000804d270                list_insert
                0x000000000804d29b                list_item_next
 *fill*         0x000000000804d2ac        0x4 90909090
 .text          0x000000000804d2b0      0x2e9 contiki-native.a(etimer.o)
                0x000000000804d302                etimer_request_poll
                0x000000000804d488                etimer_set
                0x000000000804d4ac                etimer_reset
                0x000000000804d4c8                etimer_restart
                0x000000000804d4e4                etimer_adjust
                0x000000000804d4fa                etimer_expired
                0x000000000804d509                etimer_expiration_time
                0x000000000804d513                etimer_start_time
                0x000000000804d51a                etimer_pending
                0x000000000804d528                etimer_next_expiration_time
                0x000000000804d53c                etimer_stop
 *fill*         0x000000000804d599        0x3 90909090
 .text          0x000000000804d59c       0x20 contiki-native.a(random.o)
                0x000000000804d59c                random_init
                0x000000000804d5b0                random_rand
 .text          0x000000000804d5bc       0xe9 contiki-native.a(ringbuf.o)
                0x000000000804d5bc                ringbuf_init
                0x000000000804d5da                ringbuf_put
                0x000000000804d638                ringbuf_get
                0x000000000804d684                ringbuf_size
                0x000000000804d690                ringbuf_elements
 *fill*         0x000000000804d6a5        0xb 90909090
 .text          0x000000000804d6b0       0x21 contiki-native.a(netstack.o)
                0x000000000804d6b0                netstack_init
 *fill*         0x000000000804d6d1        0x3 90909090
 .text          0x000000000804d6d4      0x485 contiki-native.a(packetbuf.o)
                0x000000000804d6d4                packetbuf_clear_hdr
                0x000000000804d6dc                packetbuf_copyto_hdr
                0x000000000804d70e                packetbuf_copyto
                0x000000000804d7a4                packetbuf_hdr_remove
                0x000000000804d7af                packetbuf_hdrreduce
                0x000000000804d7dc                packetbuf_set_datalen
                0x000000000804d7e7                packetbuf_dataptr
                0x000000000804d7f4                packetbuf_hdrptr
                0x000000000804d801                packetbuf_is_reference
                0x000000000804d812                packetbuf_reference_ptr
                0x000000000804d818                packetbuf_datalen
                0x000000000804d820                packetbuf_compact
                0x000000000804d8a0                packetbuf_hdrlen
                0x000000000804d8ac                packetbuf_totlen
                0x000000000804d8c0                packetbuf_hdralloc
                0x000000000804d912                packetbuf_attr_clear
                0x000000000804d956                packetbuf_clear
                0x000000000804d985                packetbuf_reference
                0x000000000804d9a7                packetbuf_copyfrom
                0x000000000804d9fa                packetbuf_attr_copyto
                0x000000000804da7d                packetbuf_attr_copyfrom
                0x000000000804daff                packetbuf_set_attr
                0x000000000804db16                packetbuf_attr
                0x000000000804db24                packetbuf_set_addr
                0x000000000804db4c                packetbuf_addr
 *fill*         0x000000000804db59        0x3 90909090
 .text          0x000000000804db5c      0x2ab contiki-native.a(queuebuf.o)
                0x000000000804db5f                queuebuf_init
                0x000000000804db8a                queuebuf_new_from_packetbuf
                0x000000000804dc3b                queuebuf_update_attr_from_packetbuf
                0x000000000804dc62                queuebuf_free
                0x000000000804dccb                queuebuf_to_packetbuf
                0x000000000804dd76                queuebuf_dataptr
                0x000000000804ddc1                queuebuf_datalen
                0x000000000804ddce                queuebuf_addr
                0x000000000804dde9                queuebuf_attr
                0x000000000804de05                queuebuf_debug_print
 *fill*         0x000000000804de07        0x9 90909090
 .text          0x000000000804de10      0x5c2 contiki-native.a(tcpip.o)
                0x000000000804de33                tcpip_output
                0x000000000804e0da                tcpip_set_outputfunc
                0x000000000804e0e4                tcp_unlisten
                0x000000000804e14c                tcp_listen
                0x000000000804e1cb                tcp_attach
                0x000000000804e1e0                udp_attach
                0x000000000804e1f5                udp_new
                0x000000000804e225                udp_broadcast_new
                0x000000000804e288                tcpip_input
                0x000000000804e2b4                tcpip_poll_udp
                0x000000000804e2d7                tcpip_poll_tcp
                0x000000000804e2fa                tcp_connect
                0x000000000804e337                tcpip_uipcall
 *fill*         0x000000000804e3d2        0xe 90909090
 .text          0x000000000804e3e0     0x162b contiki-native.a(uip.o)
                0x000000000804e42c                uip_setipid
                0x000000000804e437                uip_add32
                0x000000000804e529                uip_init
                0x000000000804e57a                uip_unlisten
                0x000000000804e5d2                uip_listen
                0x000000000804e62a                uip_htons
                0x000000000804e634                uip_udp_new
                0x000000000804e727                uip_connect
                0x000000000804e8cb                uip_udpchksum
                0x000000000804e8d7                uip_tcpchksum
                0x000000000804e8e3                uip_ipchksum
                0x000000000804e917                uip_process
                0x000000000804f988                uip_chksum
                0x000000000804f9ad                uip_htonl
                0x000000000804f9c7                uip_send
 *fill*         0x000000000804fa0b        0x1 90909090
 .text          0x000000000804fa0c       0x4a contiki-native.a(nullradio.o)
 *fill*         0x000000000804fa56        0x2 90909090
 .text          0x000000000804fa58       0x5e contiki-native.a(clock.o)
                0x000000000804fa58                clock_time
                0x000000000804fa95                clock_seconds
                0x000000000804fab4                clock_delay
 *fill*         0x000000000804fab6        0xa 90909090
 .text          0x000000000804fac0      0x150 contiki-native.a(memb.o)
                0x000000000804fac0                memb_init
                0x000000000804fb09                memb_alloc
                0x000000000804fb65                memb_free
                0x000000000804fbd3                memb_inmemb
 .text          0x000000000804fc10       0x72 contiki-native.a(timer.o)
                0x000000000804fc10                timer_set
                0x000000000804fc2b                timer_reset
                0x000000000804fc35                timer_restart
                0x000000000804fc47                timer_expired
                0x000000000804fc67                timer_remaining
 *fill*         0x000000000804fc82        0xe 90909090
 .text          0x000000000804fc90       0x72 /usr/lib/i386-linux-gnu/libc_nonshared.a(elf-init.oS)
                0x000000000804fc90                __libc_csu_init
                0x000000000804fd00                __libc_csu_fini
 .text.__i686.get_pc_thunk.bx
                0x000000000804fd02        0x4 /usr/lib/i386-linux-gnu/libc_nonshared.a(elf-init.oS)
                0x000000000804fd02                __i686.get_pc_thunk.bx
 *fill*         0x000000000804fd06        0xa 90909090
 .text          0x000000000804fd10       0x2a /usr/lib/gcc/i686-linux-gnu/4.6/crtend.o
 *fill*         0x000000000804fd3a        0x2 90909090
 .text          0x000000000804fd3c        0x0 /usr/lib/gcc/i686-linux-gnu/4.6/../../../i386-linux-gnu/crtn.o
 *(.gnu.warning)

.fini           0x000000000804fd3c       0x1a
 *(.fini)
 .fini          0x000000000804fd3c       0x10 /usr/lib/gcc/i686-linux-gnu/4.6/../../../i386-linux-gnu/crti.o
                0x000000000804fd3c                _fini
 .fini          0x000000000804fd4c        0x5 /usr/lib/gcc/i686-linux-gnu/4.6/crtbegin.o
 .fini          0x000000000804fd51        0x5 /usr/lib/gcc/i686-linux-gnu/4.6/../../../i386-linux-gnu/crtn.o
                0x000000000804fd56                PROVIDE (__etext, .)
                0x000000000804fd56                PROVIDE (_etext, .)
                0x000000000804fd56                PROVIDE (etext, .)

.rodata         0x000000000804fd60      0x248
 *(.rodata .rodata.* .gnu.linkonce.r.*)
 .rodata        0x000000000804fd60        0x4 /usr/lib/gcc/i686-linux-gnu/4.6/../../../i386-linux-gnu/crt1.o
                0x000000000804fd60                _fp_hw
 .rodata.cst4   0x000000000804fd64        0x4 /usr/lib/gcc/i686-linux-gnu/4.6/../../../i386-linux-gnu/crt1.o
                0x000000000804fd64                _IO_stdin_used
 .rodata.str1.1
                0x000000000804fd68       0x2d t2_ctimer.co
 *fill*         0x000000000804fd95        0x3 00
 .rodata        0x000000000804fd98        0x8 t2_ctimer.co
                0x000000000804fd98                autostart_processes
 .rodata.str1.1
                0x000000000804fda0        0xf contiki-native.a(ctimer.o)
 .rodata.str1.1
                0x000000000804fdaf       0x5e contiki-native.a(contiki-main.o)
                                         0x62 (size before relaxing)
 *fill*         0x000000000804fe0d        0x3 00
 .rodata        0x000000000804fe10        0x8 contiki-native.a(contiki-main.o)
 .rodata.str1.1
                0x000000000804fe18        0x7 contiki-native.a(button-sensor.o)
 *fill*         0x000000000804fe1f        0x1 00
 .rodata        0x000000000804fe20       0x10 contiki-native.a(button-sensor.o)
                0x000000000804fe20                button_sensor
 .rodata.str1.1
                0x000000000804fe30        0x4 contiki-native.a(pir-sensor.o)
 .rodata        0x000000000804fe34       0x10 contiki-native.a(pir-sensor.o)
                0x000000000804fe34                pir_sensor
 .rodata.str1.1
                0x000000000804fe44        0xa contiki-native.a(vib-sensor.o)
 *fill*         0x000000000804fe4e        0x2 00
 .rodata        0x000000000804fe50       0x10 contiki-native.a(vib-sensor.o)
                0x000000000804fe50                vib_sensor
 .rodata.str1.1
                0x000000000804fe60        0x8 contiki-native.a(sensors.o)
 .rodata        0x000000000804fe68        0x2 contiki-native.a(rimeaddr.o)
                0x000000000804fe68                rimeaddr_null
 .rodata.str1.1
                0x000000000804fe6a        0x5 contiki-native.a(rime.o)
 *fill*         0x000000000804fe6f        0x1 00
 .rodata        0x000000000804fe70        0xc contiki-native.a(rime.o)
                0x000000000804fe70                rime_driver
 .rodata        0x000000000804fe7c        0x8 contiki-native.a(broadcast-annou)
 .rodata        0x000000000804fe84        0xc contiki-native.a(broadcast.o)
 .rodata        0x000000000804fe90        0x2 contiki-native.a(abc.o)
 *fill*         0x000000000804fe92        0x2 00
 .rodata        0x000000000804fe94       0x15 contiki-native.a(chameleon-bitop)
                0x000000000804fe94                chameleon_bitopt
 .rodata.str1.1
                0x000000000804fea9        0x8 contiki-native.a(nullmac.o)
 *fill*         0x000000000804feb1        0x3 00
 .rodata        0x000000000804feb4       0x1c contiki-native.a(nullmac.o)
                0x000000000804feb4                nullmac_driver
 .rodata.str1.1
                0x000000000804fed0        0x8 contiki-native.a(nullrdc.o)
 *fill*         0x000000000804fed8        0x8 00
 .rodata        0x000000000804fee0       0x20 contiki-native.a(nullrdc.o)
                0x000000000804fee0                nullrdc_driver
 .rodata        0x000000000804ff00        0x8 contiki-native.a(framer-nullmac.)
                0x000000000804ff00                framer_nullmac
 .rodata.str1.1
                0x000000000804ff08        0xe contiki-native.a(serial-line.o)
 .rodata.str1.1
                0x000000000804ff16        0xc contiki-native.a(etimer.o)
 .rodata.str1.1
                0x000000000804ff22        0xd contiki-native.a(tcpip.o)
 *fill*         0x000000000804ff2f        0x1 00
 .rodata        0x000000000804ff30       0x4c contiki-native.a(uip.o)
                0x000000000804ff74                uip_all_zeroes_addr
                0x000000000804ff78                uip_broadcast_addr
 *fill*         0x000000000804ff7c        0x4 00
 .rodata        0x000000000804ff80       0x28 contiki-native.a(nullradio.o)
                0x000000000804ff80                nullradio_driver

.rodata1
 *(.rodata1)

.eh_frame_hdr   0x000000000804ffa8      0x84c
 *(.eh_frame_hdr)
 .eh_frame_hdr  0x000000000804ffa8      0x84c /usr/lib/gcc/i686-linux-gnu/4.6/../../../i386-linux-gnu/crt1.o

.eh_frame       0x00000000080507f4     0x1d00
 *(.eh_frame)
 .eh_frame      0x00000000080507f4       0x3c /usr/lib/gcc/i686-linux-gnu/4.6/../../../i386-linux-gnu/crt1.o
                                         0x40 (size before relaxing)
 .eh_frame      0x0000000008050830       0x60 t2_ctimer.co
                                         0x78 (size before relaxing)
 .eh_frame      0x0000000008050890      0x170 contiki-native.a(process.o)
                                        0x188 (size before relaxing)
 .eh_frame      0x0000000008050a00       0xf0 contiki-native.a(ctimer.o)
                                        0x108 (size before relaxing)
 .eh_frame      0x0000000008050af0       0x90 contiki-native.a(contiki-main.o)
                                         0xa8 (size before relaxing)
 .eh_frame      0x0000000008050b80       0xc8 contiki-native.a(leds.o)
                                         0xe0 (size before relaxing)
 .eh_frame      0x0000000008050c48       0x3c contiki-native.a(leds-arch.o)
                                         0x54 (size before relaxing)
 .eh_frame      0x0000000008050c84       0x54 contiki-native.a(button-sensor.o)
                                         0x6c (size before relaxing)
 .eh_frame      0x0000000008050cd8       0x54 contiki-native.a(pir-sensor.o)
                                         0x6c (size before relaxing)
 .eh_frame      0x0000000008050d2c       0x54 contiki-native.a(vib-sensor.o)
                                         0x6c (size before relaxing)
 .eh_frame      0x0000000008050d80       0xb4 contiki-native.a(sensors.o)
                                         0xcc (size before relaxing)
 .eh_frame      0x0000000008050e34       0x44 contiki-native.a(rimeaddr.o)
                                         0x5c (size before relaxing)
 .eh_frame      0x0000000008050e78       0xc0 contiki-native.a(rime.o)
                                         0xd8 (size before relaxing)
 .eh_frame      0x0000000008050f38      0x12c contiki-native.a(announcement.o)
                                        0x144 (size before relaxing)
 .eh_frame      0x0000000008051064      0x108 contiki-native.a(broadcast-annou)
                                        0x120 (size before relaxing)
 .eh_frame      0x000000000805116c       0x88 contiki-native.a(broadcast.o)
                                         0xa0 (size before relaxing)
 .eh_frame      0x00000000080511f4       0x80 contiki-native.a(abc.o)
                                         0x98 (size before relaxing)
 .eh_frame      0x0000000008051274       0x70 contiki-native.a(chameleon.o)
                                         0x88 (size before relaxing)
 .eh_frame      0x00000000080512e4       0x88 contiki-native.a(channel.o)
                                         0xa0 (size before relaxing)
 .eh_frame      0x000000000805136c      0x140 contiki-native.a(chameleon-bitop)
                                        0x158 (size before relaxing)
 .eh_frame      0x00000000080514ac       0x88 contiki-native.a(nullmac.o)
                                         0xa0 (size before relaxing)
 .eh_frame      0x0000000008051534       0xe4 contiki-native.a(nullrdc.o)
                                         0xfc (size before relaxing)
 .eh_frame      0x0000000008051618       0x18 contiki-native.a(mac.o)
                                         0x30 (size before relaxing)
 .eh_frame      0x0000000008051630       0x48 contiki-native.a(framer-nullmac.)
                                         0x60 (size before relaxing)
 .eh_frame      0x0000000008051678       0x40 contiki-native.a(autostart.o)
                                         0x58 (size before relaxing)
 .eh_frame      0x00000000080516b8       0x54 contiki-native.a(serial-line.o)
                                         0x6c (size before relaxing)
 .eh_frame      0x000000000805170c      0x114 contiki-native.a(list.o)
                                        0x12c (size before relaxing)
 .eh_frame      0x0000000008051820      0x194 contiki-native.a(etimer.o)
                                        0x1ac (size before relaxing)
 .eh_frame      0x00000000080519b4       0x30 contiki-native.a(random.o)
                                         0x48 (size before relaxing)
 .eh_frame      0x00000000080519e4       0x80 contiki-native.a(ringbuf.o)
                                         0x98 (size before relaxing)
 .eh_frame      0x0000000008051a64       0x18 contiki-native.a(netstack.o)
                                         0x30 (size before relaxing)
 .eh_frame      0x0000000008051a7c      0x26c contiki-native.a(packetbuf.o)
                                        0x284 (size before relaxing)
 .eh_frame      0x0000000008051ce8      0x13c contiki-native.a(queuebuf.o)
                                        0x154 (size before relaxing)
 .eh_frame      0x0000000008051e24      0x1e0 contiki-native.a(tcpip.o)
                                        0x1f8 (size before relaxing)
 .eh_frame      0x0000000008052004      0x238 contiki-native.a(uip.o)
                                        0x250 (size before relaxing)
 .eh_frame      0x000000000805223c       0xcc contiki-native.a(nullradio.o)
                                         0xe4 (size before relaxing)
 .eh_frame      0x0000000008052308       0x4c contiki-native.a(clock.o)
                                         0x64 (size before relaxing)
 .eh_frame      0x0000000008052354       0xac contiki-native.a(memb.o)
                                         0xc4 (size before relaxing)
 .eh_frame      0x0000000008052400       0x8c contiki-native.a(timer.o)
                                         0xa4 (size before relaxing)
 .eh_frame      0x000000000805248c       0x64 /usr/lib/i386-linux-gnu/libc_nonshared.a(elf-init.oS)
                                         0x7c (size before relaxing)
 .eh_frame      0x00000000080524f0        0x4 /usr/lib/gcc/i686-linux-gnu/4.6/crtend.o

.gcc_except_table
 *(.gcc_except_table .gcc_except_table.*)

.exception_ranges
 *(.exception_ranges .exception_ranges*)
                0x00000000080524f4                . = (ALIGN (0x1000) - ((0x1000 - .) & 0xfff))
                0x0000000008053f14                . = DATA_SEGMENT_ALIGN (0x1000, 0x1000)

.eh_frame
 *(.eh_frame)

.gcc_except_table
 *(.gcc_except_table .gcc_except_table.*)

.exception_ranges
 *(.exception_ranges .exception_ranges*)

.tdata
 *(.tdata .tdata.* .gnu.linkonce.td.*)

.tbss
 *(.tbss .tbss.* .gnu.linkonce.tb.*)
 *(.tcommon)

.preinit_array  0x0000000008053f14        0x0
                0x0000000008053f14                PROVIDE (__preinit_array_start, .)
 *(.preinit_array)
                0x0000000008053f14                PROVIDE (__preinit_array_end, .)

.init_array     0x0000000008053f14        0x0
                0x0000000008053f14                PROVIDE (__init_array_start, .)
 *(SORT(.init_array.*) SORT(.ctors.*))
 *(.init_array)
 *(EXCLUDE_FILE(*crtend?.o *crtend.o *crtbegin?.o *crtbegin.o) .ctors)
                0x0000000008053f14                PROVIDE (__init_array_end, .)

.fini_array     0x0000000008053f14        0x0
                0x0000000008053f14                PROVIDE (__fini_array_start, .)
 *(SORT(.fini_array.*) SORT(.dtors.*))
 *(.fini_array)
 *(EXCLUDE_FILE(*crtend?.o *crtend.o *crtbegin?.o *crtbegin.o) .dtors)
                0x0000000008053f14                PROVIDE (__fini_array_end, .)

.ctors          0x0000000008053f14        0x8
 *crtbegin.o(.ctors)
 .ctors         0x0000000008053f14        0x4 /usr/lib/gcc/i686-linux-gnu/4.6/crtbegin.o
 *crtbegin?.o(.ctors)
 *(EXCLUDE_FILE(*crtend?.o *crtend.o) .ctors)
 *(SORT(.ctors.*))
 *(.ctors)
 .ctors         0x0000000008053f18        0x4 /usr/lib/gcc/i686-linux-gnu/4.6/crtend.o

.dtors          0x0000000008053f1c        0x8
 *crtbegin.o(.dtors)
 .dtors         0x0000000008053f1c        0x4 /usr/lib/gcc/i686-linux-gnu/4.6/crtbegin.o
 *crtbegin?.o(.dtors)
 *(EXCLUDE_FILE(*crtend?.o *crtend.o) .dtors)
 *(SORT(.dtors.*))
 *(.dtors)
 .dtors         0x0000000008053f20        0x4 /usr/lib/gcc/i686-linux-gnu/4.6/crtend.o
                0x0000000008053f20                __DTOR_END__

.jcr            0x0000000008053f24        0x4
 *(.jcr)
 .jcr           0x0000000008053f24        0x0 /usr/lib/gcc/i686-linux-gnu/4.6/crtbegin.o
 .jcr           0x0000000008053f24        0x4 /usr/lib/gcc/i686-linux-gnu/4.6/crtend.o

.data.rel.ro
 *(.data.rel.ro.local* .gnu.linkonce.d.rel.ro.local.*)
 *(.data.rel.ro* .gnu.linkonce.d.rel.ro.*)

.dynamic        0x0000000008053f28       0xc8
 *(.dynamic)
 .dynamic       0x0000000008053f28       0xc8 /usr/lib/gcc/i686-linux-gnu/4.6/../../../i386-linux-gnu/crt1.o
                0x0000000008053f28                _DYNAMIC

.got            0x0000000008053ff0        0x4
 *(.got)
 .got           0x0000000008053ff0        0x4 /usr/lib/gcc/i686-linux-gnu/4.6/../../../i386-linux-gnu/crt1.o
 *(.igot)
                0x0000000008053ff4                . = DATA_SEGMENT_RELRO_END (., 0xc)

.got.plt        0x0000000008053ff4       0x54
 *(.got.plt)
 .got.plt       0x0000000008053ff4       0x54 /usr/lib/gcc/i686-linux-gnu/4.6/../../../i386-linux-gnu/crt1.o
                0x0000000008053ff4                _GLOBAL_OFFSET_TABLE_
 *(.igot.plt)
 .igot.plt      0x0000000000000000        0x0 /usr/lib/gcc/i686-linux-gnu/4.6/../../../i386-linux-gnu/crt1.o

.data           0x0000000008054048       0xac
 *(.data .data.* .gnu.linkonce.d.*)
 .data          0x0000000008054048        0x4 /usr/lib/gcc/i686-linux-gnu/4.6/../../../i386-linux-gnu/crt1.o
                0x0000000008054048                data_start
                0x0000000008054048                __data_start
 .data          0x000000000805404c        0x0 /usr/lib/gcc/i686-linux-gnu/4.6/../../../i386-linux-gnu/crti.o
 .data          0x000000000805404c        0x4 /usr/lib/gcc/i686-linux-gnu/4.6/crtbegin.o
                0x000000000805404c                __dso_handle
 .data          0x0000000008054050       0x20 t2_ctimer.co
                0x0000000008054050                t1_cant_btn_process
                0x0000000008054060                int_print_process
 .data          0x0000000008054070        0x0 contiki-native.a(process.o)
 .data          0x0000000008054070       0x10 contiki-native.a(ctimer.o)
                0x0000000008054070                ctimer_process
 .data          0x0000000008054080       0x10 contiki-native.a(contiki-main.o)
                0x0000000008054080                sensors
 .data          0x0000000008054090        0x0 contiki-native.a(leds.o)
 .data          0x0000000008054090        0x0 contiki-native.a(leds-arch.o)
 .data          0x0000000008054090        0x0 contiki-native.a(button-sensor.o)
 .data          0x0000000008054090        0x0 contiki-native.a(pir-sensor.o)
 .data          0x0000000008054090        0x0 contiki-native.a(vib-sensor.o)
 .data          0x0000000008054090       0x10 contiki-native.a(sensors.o)
                0x0000000008054090                sensors_process
 .data          0x00000000080540a0        0x0 contiki-native.a(rimeaddr.o)
 .data          0x00000000080540a0        0x0 contiki-native.a(rime.o)
 .data          0x00000000080540a0        0x0 contiki-native.a(announcement.o)
 .data          0x00000000080540a0        0x0 contiki-native.a(broadcast-annou)
 .data          0x00000000080540a0        0x0 contiki-native.a(broadcast.o)
 .data          0x00000000080540a0        0x0 contiki-native.a(abc.o)
 .data          0x00000000080540a0        0x0 contiki-native.a(chameleon.o)
 .data          0x00000000080540a0        0x0 contiki-native.a(channel.o)
 .data          0x00000000080540a0        0x0 contiki-native.a(chameleon-bitop)
 .data          0x00000000080540a0        0x0 contiki-native.a(nullmac.o)
 .data          0x00000000080540a0        0x0 contiki-native.a(nullrdc.o)
 .data          0x00000000080540a0        0x0 contiki-native.a(mac.o)
 .data          0x00000000080540a0        0x0 contiki-native.a(framer-nullmac.)
 .data          0x00000000080540a0        0x0 contiki-native.a(autostart.o)
 .data          0x00000000080540a0       0x10 contiki-native.a(serial-line.o)
                0x00000000080540a0                serial_line_process
 .data          0x00000000080540b0        0x0 contiki-native.a(list.o)
 .data          0x00000000080540b0       0x10 contiki-native.a(etimer.o)
                0x00000000080540b0                etimer_process
 .data          0x00000000080540c0        0x0 contiki-native.a(random.o)
 .data          0x00000000080540c0        0x0 contiki-native.a(ringbuf.o)
 .data          0x00000000080540c0        0x0 contiki-native.a(netstack.o)
 .data          0x00000000080540c0        0x0 contiki-native.a(packetbuf.o)
 .data          0x00000000080540c0       0x24 contiki-native.a(queuebuf.o)
 .data          0x00000000080540e4       0x10 contiki-native.a(tcpip.o)
                0x00000000080540e4                tcpip_process
 .data          0x00000000080540f4        0x0 contiki-native.a(uip.o)
 .data          0x00000000080540f4        0x0 contiki-native.a(nullradio.o)
 .data          0x00000000080540f4        0x0 contiki-native.a(clock.o)
 .data          0x00000000080540f4        0x0 contiki-native.a(memb.o)
 .data          0x00000000080540f4        0x0 contiki-native.a(timer.o)
 .data          0x00000000080540f4        0x0 /usr/lib/i386-linux-gnu/libc_nonshared.a(elf-init.oS)
 .data          0x00000000080540f4        0x0 /usr/lib/gcc/i686-linux-gnu/4.6/crtend.o
 .data          0x00000000080540f4        0x0 /usr/lib/gcc/i686-linux-gnu/4.6/../../../i386-linux-gnu/crtn.o

.data1
 *(.data1)
                0x00000000080540f4                _edata = .
                0x00000000080540f4                PROVIDE (edata, .)
                0x00000000080540f4                __bss_start = .

.bss            0x0000000008054100     0x16d0
 *(.dynbss)
 .dynbss        0x0000000008054100       0x24 /usr/lib/gcc/i686-linux-gnu/4.6/../../../i386-linux-gnu/crt1.o
                0x0000000008054100                stderr@@GLIBC_2.0
                0x0000000008054120                stdout@@GLIBC_2.0
 *(.bss .bss.* .gnu.linkonce.b.*)
 .bss           0x0000000008054124        0x0 /usr/lib/gcc/i686-linux-gnu/4.6/../../../i386-linux-gnu/crt1.o
 .bss           0x0000000008054124        0x0 /usr/lib/gcc/i686-linux-gnu/4.6/../../../i386-linux-gnu/crti.o
 .bss           0x0000000008054124        0x8 /usr/lib/gcc/i686-linux-gnu/4.6/crtbegin.o
 .bss           0x000000000805412c        0x4 t2_ctimer.co
 *fill*         0x0000000008054130       0x10 00
 .bss           0x0000000008054140      0x1b1 contiki-native.a(process.o)
                0x0000000008054140                process_current
                0x0000000008054144                process_list
 *fill*         0x00000000080542f1        0x3 00
 .bss           0x00000000080542f4        0x8 contiki-native.a(ctimer.o)
 *fill*         0x00000000080542fc        0x4 00
 .bss           0x0000000008054300       0x44 contiki-native.a(contiki-main.o)
                0x0000000008054300                contiki_argc
 .bss           0x0000000008054344        0x2 contiki-native.a(leds.o)
 *fill*         0x0000000008054346        0x2 00
 .bss           0x0000000008054348        0x1 contiki-native.a(leds-arch.o)
 *fill*         0x0000000008054349        0x3 00
 .bss           0x000000000805434c        0x0 contiki-native.a(button-sensor.o)
 .bss           0x000000000805434c        0x4 contiki-native.a(pir-sensor.o)
 .bss           0x0000000008054350        0x4 contiki-native.a(vib-sensor.o)
 .bss           0x0000000008054354        0xc contiki-native.a(sensors.o)
 .bss           0x0000000008054360        0x0 contiki-native.a(rimeaddr.o)
 .bss           0x0000000008054360        0x4 contiki-native.a(rime.o)
 .bss           0x0000000008054364        0xc contiki-native.a(announcement.o)
 *fill*         0x0000000008054370       0x10 00
 .bss           0x0000000008054380       0x6c contiki-native.a(broadcast-annou)
 .bss           0x00000000080543ec        0x0 contiki-native.a(broadcast.o)
 .bss           0x00000000080543ec        0x0 contiki-native.a(abc.o)
 .bss           0x00000000080543ec        0x0 contiki-native.a(chameleon.o)
 .bss           0x00000000080543ec        0x4 contiki-native.a(channel.o)
 .bss           0x00000000080543f0        0x0 contiki-native.a(chameleon-bitop)
 .bss           0x00000000080543f0        0x0 contiki-native.a(nullmac.o)
 .bss           0x00000000080543f0        0x0 contiki-native.a(nullrdc.o)
 .bss           0x00000000080543f0        0x0 contiki-native.a(mac.o)
 .bss           0x00000000080543f0        0x0 contiki-native.a(framer-nullmac.)
 .bss           0x00000000080543f0        0x0 contiki-native.a(autostart.o)
 *fill*         0x00000000080543f0       0x10 00
 .bss           0x0000000008054400      0x120 contiki-native.a(serial-line.o)
 .bss           0x0000000008054520        0x0 contiki-native.a(list.o)
 .bss           0x0000000008054520        0x8 contiki-native.a(etimer.o)
 .bss           0x0000000008054528        0x0 contiki-native.a(random.o)
 .bss           0x0000000008054528        0x0 contiki-native.a(ringbuf.o)
 .bss           0x0000000008054528        0x0 contiki-native.a(netstack.o)
 *fill*         0x0000000008054528       0x18 00
 .bss           0x0000000008054540       0xd2 contiki-native.a(packetbuf.o)
 *fill*         0x0000000008054612        0xe 00
 .bss           0x0000000008054620      0x6b8 contiki-native.a(queuebuf.o)
 *fill*         0x0000000008054cd8        0x8 00
 .bss           0x0000000008054ce0      0x178 contiki-native.a(tcpip.o)
 .bss           0x0000000008054e58       0x13 contiki-native.a(uip.o)
                0x0000000008054e58                uip_lladdr
 *fill*         0x0000000008054e6b        0x1 00
 .bss           0x0000000008054e6c        0x0 contiki-native.a(nullradio.o)
 .bss           0x0000000008054e6c        0x0 contiki-native.a(clock.o)
 .bss           0x0000000008054e6c        0x0 contiki-native.a(memb.o)
 .bss           0x0000000008054e6c        0x0 contiki-native.a(timer.o)
 .bss           0x0000000008054e6c        0x0 /usr/lib/i386-linux-gnu/libc_nonshared.a(elf-init.oS)
 .bss           0x0000000008054e6c        0x0 /usr/lib/gcc/i686-linux-gnu/4.6/crtend.o
 .bss           0x0000000008054e6c        0x0 /usr/lib/gcc/i686-linux-gnu/4.6/../../../i386-linux-gnu/crtn.o
 *(COMMON)
 *fill*         0x0000000008054e6c       0x14 00
 COMMON         0x0000000008054e80       0x20 t2_ctimer.co
                0x0000000008054e80                timer
 COMMON         0x0000000008054ea0        0x8 contiki-native.a(contiki-main.o)
                0x0000000008054ea0                contiki_argv
                0x0000000008054ea4                sensors_flags
 COMMON         0x0000000008054ea8        0x1 contiki-native.a(sensors.o)
                0x0000000008054ea8                sensors_event
 COMMON         0x0000000008054ea9        0x2 contiki-native.a(rimeaddr.o)
                0x0000000008054ea9                rimeaddr_node_addr
 COMMON         0x0000000008054eab        0x1 contiki-native.a(serial-line.o)
                0x0000000008054eab                serial_line_event_message
 *fill*         0x0000000008054eac       0x14 00
 COMMON         0x0000000008054ec0       0x38 contiki-native.a(packetbuf.o)
                0x0000000008054ec0                packetbuf_attrs
                0x0000000008054ef0                packetbuf_addrs
 COMMON         0x0000000008054ef8        0x1 contiki-native.a(tcpip.o)
                0x0000000008054ef8                tcpip_event
 *fill*         0x0000000008054ef9        0x7 00
 COMMON         0x0000000008054f00      0x8d0 contiki-native.a(uip.o)
                0x0000000008054f00                uip_draddr
                0x0000000008054f04                uip_slen
                0x0000000008054f06                uip_acc32
                0x0000000008054f20                uip_conns
                0x00000000080554c0                uip_netmask
                0x00000000080554c4                uip_hostaddr
                0x00000000080554c8                uip_appdata
                0x00000000080554cc                uip_flags
                0x00000000080554e0                uip_aligned_buf
                0x00000000080556a0                uip_listenports
                0x00000000080556f0                uip_len
                0x00000000080556f4                uip_sappdata
                0x0000000008055700                uip_udp_conns
                0x00000000080557c8                uip_udp_conn
                0x00000000080557cc                uip_conn
                0x00000000080557d0                . = ALIGN ((. != 0x0)?0x4:0x1)
                0x00000000080557d0                . = ALIGN (0x4)
                0x00000000080557d0                . = ALIGN (0x4)
                0x00000000080557d0                _end = .
                0x00000000080557d0                PROVIDE (end, .)
                0x00000000080557d0                . = DATA_SEGMENT_END (.)

.stab
 *(.stab)

.stabstr
 *(.stabstr)

.stab.excl
 *(.stab.excl)

.stab.exclstr
 *(.stab.exclstr)

.stab.index
 *(.stab.index)

.stab.indexstr
 *(.stab.indexstr)

.comment        0x0000000000000000       0x2a
 *(.comment)
 .comment       0x0000000000000000       0x2a /usr/lib/gcc/i686-linux-gnu/4.6/crtbegin.o
                                         0x2b (size before relaxing)
 .comment       0x0000000000000000       0x2b t2_ctimer.co
 .comment       0x0000000000000000       0x2b contiki-native.a(process.o)
 .comment       0x0000000000000000       0x2b contiki-native.a(ctimer.o)
 .comment       0x0000000000000000       0x2b contiki-native.a(contiki-main.o)
 .comment       0x0000000000000000       0x2b contiki-native.a(leds.o)
 .comment       0x0000000000000000       0x2b contiki-native.a(leds-arch.o)
 .comment       0x0000000000000000       0x2b contiki-native.a(button-sensor.o)
 .comment       0x0000000000000000       0x2b contiki-native.a(pir-sensor.o)
 .comment       0x0000000000000000       0x2b contiki-native.a(vib-sensor.o)
 .comment       0x0000000000000000       0x2b contiki-native.a(sensors.o)
 .comment       0x0000000000000000       0x2b contiki-native.a(rimeaddr.o)
 .comment       0x0000000000000000       0x2b contiki-native.a(rime.o)
 .comment       0x0000000000000000       0x2b contiki-native.a(announcement.o)
 .comment       0x0000000000000000       0x2b contiki-native.a(broadcast-annou)
 .comment       0x0000000000000000       0x2b contiki-native.a(broadcast.o)
 .comment       0x0000000000000000       0x2b contiki-native.a(abc.o)
 .comment       0x0000000000000000       0x2b contiki-native.a(chameleon.o)
 .comment       0x0000000000000000       0x2b contiki-native.a(channel.o)
 .comment       0x0000000000000000       0x2b contiki-native.a(chameleon-bitop)
 .comment       0x0000000000000000       0x2b contiki-native.a(nullmac.o)
 .comment       0x0000000000000000       0x2b contiki-native.a(nullrdc.o)
 .comment       0x0000000000000000       0x2b contiki-native.a(mac.o)
 .comment       0x0000000000000000       0x2b contiki-native.a(framer-nullmac.)
 .comment       0x0000000000000000       0x2b contiki-native.a(autostart.o)
 .comment       0x0000000000000000       0x2b contiki-native.a(serial-line.o)
 .comment       0x0000000000000000       0x2b contiki-native.a(list.o)
 .comment       0x0000000000000000       0x2b contiki-native.a(etimer.o)
 .comment       0x0000000000000000       0x2b contiki-native.a(random.o)
 .comment       0x0000000000000000       0x2b contiki-native.a(ringbuf.o)
 .comment       0x0000000000000000       0x2b contiki-native.a(netstack.o)
 .comment       0x0000000000000000       0x2b contiki-native.a(packetbuf.o)
 .comment       0x0000000000000000       0x2b contiki-native.a(queuebuf.o)
 .comment       0x0000000000000000       0x2b contiki-native.a(tcpip.o)
 .comment       0x0000000000000000       0x2b contiki-native.a(uip.o)
 .comment       0x0000000000000000       0x2b contiki-native.a(nullradio.o)
 .comment       0x0000000000000000       0x2b contiki-native.a(clock.o)
 .comment       0x0000000000000000       0x2b contiki-native.a(memb.o)
 .comment       0x0000000000000000       0x2b contiki-native.a(timer.o)
 .comment       0x0000000000000000       0x2b /usr/lib/i386-linux-gnu/libc_nonshared.a(elf-init.oS)
 .comment       0x0000000000000000       0x2b /usr/lib/gcc/i686-linux-gnu/4.6/crtend.o

.debug
 *(.debug)

.line
 *(.line)

.debug_srcinfo
 *(.debug_srcinfo)

.debug_sfnames
 *(.debug_sfnames)

.debug_aranges  0x0000000000000000      0x4c0
 *(.debug_aranges)
 .debug_aranges
                0x0000000000000000       0x20 t2_ctimer.co
 .debug_aranges
                0x0000000000000020       0x20 contiki-native.a(process.o)
 .debug_aranges
                0x0000000000000040       0x20 contiki-native.a(ctimer.o)
 .debug_aranges
                0x0000000000000060       0x20 contiki-native.a(contiki-main.o)
 .debug_aranges
                0x0000000000000080       0x20 contiki-native.a(leds.o)
 .debug_aranges
                0x00000000000000a0       0x20 contiki-native.a(leds-arch.o)
 .debug_aranges
                0x00000000000000c0       0x20 contiki-native.a(button-sensor.o)
 .debug_aranges
                0x00000000000000e0       0x20 contiki-native.a(pir-sensor.o)
 .debug_aranges
                0x0000000000000100       0x20 contiki-native.a(vib-sensor.o)
 .debug_aranges
                0x0000000000000120       0x20 contiki-native.a(sensors.o)
 .debug_aranges
                0x0000000000000140       0x20 contiki-native.a(rimeaddr.o)
 .debug_aranges
                0x0000000000000160       0x20 contiki-native.a(rime.o)
 .debug_aranges
                0x0000000000000180       0x20 contiki-native.a(announcement.o)
 .debug_aranges
                0x00000000000001a0       0x20 contiki-native.a(broadcast-annou)
 .debug_aranges
                0x00000000000001c0       0x20 contiki-native.a(broadcast.o)
 .debug_aranges
                0x00000000000001e0       0x20 contiki-native.a(abc.o)
 .debug_aranges
                0x0000000000000200       0x20 contiki-native.a(chameleon.o)
 .debug_aranges
                0x0000000000000220       0x20 contiki-native.a(channel.o)
 .debug_aranges
                0x0000000000000240       0x20 contiki-native.a(chameleon-bitop)
 .debug_aranges
                0x0000000000000260       0x20 contiki-native.a(nullmac.o)
 .debug_aranges
                0x0000000000000280       0x20 contiki-native.a(nullrdc.o)
 .debug_aranges
                0x00000000000002a0       0x20 contiki-native.a(mac.o)
 .debug_aranges
                0x00000000000002c0       0x20 contiki-native.a(framer-nullmac.)
 .debug_aranges
                0x00000000000002e0       0x20 contiki-native.a(autostart.o)
 .debug_aranges
                0x0000000000000300       0x20 contiki-native.a(serial-line.o)
 .debug_aranges
                0x0000000000000320       0x20 contiki-native.a(list.o)
 .debug_aranges
                0x0000000000000340       0x20 contiki-native.a(etimer.o)
 .debug_aranges
                0x0000000000000360       0x20 contiki-native.a(random.o)
 .debug_aranges
                0x0000000000000380       0x20 contiki-native.a(ringbuf.o)
 .debug_aranges
                0x00000000000003a0       0x20 contiki-native.a(netstack.o)
 .debug_aranges
                0x00000000000003c0       0x20 contiki-native.a(packetbuf.o)
 .debug_aranges
                0x00000000000003e0       0x20 contiki-native.a(queuebuf.o)
 .debug_aranges
                0x0000000000000400       0x20 contiki-native.a(tcpip.o)
 .debug_aranges
                0x0000000000000420       0x20 contiki-native.a(uip.o)
 .debug_aranges
                0x0000000000000440       0x20 contiki-native.a(nullradio.o)
 .debug_aranges
                0x0000000000000460       0x20 contiki-native.a(clock.o)
 .debug_aranges
                0x0000000000000480       0x20 contiki-native.a(memb.o)
 .debug_aranges
                0x00000000000004a0       0x20 contiki-native.a(timer.o)

.debug_pubnames
 *(.debug_pubnames)

.debug_info     0x0000000000000000     0xa616
 *(.debug_info .gnu.linkonce.wi.*)
 .debug_info    0x0000000000000000      0x6c8 t2_ctimer.co
 .debug_info    0x00000000000006c8      0x7ab contiki-native.a(process.o)
 .debug_info    0x0000000000000e73      0x467 contiki-native.a(ctimer.o)
 .debug_info    0x00000000000012da      0xcf2 contiki-native.a(contiki-main.o)
 .debug_info    0x0000000000001fcc      0x1d2 contiki-native.a(leds.o)
 .debug_info    0x000000000000219e       0xd5 contiki-native.a(leds-arch.o)
 .debug_info    0x0000000000002273      0x1a7 contiki-native.a(button-sensor.o)
 .debug_info    0x000000000000241a      0x1c9 contiki-native.a(pir-sensor.o)
 .debug_info    0x00000000000025e3      0x1b6 contiki-native.a(vib-sensor.o)
 .debug_info    0x0000000000002799      0x3a9 contiki-native.a(sensors.o)
 .debug_info    0x0000000000002b42      0x1b4 contiki-native.a(rimeaddr.o)
 .debug_info    0x0000000000002cf6      0x423 contiki-native.a(rime.o)
 .debug_info    0x0000000000003119      0x3e5 contiki-native.a(announcement.o)
 .debug_info    0x00000000000034fe      0x814 contiki-native.a(broadcast-annou)
 .debug_info    0x0000000000003d12      0x47f contiki-native.a(broadcast.o)
 .debug_info    0x0000000000004191      0x38e contiki-native.a(abc.o)
 .debug_info    0x000000000000451f      0x568 contiki-native.a(chameleon.o)
 .debug_info    0x0000000000004a87      0x231 contiki-native.a(channel.o)
 .debug_info    0x0000000000004cb8      0x681 contiki-native.a(chameleon-bitop)
 .debug_info    0x0000000000005339      0x365 contiki-native.a(nullmac.o)
 .debug_info    0x000000000000569e      0x6c5 contiki-native.a(nullrdc.o)
 .debug_info    0x0000000000005d63      0x117 contiki-native.a(mac.o)
 .debug_info    0x0000000000005e7a      0x239 contiki-native.a(framer-nullmac.)
 .debug_info    0x00000000000060b3      0x1be contiki-native.a(autostart.o)
 .debug_info    0x0000000000006271      0x2ff contiki-native.a(serial-line.o)
 .debug_info    0x0000000000006570      0x31c contiki-native.a(list.o)
 .debug_info    0x000000000000688c      0x4b9 contiki-native.a(etimer.o)
 .debug_info    0x0000000000006d45       0xb4 contiki-native.a(random.o)
 .debug_info    0x0000000000006df9      0x1cb contiki-native.a(ringbuf.o)
 .debug_info    0x0000000000006fc4      0x3bd contiki-native.a(netstack.o)
 .debug_info    0x0000000000007381      0x705 contiki-native.a(packetbuf.o)
 .debug_info    0x0000000000007a86      0x6bf contiki-native.a(queuebuf.o)
 .debug_info    0x0000000000008145      0xee0 contiki-native.a(tcpip.o)
 .debug_info    0x0000000000009025      0xe86 contiki-native.a(uip.o)
 .debug_info    0x0000000000009eab      0x2c1 contiki-native.a(nullradio.o)
 .debug_info    0x000000000000a16c      0x134 contiki-native.a(clock.o)
 .debug_info    0x000000000000a2a0      0x1eb contiki-native.a(memb.o)
 .debug_info    0x000000000000a48b      0x18b contiki-native.a(timer.o)

.debug_abbrev   0x0000000000000000     0x3954
 *(.debug_abbrev)
 .debug_abbrev  0x0000000000000000      0x1ce t2_ctimer.co
 .debug_abbrev  0x00000000000001ce      0x2c0 contiki-native.a(process.o)
 .debug_abbrev  0x000000000000048e      0x1a4 contiki-native.a(ctimer.o)
 .debug_abbrev  0x0000000000000632      0x32e contiki-native.a(contiki-main.o)
 .debug_abbrev  0x0000000000000960       0xcd contiki-native.a(leds.o)
 .debug_abbrev  0x0000000000000a2d       0x8b contiki-native.a(leds-arch.o)
 .debug_abbrev  0x0000000000000ab8       0xb6 contiki-native.a(button-sensor.o)
 .debug_abbrev  0x0000000000000b6e       0xd6 contiki-native.a(pir-sensor.o)
 .debug_abbrev  0x0000000000000c44       0xd4 contiki-native.a(vib-sensor.o)
 .debug_abbrev  0x0000000000000d18      0x208 contiki-native.a(sensors.o)
 .debug_abbrev  0x0000000000000f20      0x119 contiki-native.a(rimeaddr.o)
 .debug_abbrev  0x0000000000001039      0x1ae contiki-native.a(rime.o)
 .debug_abbrev  0x00000000000011e7      0x172 contiki-native.a(announcement.o)
 .debug_abbrev  0x0000000000001359      0x21e contiki-native.a(broadcast-annou)
 .debug_abbrev  0x0000000000001577      0x185 contiki-native.a(broadcast.o)
 .debug_abbrev  0x00000000000016fc      0x145 contiki-native.a(abc.o)
 .debug_abbrev  0x0000000000001841      0x153 contiki-native.a(chameleon.o)
 .debug_abbrev  0x0000000000001994      0x11a contiki-native.a(channel.o)
 .debug_abbrev  0x0000000000001aae      0x279 contiki-native.a(chameleon-bitop)
 .debug_abbrev  0x0000000000001d27      0x16b contiki-native.a(nullmac.o)
 .debug_abbrev  0x0000000000001e92      0x233 contiki-native.a(nullrdc.o)
 .debug_abbrev  0x00000000000020c5       0xa0 contiki-native.a(mac.o)
 .debug_abbrev  0x0000000000002165       0xf8 contiki-native.a(framer-nullmac.)
 .debug_abbrev  0x000000000000225d       0xf5 contiki-native.a(autostart.o)
 .debug_abbrev  0x0000000000002352      0x1a5 contiki-native.a(serial-line.o)
 .debug_abbrev  0x00000000000024f7      0x142 contiki-native.a(list.o)
 .debug_abbrev  0x0000000000002639      0x1ee contiki-native.a(etimer.o)
 .debug_abbrev  0x0000000000002827       0x67 contiki-native.a(random.o)
 .debug_abbrev  0x000000000000288e       0xeb contiki-native.a(ringbuf.o)
 .debug_abbrev  0x0000000000002979       0xda contiki-native.a(netstack.o)
 .debug_abbrev  0x0000000000002a53      0x295 contiki-native.a(packetbuf.o)
 .debug_abbrev  0x0000000000002ce8      0x206 contiki-native.a(queuebuf.o)
 .debug_abbrev  0x0000000000002eee      0x3c9 contiki-native.a(tcpip.o)
 .debug_abbrev  0x00000000000032b7      0x2dc contiki-native.a(uip.o)
 .debug_abbrev  0x0000000000003593      0x12b contiki-native.a(nullradio.o)
 .debug_abbrev  0x00000000000036be       0xa1 contiki-native.a(clock.o)
 .debug_abbrev  0x000000000000375f      0x10c contiki-native.a(memb.o)
 .debug_abbrev  0x000000000000386b       0xe9 contiki-native.a(timer.o)

.debug_line     0x0000000000000000     0x3119
 *(.debug_line)
 .debug_line    0x0000000000000000      0x1ec t2_ctimer.co
 .debug_line    0x00000000000001ec      0x1ce contiki-native.a(process.o)
 .debug_line    0x00000000000003ba      0x15b contiki-native.a(ctimer.o)
 .debug_line    0x0000000000000515      0x3a0 contiki-native.a(contiki-main.o)
 .debug_line    0x00000000000008b5       0x78 contiki-native.a(leds.o)
 .debug_line    0x000000000000092d       0x62 contiki-native.a(leds-arch.o)
 .debug_line    0x000000000000098f       0x8d contiki-native.a(button-sensor.o)
 .debug_line    0x0000000000000a1c       0x8b contiki-native.a(pir-sensor.o)
 .debug_line    0x0000000000000aa7       0x8b contiki-native.a(vib-sensor.o)
 .debug_line    0x0000000000000b32      0x139 contiki-native.a(sensors.o)
 .debug_line    0x0000000000000c6b       0xf3 contiki-native.a(rimeaddr.o)
 .debug_line    0x0000000000000d5e      0x14e contiki-native.a(rime.o)
 .debug_line    0x0000000000000eac      0x109 contiki-native.a(announcement.o)
 .debug_line    0x0000000000000fb5      0x275 contiki-native.a(broadcast-annou)
 .debug_line    0x000000000000122a      0x100 contiki-native.a(broadcast.o)
 .debug_line    0x000000000000132a       0xd5 contiki-native.a(abc.o)
 .debug_line    0x00000000000013ff      0x156 contiki-native.a(chameleon.o)
 .debug_line    0x0000000000001555       0xf5 contiki-native.a(channel.o)
 .debug_line    0x000000000000164a      0x252 contiki-native.a(chameleon-bitop)
 .debug_line    0x000000000000189c       0xb4 contiki-native.a(nullmac.o)
 .debug_line    0x0000000000001950      0x184 contiki-native.a(nullrdc.o)
 .debug_line    0x0000000000001ad4       0x78 contiki-native.a(mac.o)
 .debug_line    0x0000000000001b4c       0xed contiki-native.a(framer-nullmac.)
 .debug_line    0x0000000000001c39       0xa5 contiki-native.a(autostart.o)
 .debug_line    0x0000000000001cde      0x107 contiki-native.a(serial-line.o)
 .debug_line    0x0000000000001de5       0xf3 contiki-native.a(list.o)
 .debug_line    0x0000000000001ed8      0x169 contiki-native.a(etimer.o)
 .debug_line    0x0000000000002041       0x52 contiki-native.a(random.o)
 .debug_line    0x0000000000002093       0xac contiki-native.a(ringbuf.o)
 .debug_line    0x000000000000213f       0xc8 contiki-native.a(netstack.o)
 .debug_line    0x0000000000002207      0x23b contiki-native.a(packetbuf.o)
 .debug_line    0x0000000000002442      0x1a6 contiki-native.a(queuebuf.o)
 .debug_line    0x00000000000025e8      0x29d contiki-native.a(tcpip.o)
 .debug_line    0x0000000000002885      0x584 contiki-native.a(uip.o)
 .debug_line    0x0000000000002e09       0x84 contiki-native.a(nullradio.o)
 .debug_line    0x0000000000002e8d       0xa8 contiki-native.a(clock.o)
 .debug_line    0x0000000000002f35      0x12d contiki-native.a(memb.o)
 .debug_line    0x0000000000003062       0xb7 contiki-native.a(timer.o)

.debug_frame
 *(.debug_frame)

.debug_str      0x0000000000000000     0x24b1
 *(.debug_str)
 .debug_str     0x0000000000000000      0x348 t2_ctimer.co
                                        0x404 (size before relaxing)
 .debug_str     0x0000000000000348      0x16c contiki-native.a(process.o)
                                        0x425 (size before relaxing)
 .debug_str     0x00000000000004b4       0xc6 contiki-native.a(ctimer.o)
                                        0x24a (size before relaxing)
 .debug_str     0x000000000000057a      0x24e contiki-native.a(contiki-main.o)
                                        0x5d3 (size before relaxing)
 .debug_str     0x00000000000007c8       0x72 contiki-native.a(leds.o)
                                        0x150 (size before relaxing)
 .debug_str     0x000000000000083a       0x57 contiki-native.a(leds-arch.o)
                                        0x126 (size before relaxing)
 .debug_str     0x0000000000000891       0x3d contiki-native.a(button-sensor.o)
                                        0x140 (size before relaxing)
 .debug_str     0x00000000000008ce       0x53 contiki-native.a(pir-sensor.o)
                                        0x153 (size before relaxing)
 .debug_str     0x0000000000000921       0x40 contiki-native.a(vib-sensor.o)
                                        0x140 (size before relaxing)
 .debug_str     0x0000000000000961       0x9a contiki-native.a(sensors.o)
                                        0x23c (size before relaxing)
 .debug_str     0x00000000000009fb       0x91 contiki-native.a(rimeaddr.o)
                                        0x17f (size before relaxing)
 .debug_str     0x0000000000000a8c      0x115 contiki-native.a(rime.o)
                                        0x295 (size before relaxing)
 .debug_str     0x0000000000000ba1      0x1a5 contiki-native.a(announcement.o)
                                        0x2f1 (size before relaxing)
 .debug_str     0x0000000000000d46      0x1cc contiki-native.a(broadcast-annou)
                                        0x411 (size before relaxing)
 .debug_str     0x0000000000000f12      0x34b contiki-native.a(broadcast.o)
                                        0x4e1 (size before relaxing)
 .debug_str     0x000000000000125d       0x4f contiki-native.a(abc.o)
                                        0x47a (size before relaxing)
 .debug_str     0x00000000000012ac       0x8a contiki-native.a(chameleon.o)
                                        0x60c (size before relaxing)
 .debug_str     0x0000000000001336       0x91 contiki-native.a(channel.o)
                                        0x1b3 (size before relaxing)
 .debug_str     0x00000000000013c7       0xdb contiki-native.a(chameleon-bitop)
                                        0x543 (size before relaxing)
 .debug_str     0x00000000000014a2       0x4a contiki-native.a(nullmac.o)
                                        0x1c8 (size before relaxing)
 .debug_str     0x00000000000014ec      0x10d contiki-native.a(nullrdc.o)
                                        0x613 (size before relaxing)
 .debug_str     0x00000000000015f9       0x36 contiki-native.a(mac.o)
                                        0x176 (size before relaxing)
 .debug_str     0x000000000000162f       0x36 contiki-native.a(framer-nullmac.)
                                        0x41d (size before relaxing)
 .debug_str     0x0000000000001665       0x40 contiki-native.a(autostart.o)
                                        0x161 (size before relaxing)
 .debug_str     0x00000000000016a5       0xba contiki-native.a(serial-line.o)
                                        0x220 (size before relaxing)
 .debug_str     0x000000000000175f       0xae contiki-native.a(list.o)
                                        0x10a (size before relaxing)
 .debug_str     0x000000000000180d      0x139 contiki-native.a(etimer.o)
                                        0x2b6 (size before relaxing)
 .debug_str     0x0000000000001946       0x3b contiki-native.a(random.o)
                                        0x105 (size before relaxing)
 .debug_str     0x0000000000001981       0x62 contiki-native.a(ringbuf.o)
                                        0x163 (size before relaxing)
 .debug_str     0x00000000000019e3       0x2e contiki-native.a(netstack.o)
                                        0x209 (size before relaxing)
 .debug_str     0x0000000000001a11      0x249 contiki-native.a(packetbuf.o)
                                        0x673 (size before relaxing)
 .debug_str     0x0000000000001c5a      0x190 contiki-native.a(queuebuf.o)
                                        0x5f6 (size before relaxing)
 .debug_str     0x0000000000001dea      0x2d2 contiki-native.a(tcpip.o)
                                        0x64e (size before relaxing)
 .debug_str     0x00000000000020bc      0x2ef contiki-native.a(uip.o)
                                        0x610 (size before relaxing)
 .debug_str     0x00000000000023ab       0x42 contiki-native.a(nullradio.o)
                                        0x145 (size before relaxing)
 .debug_str     0x00000000000023ed       0x4b contiki-native.a(clock.o)
                                        0x150 (size before relaxing)
 .debug_str     0x0000000000002438       0x4c contiki-native.a(memb.o)
                                        0x146 (size before relaxing)
 .debug_str     0x0000000000002484       0x2d contiki-native.a(timer.o)
                                        0x150 (size before relaxing)

.debug_loc      0x0000000000000000     0x3fc7
 *(.debug_loc)
 .debug_loc     0x0000000000000000      0x13c t2_ctimer.co
 .debug_loc     0x000000000000013c      0x3e9 contiki-native.a(process.o)
 .debug_loc     0x0000000000000525      0x282 contiki-native.a(ctimer.o)
 .debug_loc     0x00000000000007a7      0x224 contiki-native.a(contiki-main.o)
 .debug_loc     0x00000000000009cb      0x1ed contiki-native.a(leds.o)
 .debug_loc     0x0000000000000bb8       0x2c contiki-native.a(button-sensor.o)
 .debug_loc     0x0000000000000be4       0x2c contiki-native.a(pir-sensor.o)
 .debug_loc     0x0000000000000c10       0x2c contiki-native.a(vib-sensor.o)
 .debug_loc     0x0000000000000c3c      0x1da contiki-native.a(sensors.o)
 .debug_loc     0x0000000000000e16       0x58 contiki-native.a(rimeaddr.o)
 .debug_loc     0x0000000000000e6e      0x206 contiki-native.a(rime.o)
 .debug_loc     0x0000000000001074      0x237 contiki-native.a(announcement.o)
 .debug_loc     0x00000000000012ab      0x291 contiki-native.a(broadcast-annou)
 .debug_loc     0x000000000000153c       0xf4 contiki-native.a(broadcast.o)
 .debug_loc     0x0000000000001630       0xdc contiki-native.a(abc.o)
 .debug_loc     0x000000000000170c      0x11b contiki-native.a(chameleon.o)
 .debug_loc     0x0000000000001827      0x130 contiki-native.a(channel.o)
 .debug_loc     0x0000000000001957      0x552 contiki-native.a(chameleon-bitop)
 .debug_loc     0x0000000000001ea9       0xb0 contiki-native.a(nullmac.o)
 .debug_loc     0x0000000000001f59      0x27f contiki-native.a(nullrdc.o)
 .debug_loc     0x00000000000021d8       0x2c contiki-native.a(mac.o)
 .debug_loc     0x0000000000002204       0xc4 contiki-native.a(framer-nullmac.)
 .debug_loc     0x00000000000022c8       0xb0 contiki-native.a(autostart.o)
 .debug_loc     0x0000000000002378      0x10a contiki-native.a(serial-line.o)
 .debug_loc     0x0000000000002482      0x1a5 contiki-native.a(list.o)
 .debug_loc     0x0000000000002627      0x3e4 contiki-native.a(etimer.o)
 .debug_loc     0x0000000000002a0b       0x58 contiki-native.a(random.o)
 .debug_loc     0x0000000000002a63       0x6b contiki-native.a(ringbuf.o)
 .debug_loc     0x0000000000002ace       0x2c contiki-native.a(netstack.o)
 .debug_loc     0x0000000000002afa      0x328 contiki-native.a(packetbuf.o)
 .debug_loc     0x0000000000002e22      0x330 contiki-native.a(queuebuf.o)
 .debug_loc     0x0000000000003152      0x520 contiki-native.a(tcpip.o)
 .debug_loc     0x0000000000003672      0x5ad contiki-native.a(uip.o)
 .debug_loc     0x0000000000003c1f       0x2c contiki-native.a(nullradio.o)
 .debug_loc     0x0000000000003c4b       0x70 contiki-native.a(clock.o)
 .debug_loc     0x0000000000003cbb      0x1f8 contiki-native.a(memb.o)
 .debug_loc     0x0000000000003eb3      0x114 contiki-native.a(timer.o)

.debug_macinfo
 *(.debug_macinfo)

.debug_weaknames
 *(.debug_weaknames)

.debug_funcnames
 *(.debug_funcnames)

.debug_typenames
 *(.debug_typenames)

.debug_varnames
 *(.debug_varnames)

.debug_pubtypes
 *(.debug_pubtypes)

.debug_ranges   0x0000000000000000       0x48
 *(.debug_ranges)
 .debug_ranges  0x0000000000000000       0x18 contiki-native.a(contiki-main.o)
 .debug_ranges  0x0000000000000018       0x18 contiki-native.a(chameleon-bitop)
 .debug_ranges  0x0000000000000030       0x18 contiki-native.a(packetbuf.o)

.gnu.attributes
 *(.gnu.attributes)

/DISCARD/
 *(.note.GNU-stack)
 *(.gnu_debuglink)
 *(.gnu.lto_*)
OUTPUT(t2_ctimer.native elf32-i386)
