Archive member included because of file (symbol)

contiki-native.a(contiki-main.o)
                              /usr/lib/gcc/i686-linux-gnu/4.6/../../../i386-linux-gnu/crt1.o (main)
contiki-native.a(button-sensor.o)
                              contiki-native.a(contiki-main.o) (button_sensor)
contiki-native.a(pir-sensor.o)
                              contiki-native.a(contiki-main.o) (pir_sensor)
contiki-native.a(vib-sensor.o)
                              contiki-native.a(contiki-main.o) (vib_sensor)
contiki-native.a(sensors.o)   contiki-native.a(button-sensor.o) (sensors_changed)
contiki-native.a(rimeaddr.o)  contiki-native.a(contiki-main.o) (rimeaddr_set_node_addr)
contiki-native.a(rime.o)      contiki-native.a(contiki-main.o) (rime_driver)
contiki-native.a(announcement.o)
                              contiki-native.a(rime.o) (announcement_init)
contiki-native.a(broadcast-annou)
                              contiki-native.a(rime.o) (broadcast_announcement_init)
contiki-native.a(broadcast.o)
                              contiki-native.a(broadcast-annou) (broadcast_open)
contiki-native.a(abc.o)       contiki-native.a(broadcast.o) (abc_open)
contiki-native.a(chameleon.o)
                              contiki-native.a(rime.o) (chameleon_init)
contiki-native.a(channel.o)   contiki-native.a(chameleon.o) (channel_init)
contiki-native.a(chameleon-bitop)
                              contiki-native.a(chameleon.o) (chameleon_bitopt)
contiki-native.a(nullmac.o)   contiki-native.a(contiki-main.o) (nullmac_driver)
contiki-native.a(nullrdc.o)   contiki-native.a(contiki-main.o) (nullrdc_driver)
contiki-native.a(mac.o)       contiki-native.a(nullrdc.o) (mac_call_sent_callback)
contiki-native.a(framer-nullmac.)
                              contiki-native.a(nullrdc.o) (framer_nullmac)
contiki-native.a(process.o)   contiki-native.a(sensors.o) (process_alloc_event)
contiki-native.a(autostart.o)
                              contiki-native.a(contiki-main.o) (autostart_start)
contiki-native.a(serial-line.o)
                              contiki-native.a(contiki-main.o) (serial_line_input_byte)
contiki-native.a(list.o)      contiki-native.a(announcement.o) (list_init)
contiki-native.a(etimer.o)    contiki-native.a(contiki-main.o) (etimer_request_poll)
contiki-native.a(ctimer.o)    contiki-native.a(contiki-main.o) (ctimer_init)
contiki-native.a(random.o)    contiki-native.a(broadcast-annou) (random_rand)
contiki-native.a(ringbuf.o)   contiki-native.a(serial-line.o) (ringbuf_init)
contiki-native.a(netstack.o)  contiki-native.a(contiki-main.o) (netstack_init)
contiki-native.a(packetbuf.o)
                              contiki-native.a(chameleon-bitop) (packetbuf_hdrreduce)
contiki-native.a(queuebuf.o)  contiki-native.a(contiki-main.o) (queuebuf_init)
contiki-native.a(tcpip.o)     contiki-native.a(contiki-main.o) (tcpip_process)
contiki-native.a(uip.o)       contiki-native.a(tcpip.o) (uip_conn)
contiki-native.a(nullradio.o)
                              contiki-native.a(nullrdc.o) (nullradio_driver)
contiki-native.a(clock.o)     contiki-native.a(etimer.o) (clock_time)
contiki-native.a(memb.o)      contiki-native.a(queuebuf.o) (memb_init)
contiki-native.a(timer.o)     contiki-native.a(etimer.o) (timer_set)
/usr/lib/i386-linux-gnu/libc_nonshared.a(elf-init.oS)
                              /usr/lib/gcc/i686-linux-gnu/4.6/../../../i386-linux-gnu/crt1.o (__libc_csu_init)

Allocating common symbols
Common symbol       size              file

uip_draddr          0x4               contiki-native.a(uip.o)
uip_slen            0x2               contiki-native.a(uip.o)
uip_acc32           0x4               contiki-native.a(uip.o)
uip_conns           0x5a0             contiki-native.a(uip.o)
uip_netmask         0x4               contiki-native.a(uip.o)
uip_hostaddr        0x4               contiki-native.a(uip.o)
serial_line_event_message
                    0x1               contiki-native.a(serial-line.o)
uip_appdata         0x4               contiki-native.a(uip.o)
uip_flags           0x1               contiki-native.a(uip.o)
packetbuf_attrs     0x30              contiki-native.a(packetbuf.o)
uip_aligned_buf     0x1a4             contiki-native.a(uip.o)
contiki_argv        0x4               contiki-native.a(contiki-main.o)
uip_listenports     0x50              contiki-native.a(uip.o)
uip_len             0x2               contiki-native.a(uip.o)
tcpip_event         0x1               contiki-native.a(tcpip.o)
uip_sappdata        0x4               contiki-native.a(uip.o)
sensors_event       0x1               contiki-native.a(sensors.o)
uip_udp_conns       0xc8              contiki-native.a(uip.o)
rimeaddr_node_addr  0x2               contiki-native.a(rimeaddr.o)
packetbuf_addrs     0x8               contiki-native.a(packetbuf.o)
uip_udp_conn        0x4               contiki-native.a(uip.o)
sensors_flags       0x4               contiki-native.a(contiki-main.o)
uip_conn            0x4               contiki-native.a(uip.o)

Discarded input sections

 .note.GNU-stack
                0x0000000000000000        0x0 /usr/lib/gcc/i686-linux-gnu/4.6/../../../i386-linux-gnu/crt1.o
 .gnu_debuglink
                0x0000000000000000        0xc /usr/lib/gcc/i686-linux-gnu/4.6/../../../i386-linux-gnu/crt1.o
 .note.GNU-stack
                0x0000000000000000        0x0 /usr/lib/gcc/i686-linux-gnu/4.6/../../../i386-linux-gnu/crti.o
 .gnu_debuglink
                0x0000000000000000        0xc /usr/lib/gcc/i686-linux-gnu/4.6/../../../i386-linux-gnu/crti.o
 .note.GNU-stack
                0x0000000000000000        0x0 /usr/lib/gcc/i686-linux-gnu/4.6/crtbegin.o
 .note.GNU-stack
                0x0000000000000000        0x0 hello-world.co
 .note.GNU-stack
                0x0000000000000000        0x0 contiki-native.a(contiki-main.o)
 .note.GNU-stack
                0x0000000000000000        0x0 contiki-native.a(button-sensor.o)
 .note.GNU-stack
                0x0000000000000000        0x0 contiki-native.a(pir-sensor.o)
 .note.GNU-stack
                0x0000000000000000        0x0 contiki-native.a(vib-sensor.o)
 .note.GNU-stack
                0x0000000000000000        0x0 contiki-native.a(sensors.o)
 .note.GNU-stack
                0x0000000000000000        0x0 contiki-native.a(rimeaddr.o)
 .note.GNU-stack
                0x0000000000000000        0x0 contiki-native.a(rime.o)
 .note.GNU-stack
                0x0000000000000000        0x0 contiki-native.a(announcement.o)
 .note.GNU-stack
                0x0000000000000000        0x0 contiki-native.a(broadcast-annou)
 .note.GNU-stack
                0x0000000000000000        0x0 contiki-native.a(broadcast.o)
 .note.GNU-stack
                0x0000000000000000        0x0 contiki-native.a(abc.o)
 .note.GNU-stack
                0x0000000000000000        0x0 contiki-native.a(chameleon.o)
 .note.GNU-stack
                0x0000000000000000        0x0 contiki-native.a(channel.o)
 .note.GNU-stack
                0x0000000000000000        0x0 contiki-native.a(chameleon-bitop)
 .note.GNU-stack
                0x0000000000000000        0x0 contiki-native.a(nullmac.o)
 .note.GNU-stack
                0x0000000000000000        0x0 contiki-native.a(nullrdc.o)
 .note.GNU-stack
                0x0000000000000000        0x0 contiki-native.a(mac.o)
 .note.GNU-stack
                0x0000000000000000        0x0 contiki-native.a(framer-nullmac.)
 .note.GNU-stack
                0x0000000000000000        0x0 contiki-native.a(process.o)
 .note.GNU-stack
                0x0000000000000000        0x0 contiki-native.a(autostart.o)
 .note.GNU-stack
                0x0000000000000000        0x0 contiki-native.a(serial-line.o)
 .note.GNU-stack
                0x0000000000000000        0x0 contiki-native.a(list.o)
 .note.GNU-stack
                0x0000000000000000        0x0 contiki-native.a(etimer.o)
 .note.GNU-stack
                0x0000000000000000        0x0 contiki-native.a(ctimer.o)
 .note.GNU-stack
                0x0000000000000000        0x0 contiki-native.a(random.o)
 .note.GNU-stack
                0x0000000000000000        0x0 contiki-native.a(ringbuf.o)
 .note.GNU-stack
                0x0000000000000000        0x0 contiki-native.a(netstack.o)
 .note.GNU-stack
                0x0000000000000000        0x0 contiki-native.a(packetbuf.o)
 .note.GNU-stack
                0x0000000000000000        0x0 contiki-native.a(queuebuf.o)
 .note.GNU-stack
                0x0000000000000000        0x0 contiki-native.a(tcpip.o)
 .note.GNU-stack
                0x0000000000000000        0x0 contiki-native.a(uip.o)
 .note.GNU-stack
                0x0000000000000000        0x0 contiki-native.a(nullradio.o)
 .note.GNU-stack
                0x0000000000000000        0x0 contiki-native.a(clock.o)
 .note.GNU-stack
                0x0000000000000000        0x0 contiki-native.a(memb.o)
 .note.GNU-stack
                0x0000000000000000        0x0 contiki-native.a(timer.o)
 .group         0x0000000000000000        0x8 /usr/lib/i386-linux-gnu/libc_nonshared.a(elf-init.oS)
 .note.GNU-stack
                0x0000000000000000        0x0 /usr/lib/i386-linux-gnu/libc_nonshared.a(elf-init.oS)
 .note.GNU-stack
                0x0000000000000000        0x0 /usr/lib/gcc/i686-linux-gnu/4.6/crtend.o
 .note.GNU-stack
                0x0000000000000000        0x0 /usr/lib/gcc/i686-linux-gnu/4.6/../../../i386-linux-gnu/crtn.o
 .gnu_debuglink
                0x0000000000000000        0xc /usr/lib/gcc/i686-linux-gnu/4.6/../../../i386-linux-gnu/crtn.o

Memory Configuration

Name             Origin             Length             Attributes
*default*        0x0000000000000000 0xffffffffffffffff

Linker script and memory map

LOAD /usr/lib/gcc/i686-linux-gnu/4.6/../../../i386-linux-gnu/crt1.o
LOAD /usr/lib/gcc/i686-linux-gnu/4.6/../../../i386-linux-gnu/crti.o
LOAD /usr/lib/gcc/i686-linux-gnu/4.6/crtbegin.o
LOAD hello-world.co
LOAD contiki-native.a
LOAD /usr/lib/gcc/i686-linux-gnu/4.6/../../../i386-linux-gnu/libncurses.so
LOAD /lib/i386-linux-gnu/libncurses.so.5
LOAD /usr/lib/gcc/i686-linux-gnu/4.6/../../../i386-linux-gnu/libtinfo.so
LOAD /usr/lib/gcc/i686-linux-gnu/4.6/libgcc.a
LOAD /usr/lib/gcc/i686-linux-gnu/4.6/libgcc_s.so
LOAD /usr/lib/gcc/i686-linux-gnu/4.6/../../../i386-linux-gnu/libc.so
START GROUP
LOAD /lib/i386-linux-gnu/libc.so.6
LOAD /usr/lib/i386-linux-gnu/libc_nonshared.a
LOAD /lib/i386-linux-gnu/ld-linux.so.2
END GROUP
LOAD /usr/lib/gcc/i686-linux-gnu/4.6/libgcc.a
LOAD /usr/lib/gcc/i686-linux-gnu/4.6/libgcc_s.so
LOAD /usr/lib/gcc/i686-linux-gnu/4.6/crtend.o
LOAD /usr/lib/gcc/i686-linux-gnu/4.6/../../../i386-linux-gnu/crtn.o
                0x0000000008048000                PROVIDE (__executable_start, 0x8048000)
                0x0000000008048154                . = (0x8048000 + SIZEOF_HEADERS)

.interp         0x0000000008048154       0x13
 *(.interp)
 .interp        0x0000000008048154       0x13 /usr/lib/gcc/i686-linux-gnu/4.6/../../../i386-linux-gnu/crt1.o

.note.ABI-tag   0x0000000008048168       0x20
 .note.ABI-tag  0x0000000008048168       0x20 /usr/lib/gcc/i686-linux-gnu/4.6/../../../i386-linux-gnu/crt1.o

.note.gnu.build-id
                0x0000000008048188       0x24
 *(.note.gnu.build-id)
 .note.gnu.build-id
                0x0000000008048188       0x24 /usr/lib/gcc/i686-linux-gnu/4.6/../../../i386-linux-gnu/crt1.o

.hash
 *(.hash)

.gnu.hash       0x00000000080481ac      0x7e4
 *(.gnu.hash)
 .gnu.hash      0x00000000080481ac      0x7e4 /usr/lib/gcc/i686-linux-gnu/4.6/../../../i386-linux-gnu/crt1.o

.dynsym         0x0000000008048990     0x1040
 *(.dynsym)
 .dynsym        0x0000000008048990     0x1040 /usr/lib/gcc/i686-linux-gnu/4.6/../../../i386-linux-gnu/crt1.o

.dynstr         0x00000000080499d0      0xe96
 *(.dynstr)
 .dynstr        0x00000000080499d0      0xe96 /usr/lib/gcc/i686-linux-gnu/4.6/../../../i386-linux-gnu/crt1.o

.gnu.version    0x000000000804a866      0x208
 *(.gnu.version)
 .gnu.version   0x000000000804a866      0x208 /usr/lib/gcc/i686-linux-gnu/4.6/../../../i386-linux-gnu/crt1.o

.gnu.version_d  0x000000000804aa70        0x0
 *(.gnu.version_d)
 .gnu.version_d
                0x0000000000000000        0x0 /usr/lib/gcc/i686-linux-gnu/4.6/../../../i386-linux-gnu/crt1.o

.gnu.version_r  0x000000000804aa70       0x40
 *(.gnu.version_r)
 .gnu.version_r
                0x000000000804aa70       0x40 /usr/lib/gcc/i686-linux-gnu/4.6/../../../i386-linux-gnu/crt1.o

.rel.dyn        0x000000000804aab0       0x18
 *(.rel.init)
 *(.rel.text .rel.text.* .rel.gnu.linkonce.t.*)
 .rel.text      0x0000000000000000        0x0 /usr/lib/gcc/i686-linux-gnu/4.6/../../../i386-linux-gnu/crt1.o
 *(.rel.fini)
 *(.rel.rodata .rel.rodata.* .rel.gnu.linkonce.r.*)
 *(.rel.data.rel.ro* .rel.gnu.linkonce.d.rel.ro.*)
 *(.rel.data .rel.data.* .rel.gnu.linkonce.d.*)
 .rel.data      0x0000000000000000        0x0 /usr/lib/gcc/i686-linux-gnu/4.6/../../../i386-linux-gnu/crt1.o
 *(.rel.tdata .rel.tdata.* .rel.gnu.linkonce.td.*)
 *(.rel.tbss .rel.tbss.* .rel.gnu.linkonce.tb.*)
 *(.rel.ctors)
 *(.rel.dtors)
 *(.rel.got)
 .rel.got       0x000000000804aab0        0x8 /usr/lib/gcc/i686-linux-gnu/4.6/../../../i386-linux-gnu/crt1.o
 *(.rel.bss .rel.bss.* .rel.gnu.linkonce.b.*)
 .rel.bss       0x000000000804aab8       0x10 /usr/lib/gcc/i686-linux-gnu/4.6/../../../i386-linux-gnu/crt1.o
 *(.rel.ifunc)

.rel.plt        0x000000000804aac8       0x90
 *(.rel.plt)
 .rel.plt       0x000000000804aac8       0x90 /usr/lib/gcc/i686-linux-gnu/4.6/../../../i386-linux-gnu/crt1.o
                0x000000000804ab58                PROVIDE (__rel_iplt_start, .)
 *(.rel.iplt)
 .rel.iplt      0x0000000000000000        0x0 /usr/lib/gcc/i686-linux-gnu/4.6/../../../i386-linux-gnu/crt1.o
                0x000000000804ab58                PROVIDE (__rel_iplt_end, .)

.init           0x000000000804ab58       0x2e
 *(.init)
 .init          0x000000000804ab58       0x1f /usr/lib/gcc/i686-linux-gnu/4.6/../../../i386-linux-gnu/crti.o
                0x000000000804ab58                _init
 .init          0x000000000804ab77        0x5 /usr/lib/gcc/i686-linux-gnu/4.6/crtbegin.o
 .init          0x000000000804ab7c        0x5 /usr/lib/gcc/i686-linux-gnu/4.6/crtend.o
 .init          0x000000000804ab81        0x5 /usr/lib/gcc/i686-linux-gnu/4.6/../../../i386-linux-gnu/crtn.o

.plt            0x000000000804ab90      0x130
 *(.plt)
 .plt           0x000000000804ab90      0x130 /usr/lib/gcc/i686-linux-gnu/4.6/../../../i386-linux-gnu/crt1.o
                0x000000000804aba0                read@@GLIBC_2.0
                0x000000000804abb0                memcpy@@GLIBC_2.0
                0x000000000804abc0                memcmp@@GLIBC_2.0
                0x000000000804abd0                gettimeofday@@GLIBC_2.0
                0x000000000804abe0                select@@GLIBC_2.0
                0x000000000804abf0                __stack_chk_fail@@GLIBC_2.4
                0x000000000804ac00                perror@@GLIBC_2.0
                0x000000000804ac10                puts@@GLIBC_2.0
                0x000000000804ac20                __memcpy_chk@@GLIBC_2.3.4
                0x000000000804ac40                srand@@GLIBC_2.0
                0x000000000804ac50                __libc_start_main@@GLIBC_2.0
                0x000000000804ac60                setvbuf@@GLIBC_2.0
                0x000000000804ac70                memset@@GLIBC_2.0
                0x000000000804ac80                rand@@GLIBC_2.0
                0x000000000804ac90                __printf_chk@@GLIBC_2.3.4
                0x000000000804aca0                __fprintf_chk@@GLIBC_2.3.4
                0x000000000804acb0                strncmp@@GLIBC_2.0
 *(.iplt)
 .iplt          0x0000000000000000        0x0 /usr/lib/gcc/i686-linux-gnu/4.6/../../../i386-linux-gnu/crt1.o

.text           0x000000000804acc0     0x4c6c
 *(.text.unlikely .text.*_unlikely)
 *(.text.exit .text.exit.*)
 *(.text.startup .text.startup.*)
 *(.text.hot .text.hot.*)
 *(.text .stub .text.* .gnu.linkonce.t.*)
 .text          0x000000000804acc0       0x24 /usr/lib/gcc/i686-linux-gnu/4.6/../../../i386-linux-gnu/crt1.o
                0x000000000804acc0                _start
 .text          0x000000000804ace4        0x0 /usr/lib/gcc/i686-linux-gnu/4.6/../../../i386-linux-gnu/crti.o
 *fill*         0x000000000804ace4        0xc 90909090
 .text          0x000000000804acf0       0x83 /usr/lib/gcc/i686-linux-gnu/4.6/crtbegin.o
 *fill*         0x000000000804ad73        0x1 90909090
 .text          0x000000000804ad74       0x29 hello-world.co
 *fill*         0x000000000804ad9d        0x3 90909090
 .text          0x000000000804ada0      0x39a contiki-native.a(contiki-main.o)
                0x000000000804adea                select_set_callback
                0x000000000804ae81                main
                0x000000000804b0da                log_message
                0x000000000804b10e                uip_log
 *fill*         0x000000000804b13a        0x2 90909090
 .text          0x000000000804b13c       0x25 contiki-native.a(button-sensor.o)
                0x000000000804b14e                button_press
 *fill*         0x000000000804b161        0x3 90909090
 .text          0x000000000804b164       0x2f contiki-native.a(pir-sensor.o)
                0x000000000804b176                pir_sensor_changed
 *fill*         0x000000000804b193        0x1 90909090
 .text          0x000000000804b194       0x2c contiki-native.a(vib-sensor.o)
                0x000000000804b1a6                vib_sensor_changed
 .text          0x000000000804b1c0      0x20c contiki-native.a(sensors.o)
                0x000000000804b327                sensors_first
                0x000000000804b32d                sensors_next
                0x000000000804b33e                sensors_changed
                0x000000000804b361                sensors_find
 .text          0x000000000804b3cc       0x55 contiki-native.a(rimeaddr.o)
                0x000000000804b3cc                rimeaddr_copy
                0x000000000804b3db                rimeaddr_cmp
                0x000000000804b406                rimeaddr_set_node_addr
 *fill*         0x000000000804b421        0xf 90909090
 .text          0x000000000804b430      0x14a contiki-native.a(rime.o)
                0x000000000804b509                rime_sniffer_add
                0x000000000804b524                rime_sniffer_remove
                0x000000000804b53f                rime_output
 *fill*         0x000000000804b57a        0x6 90909090
 .text          0x000000000804b580      0x1fe contiki-native.a(announcement.o)
                0x000000000804b580                announcement_init
                0x000000000804b593                announcement_register
                0x000000000804b5f5                announcement_remove
                0x000000000804b610                announcement_remove_value
                0x000000000804b651                announcement_set_value
                0x000000000804b6a1                announcement_bump
                0x000000000804b6db                announcement_listen
                0x000000000804b6f4                announcement_register_listen_callback
                0x000000000804b6fe                announcement_register_observer_callback
                0x000000000804b708                announcement_list
                0x000000000804b71b                announcement_heard
 *fill*         0x000000000804b77e        0x2 90909090
 .text          0x000000000804b780      0x20e contiki-native.a(broadcast-annou)
                0x000000000804b912                broadcast_announcement_init
                0x000000000804b95d                broadcast_announcement_stop
                0x000000000804b988                broadcast_announcement_beacon_interval
 *fill*         0x000000000804b98e        0x2 90909090
 .text          0x000000000804b990       0xee contiki-native.a(broadcast.o)
                0x000000000804b9f9                broadcast_open
                0x000000000804ba44                broadcast_close
                0x000000000804ba57                broadcast_send
 *fill*         0x000000000804ba7e        0x2 90909090
 .text          0x000000000804ba80       0xac contiki-native.a(abc.o)
                0x000000000804ba80                abc_open
                0x000000000804bac3                abc_close
                0x000000000804bad6                abc_send
                0x000000000804bae9                abc_input
                0x000000000804bb02                abc_sent
 .text          0x000000000804bb2c       0x8d contiki-native.a(chameleon.o)
                0x000000000804bb2c                chameleon_init
                0x000000000804bb38                chameleon_parse
                0x000000000804bb63                chameleon_create
                0x000000000804bba5                chameleon_hdrsize
 *fill*         0x000000000804bbb9        0x7 90909090
 .text          0x000000000804bbc0       0xc5 contiki-native.a(channel.o)
                0x000000000804bbc0                channel_init
                0x000000000804bbd3                channel_open
                0x000000000804bbf6                channel_close
                0x000000000804bc11                channel_lookup
                0x000000000804bc49                channel_set_attributes
 *fill*         0x000000000804bc85        0x3 90909090
 .text          0x000000000804bc88      0x4e6 contiki-native.a(chameleon-bitop)
                0x000000000804bca6                get_bits_in_byte
                0x000000000804bcdb                get_bits
                0x000000000804bf12                set_bits_in_byte
                0x000000000804bf36                set_bits
 *fill*         0x000000000804c16e        0x2 90909090
 .text          0x000000000804c170       0x52 contiki-native.a(nullmac.o)
 *fill*         0x000000000804c1c2        0xe 90909090
 .text          0x000000000804c1d0      0x18d contiki-native.a(nullrdc.o)
 *fill*         0x000000000804c35d        0x3 90909090
 .text          0x000000000804c360       0x28 contiki-native.a(mac.o)
                0x000000000804c360                mac_call_sent_callback
 .text          0x000000000804c388       0xa6 contiki-native.a(framer-nullmac.)
 *fill*         0x000000000804c42e        0x2 90909090
 .text          0x000000000804c430      0x3ee contiki-native.a(process.o)
                0x000000000804c430                process_alloc_event
                0x000000000804c441                process_init
                0x000000000804c46b                process_nevents
                0x000000000804c47f                process_post
                0x000000000804c4d9                process_poll
                0x000000000804c4fa                process_is_running
                0x000000000804c64d                process_post_synch
                0x000000000804c674                process_start
                0x000000000804c70f                process_run
                0x000000000804c808                process_exit
 *fill*         0x000000000804c81e        0x2 90909090
 .text          0x000000000804c820       0x50 contiki-native.a(autostart.o)
                0x000000000804c820                autostart_start
                0x000000000804c84c                autostart_exit
 .text          0x000000000804c870      0x1b1 contiki-native.a(serial-line.o)
                0x000000000804c976                serial_line_input_byte
                0x000000000804c9ea                serial_line_init
 *fill*         0x000000000804ca21        0xf 90909090
 .text          0x000000000804ca30      0x17c contiki-native.a(list.o)
                0x000000000804ca30                list_init
                0x000000000804ca3b                list_head
                0x000000000804ca42                list_copy
                0x000000000804ca4f                list_tail
                0x000000000804ca65                list_chop
                0x000000000804ca8e                list_pop
                0x000000000804ca9e                list_remove
                0x000000000804cae2                list_push
                0x000000000804cb13                list_add
                0x000000000804cb56                list_length
                0x000000000804cb70                list_insert
                0x000000000804cb9b                list_item_next
 *fill*         0x000000000804cbac        0x4 90909090
 .text          0x000000000804cbb0      0x2e9 contiki-native.a(etimer.o)
                0x000000000804cc02                etimer_request_poll
                0x000000000804cd88                etimer_set
                0x000000000804cdac                etimer_reset
                0x000000000804cdc8                etimer_restart
                0x000000000804cde4                etimer_adjust
                0x000000000804cdfa                etimer_expired
                0x000000000804ce09                etimer_expiration_time
                0x000000000804ce13                etimer_start_time
                0x000000000804ce1a                etimer_pending
                0x000000000804ce28                etimer_next_expiration_time
                0x000000000804ce3c                etimer_stop
 *fill*         0x000000000804ce99        0x7 90909090
 .text          0x000000000804cea0      0x2f3 contiki-native.a(ctimer.o)
                0x000000000804cf7e                ctimer_init
                0x000000000804cfac                ctimer_set
                0x000000000804d02f                ctimer_reset
                0x000000000804d094                ctimer_restart
                0x000000000804d0f9                ctimer_stop
                0x000000000804d13a                ctimer_expired
 *fill*         0x000000000804d193        0x1 90909090
 .text          0x000000000804d194       0x20 contiki-native.a(random.o)
                0x000000000804d194                random_init
                0x000000000804d1a8                random_rand
 .text          0x000000000804d1b4       0xe9 contiki-native.a(ringbuf.o)
                0x000000000804d1b4                ringbuf_init
                0x000000000804d1d2                ringbuf_put
                0x000000000804d230                ringbuf_get
                0x000000000804d27c                ringbuf_size
                0x000000000804d288                ringbuf_elements
 *fill*         0x000000000804d29d        0x3 90909090
 .text          0x000000000804d2a0       0x21 contiki-native.a(netstack.o)
                0x000000000804d2a0                netstack_init
 *fill*         0x000000000804d2c1        0x3 90909090
 .text          0x000000000804d2c4      0x485 contiki-native.a(packetbuf.o)
                0x000000000804d2c4                packetbuf_clear_hdr
                0x000000000804d2cc                packetbuf_copyto_hdr
                0x000000000804d2fe                packetbuf_copyto
                0x000000000804d394                packetbuf_hdr_remove
                0x000000000804d39f                packetbuf_hdrreduce
                0x000000000804d3cc                packetbuf_set_datalen
                0x000000000804d3d7                packetbuf_dataptr
                0x000000000804d3e4                packetbuf_hdrptr
                0x000000000804d3f1                packetbuf_is_reference
                0x000000000804d402                packetbuf_reference_ptr
                0x000000000804d408                packetbuf_datalen
                0x000000000804d410                packetbuf_compact
                0x000000000804d490                packetbuf_hdrlen
                0x000000000804d49c                packetbuf_totlen
                0x000000000804d4b0                packetbuf_hdralloc
                0x000000000804d502                packetbuf_attr_clear
                0x000000000804d546                packetbuf_clear
                0x000000000804d575                packetbuf_reference
                0x000000000804d597                packetbuf_copyfrom
                0x000000000804d5ea                packetbuf_attr_copyto
                0x000000000804d66d                packetbuf_attr_copyfrom
                0x000000000804d6ef                packetbuf_set_attr
                0x000000000804d706                packetbuf_attr
                0x000000000804d714                packetbuf_set_addr
                0x000000000804d73c                packetbuf_addr
 *fill*         0x000000000804d749        0x3 90909090
 .text          0x000000000804d74c      0x2ab contiki-native.a(queuebuf.o)
                0x000000000804d74f                queuebuf_init
                0x000000000804d77a                queuebuf_new_from_packetbuf
                0x000000000804d82b                queuebuf_update_attr_from_packetbuf
                0x000000000804d852                queuebuf_free
                0x000000000804d8bb                queuebuf_to_packetbuf
                0x000000000804d966                queuebuf_dataptr
                0x000000000804d9b1                queuebuf_datalen
                0x000000000804d9be                queuebuf_addr
                0x000000000804d9d9                queuebuf_attr
                0x000000000804d9f5                queuebuf_debug_print
 *fill*         0x000000000804d9f7        0x9 90909090
 .text          0x000000000804da00      0x5c2 contiki-native.a(tcpip.o)
                0x000000000804da23                tcpip_output
                0x000000000804dcca                tcpip_set_outputfunc
                0x000000000804dcd4                tcp_unlisten
                0x000000000804dd3c                tcp_listen
                0x000000000804ddbb                tcp_attach
                0x000000000804ddd0                udp_attach
                0x000000000804dde5                udp_new
                0x000000000804de15                udp_broadcast_new
                0x000000000804de78                tcpip_input
                0x000000000804dea4                tcpip_poll_udp
                0x000000000804dec7                tcpip_poll_tcp
                0x000000000804deea                tcp_connect
                0x000000000804df27                tcpip_uipcall
 *fill*         0x000000000804dfc2        0xe 90909090
 .text          0x000000000804dfd0     0x162b contiki-native.a(uip.o)
                0x000000000804e01c                uip_setipid
                0x000000000804e027                uip_add32
                0x000000000804e119                uip_init
                0x000000000804e16a                uip_unlisten
                0x000000000804e1c2                uip_listen
                0x000000000804e21a                uip_htons
                0x000000000804e224                uip_udp_new
                0x000000000804e317                uip_connect
                0x000000000804e4bb                uip_udpchksum
                0x000000000804e4c7                uip_tcpchksum
                0x000000000804e4d3                uip_ipchksum
                0x000000000804e507                uip_process
                0x000000000804f578                uip_chksum
                0x000000000804f59d                uip_htonl
                0x000000000804f5b7                uip_send
 *fill*         0x000000000804f5fb        0x1 90909090
 .text          0x000000000804f5fc       0x4a contiki-native.a(nullradio.o)
 *fill*         0x000000000804f646        0x2 90909090
 .text          0x000000000804f648       0x5e contiki-native.a(clock.o)
                0x000000000804f648                clock_time
                0x000000000804f685                clock_seconds
                0x000000000804f6a4                clock_delay
 *fill*         0x000000000804f6a6        0xa 90909090
 .text          0x000000000804f6b0      0x150 contiki-native.a(memb.o)
                0x000000000804f6b0                memb_init
                0x000000000804f6f9                memb_alloc
                0x000000000804f755                memb_free
                0x000000000804f7c3                memb_inmemb
 .text          0x000000000804f800       0x72 contiki-native.a(timer.o)
                0x000000000804f800                timer_set
                0x000000000804f81b                timer_reset
                0x000000000804f825                timer_restart
                0x000000000804f837                timer_expired
                0x000000000804f857                timer_remaining
 *fill*         0x000000000804f872        0xe 90909090
 .text          0x000000000804f880       0x72 /usr/lib/i386-linux-gnu/libc_nonshared.a(elf-init.oS)
                0x000000000804f880                __libc_csu_init
                0x000000000804f8f0                __libc_csu_fini
 .text.__i686.get_pc_thunk.bx
                0x000000000804f8f2        0x4 /usr/lib/i386-linux-gnu/libc_nonshared.a(elf-init.oS)
                0x000000000804f8f2                __i686.get_pc_thunk.bx
 *fill*         0x000000000804f8f6        0xa 90909090
 .text          0x000000000804f900       0x2a /usr/lib/gcc/i686-linux-gnu/4.6/crtend.o
 *fill*         0x000000000804f92a        0x2 90909090
 .text          0x000000000804f92c        0x0 /usr/lib/gcc/i686-linux-gnu/4.6/../../../i386-linux-gnu/crtn.o
 *(.gnu.warning)

.fini           0x000000000804f92c       0x1a
 *(.fini)
 .fini          0x000000000804f92c       0x10 /usr/lib/gcc/i686-linux-gnu/4.6/../../../i386-linux-gnu/crti.o
                0x000000000804f92c                _fini
 .fini          0x000000000804f93c        0x5 /usr/lib/gcc/i686-linux-gnu/4.6/crtbegin.o
 .fini          0x000000000804f941        0x5 /usr/lib/gcc/i686-linux-gnu/4.6/../../../i386-linux-gnu/crtn.o
                0x000000000804f946                PROVIDE (__etext, .)
                0x000000000804f946                PROVIDE (_etext, .)
                0x000000000804f946                PROVIDE (etext, .)

.rodata         0x000000000804f960      0x248
 *(.rodata .rodata.* .gnu.linkonce.r.*)
 .rodata        0x000000000804f960        0x4 /usr/lib/gcc/i686-linux-gnu/4.6/../../../i386-linux-gnu/crt1.o
                0x000000000804f960                _fp_hw
 .rodata.cst4   0x000000000804f964        0x4 /usr/lib/gcc/i686-linux-gnu/4.6/../../../i386-linux-gnu/crt1.o
                0x000000000804f964                _IO_stdin_used
 .rodata.str1.1
                0x000000000804f968       0x21 hello-world.co
 *fill*         0x000000000804f989        0x3 00
 .rodata        0x000000000804f98c        0x8 hello-world.co
                0x000000000804f98c                autostart_processes
 .rodata.str1.1
                0x000000000804f994       0x5e contiki-native.a(contiki-main.o)
                                         0x62 (size before relaxing)
 *fill*         0x000000000804f9f2        0x2 00
 .rodata        0x000000000804f9f4        0x8 contiki-native.a(contiki-main.o)
 .rodata.str1.1
                0x000000000804f9fc        0x7 contiki-native.a(button-sensor.o)
 *fill*         0x000000000804fa03        0x1 00
 .rodata        0x000000000804fa04       0x10 contiki-native.a(button-sensor.o)
                0x000000000804fa04                button_sensor
 .rodata.str1.1
                0x000000000804fa14        0x4 contiki-native.a(pir-sensor.o)
 .rodata        0x000000000804fa18       0x10 contiki-native.a(pir-sensor.o)
                0x000000000804fa18                pir_sensor
 .rodata.str1.1
                0x000000000804fa28        0xa contiki-native.a(vib-sensor.o)
 *fill*         0x000000000804fa32        0x2 00
 .rodata        0x000000000804fa34       0x10 contiki-native.a(vib-sensor.o)
                0x000000000804fa34                vib_sensor
 .rodata.str1.1
                0x000000000804fa44        0x8 contiki-native.a(sensors.o)
 .rodata        0x000000000804fa4c        0x2 contiki-native.a(rimeaddr.o)
                0x000000000804fa4c                rimeaddr_null
 .rodata.str1.1
                0x000000000804fa4e        0x5 contiki-native.a(rime.o)
 *fill*         0x000000000804fa53        0x1 00
 .rodata        0x000000000804fa54        0xc contiki-native.a(rime.o)
                0x000000000804fa54                rime_driver
 .rodata        0x000000000804fa60        0x8 contiki-native.a(broadcast-annou)
 .rodata        0x000000000804fa68        0xc contiki-native.a(broadcast.o)
 .rodata        0x000000000804fa74        0x2 contiki-native.a(abc.o)
 *fill*         0x000000000804fa76        0x2 00
 .rodata        0x000000000804fa78       0x15 contiki-native.a(chameleon-bitop)
                0x000000000804fa78                chameleon_bitopt
 .rodata.str1.1
                0x000000000804fa8d        0x8 contiki-native.a(nullmac.o)
 *fill*         0x000000000804fa95        0x3 00
 .rodata        0x000000000804fa98       0x1c contiki-native.a(nullmac.o)
                0x000000000804fa98                nullmac_driver
 .rodata.str1.1
                0x000000000804fab4        0x8 contiki-native.a(nullrdc.o)
 *fill*         0x000000000804fabc        0x4 00
 .rodata        0x000000000804fac0       0x20 contiki-native.a(nullrdc.o)
                0x000000000804fac0                nullrdc_driver
 .rodata        0x000000000804fae0        0x8 contiki-native.a(framer-nullmac.)
                0x000000000804fae0                framer_nullmac
 .rodata.str1.1
                0x000000000804fae8        0xe contiki-native.a(serial-line.o)
 .rodata.str1.1
                0x000000000804faf6        0xc contiki-native.a(etimer.o)
 .rodata.str1.1
                0x000000000804fb02        0xf contiki-native.a(ctimer.o)
 .rodata.str1.1
                0x000000000804fb11        0xd contiki-native.a(tcpip.o)
 *fill*         0x000000000804fb1e        0x2 00
 .rodata        0x000000000804fb20       0x4c contiki-native.a(uip.o)
                0x000000000804fb64                uip_all_zeroes_addr
                0x000000000804fb68                uip_broadcast_addr
 *fill*         0x000000000804fb6c       0x14 00
 .rodata        0x000000000804fb80       0x28 contiki-native.a(nullradio.o)
                0x000000000804fb80                nullradio_driver

.rodata1
 *(.rodata1)

.eh_frame_hdr   0x000000000804fba8      0x7e4
 *(.eh_frame_hdr)
 .eh_frame_hdr  0x000000000804fba8      0x7e4 /usr/lib/gcc/i686-linux-gnu/4.6/../../../i386-linux-gnu/crt1.o

.eh_frame       0x000000000805038c     0x1bbc
 *(.eh_frame)
 .eh_frame      0x000000000805038c       0x3c /usr/lib/gcc/i686-linux-gnu/4.6/../../../i386-linux-gnu/crt1.o
                                         0x40 (size before relaxing)
 .eh_frame      0x00000000080503c8       0x20 hello-world.co
                                         0x38 (size before relaxing)
 .eh_frame      0x00000000080503e8       0x90 contiki-native.a(contiki-main.o)
                                         0xa8 (size before relaxing)
 .eh_frame      0x0000000008050478       0x54 contiki-native.a(button-sensor.o)
                                         0x6c (size before relaxing)
 .eh_frame      0x00000000080504cc       0x54 contiki-native.a(pir-sensor.o)
                                         0x6c (size before relaxing)
 .eh_frame      0x0000000008050520       0x54 contiki-native.a(vib-sensor.o)
                                         0x6c (size before relaxing)
 .eh_frame      0x0000000008050574       0xb4 contiki-native.a(sensors.o)
                                         0xcc (size before relaxing)
 .eh_frame      0x0000000008050628       0x44 contiki-native.a(rimeaddr.o)
                                         0x5c (size before relaxing)
 .eh_frame      0x000000000805066c       0xc0 contiki-native.a(rime.o)
                                         0xd8 (size before relaxing)
 .eh_frame      0x000000000805072c      0x12c contiki-native.a(announcement.o)
                                        0x144 (size before relaxing)
 .eh_frame      0x0000000008050858      0x108 contiki-native.a(broadcast-annou)
                                        0x120 (size before relaxing)
 .eh_frame      0x0000000008050960       0x88 contiki-native.a(broadcast.o)
                                         0xa0 (size before relaxing)
 .eh_frame      0x00000000080509e8       0x80 contiki-native.a(abc.o)
                                         0x98 (size before relaxing)
 .eh_frame      0x0000000008050a68       0x70 contiki-native.a(chameleon.o)
                                         0x88 (size before relaxing)
 .eh_frame      0x0000000008050ad8       0x88 contiki-native.a(channel.o)
                                         0xa0 (size before relaxing)
 .eh_frame      0x0000000008050b60      0x140 contiki-native.a(chameleon-bitop)
                                        0x158 (size before relaxing)
 .eh_frame      0x0000000008050ca0       0x88 contiki-native.a(nullmac.o)
                                         0xa0 (size before relaxing)
 .eh_frame      0x0000000008050d28       0xe4 contiki-native.a(nullrdc.o)
                                         0xfc (size before relaxing)
 .eh_frame      0x0000000008050e0c       0x18 contiki-native.a(mac.o)
                                         0x30 (size before relaxing)
 .eh_frame      0x0000000008050e24       0x48 contiki-native.a(framer-nullmac.)
                                         0x60 (size before relaxing)
 .eh_frame      0x0000000008050e6c      0x170 contiki-native.a(process.o)
                                        0x188 (size before relaxing)
 .eh_frame      0x0000000008050fdc       0x40 contiki-native.a(autostart.o)
                                         0x58 (size before relaxing)
 .eh_frame      0x000000000805101c       0x54 contiki-native.a(serial-line.o)
                                         0x6c (size before relaxing)
 .eh_frame      0x0000000008051070      0x114 contiki-native.a(list.o)
                                        0x12c (size before relaxing)
 .eh_frame      0x0000000008051184      0x194 contiki-native.a(etimer.o)
                                        0x1ac (size before relaxing)
 .eh_frame      0x0000000008051318       0xf0 contiki-native.a(ctimer.o)
                                        0x108 (size before relaxing)
 .eh_frame      0x0000000008051408       0x30 contiki-native.a(random.o)
                                         0x48 (size before relaxing)
 .eh_frame      0x0000000008051438       0x80 contiki-native.a(ringbuf.o)
                                         0x98 (size before relaxing)
 .eh_frame      0x00000000080514b8       0x18 contiki-native.a(netstack.o)
                                         0x30 (size before relaxing)
 .eh_frame      0x00000000080514d0      0x26c contiki-native.a(packetbuf.o)
                                        0x284 (size before relaxing)
 .eh_frame      0x000000000805173c      0x13c contiki-native.a(queuebuf.o)
                                        0x154 (size before relaxing)
 .eh_frame      0x0000000008051878      0x1e0 contiki-native.a(tcpip.o)
                                        0x1f8 (size before relaxing)
 .eh_frame      0x0000000008051a58      0x238 contiki-native.a(uip.o)
                                        0x250 (size before relaxing)
 .eh_frame      0x0000000008051c90       0xcc contiki-native.a(nullradio.o)
                                         0xe4 (size before relaxing)
 .eh_frame      0x0000000008051d5c       0x4c contiki-native.a(clock.o)
                                         0x64 (size before relaxing)
 .eh_frame      0x0000000008051da8       0xac contiki-native.a(memb.o)
                                         0xc4 (size before relaxing)
 .eh_frame      0x0000000008051e54       0x8c contiki-native.a(timer.o)
                                         0xa4 (size before relaxing)
 .eh_frame      0x0000000008051ee0       0x64 /usr/lib/i386-linux-gnu/libc_nonshared.a(elf-init.oS)
                                         0x7c (size before relaxing)
 .eh_frame      0x0000000008051f44        0x4 /usr/lib/gcc/i686-linux-gnu/4.6/crtend.o

.gcc_except_table
 *(.gcc_except_table .gcc_except_table.*)

.exception_ranges
 *(.exception_ranges .exception_ranges*)
                0x0000000008051f48                . = (ALIGN (0x1000) - ((0x1000 - .) & 0xfff))
                0x0000000008052f14                . = DATA_SEGMENT_ALIGN (0x1000, 0x1000)

.eh_frame
 *(.eh_frame)

.gcc_except_table
 *(.gcc_except_table .gcc_except_table.*)

.exception_ranges
 *(.exception_ranges .exception_ranges*)

.tdata
 *(.tdata .tdata.* .gnu.linkonce.td.*)

.tbss
 *(.tbss .tbss.* .gnu.linkonce.tb.*)
 *(.tcommon)

.preinit_array  0x0000000008052f14        0x0
                0x0000000008052f14                PROVIDE (__preinit_array_start, .)
 *(.preinit_array)
                0x0000000008052f14                PROVIDE (__preinit_array_end, .)

.init_array     0x0000000008052f14        0x0
                0x0000000008052f14                PROVIDE (__init_array_start, .)
 *(SORT(.init_array.*) SORT(.ctors.*))
 *(.init_array)
 *(EXCLUDE_FILE(*crtend?.o *crtend.o *crtbegin?.o *crtbegin.o) .ctors)
                0x0000000008052f14                PROVIDE (__init_array_end, .)

.fini_array     0x0000000008052f14        0x0
                0x0000000008052f14                PROVIDE (__fini_array_start, .)
 *(SORT(.fini_array.*) SORT(.dtors.*))
 *(.fini_array)
 *(EXCLUDE_FILE(*crtend?.o *crtend.o *crtbegin?.o *crtbegin.o) .dtors)
                0x0000000008052f14                PROVIDE (__fini_array_end, .)

.ctors          0x0000000008052f14        0x8
 *crtbegin.o(.ctors)
 .ctors         0x0000000008052f14        0x4 /usr/lib/gcc/i686-linux-gnu/4.6/crtbegin.o
 *crtbegin?.o(.ctors)
 *(EXCLUDE_FILE(*crtend?.o *crtend.o) .ctors)
 *(SORT(.ctors.*))
 *(.ctors)
 .ctors         0x0000000008052f18        0x4 /usr/lib/gcc/i686-linux-gnu/4.6/crtend.o

.dtors          0x0000000008052f1c        0x8
 *crtbegin.o(.dtors)
 .dtors         0x0000000008052f1c        0x4 /usr/lib/gcc/i686-linux-gnu/4.6/crtbegin.o
 *crtbegin?.o(.dtors)
 *(EXCLUDE_FILE(*crtend?.o *crtend.o) .dtors)
 *(SORT(.dtors.*))
 *(.dtors)
 .dtors         0x0000000008052f20        0x4 /usr/lib/gcc/i686-linux-gnu/4.6/crtend.o
                0x0000000008052f20                __DTOR_END__

.jcr            0x0000000008052f24        0x4
 *(.jcr)
 .jcr           0x0000000008052f24        0x0 /usr/lib/gcc/i686-linux-gnu/4.6/crtbegin.o
 .jcr           0x0000000008052f24        0x4 /usr/lib/gcc/i686-linux-gnu/4.6/crtend.o

.data.rel.ro
 *(.data.rel.ro.local* .gnu.linkonce.d.rel.ro.local.*)
 *(.data.rel.ro* .gnu.linkonce.d.rel.ro.*)

.dynamic        0x0000000008052f28       0xc8
 *(.dynamic)
 .dynamic       0x0000000008052f28       0xc8 /usr/lib/gcc/i686-linux-gnu/4.6/../../../i386-linux-gnu/crt1.o
                0x0000000008052f28                _DYNAMIC

.got            0x0000000008052ff0        0x4
 *(.got)
 .got           0x0000000008052ff0        0x4 /usr/lib/gcc/i686-linux-gnu/4.6/../../../i386-linux-gnu/crt1.o
 *(.igot)
                0x0000000008052ff4                . = DATA_SEGMENT_RELRO_END (., 0xc)

.got.plt        0x0000000008052ff4       0x54
 *(.got.plt)
 .got.plt       0x0000000008052ff4       0x54 /usr/lib/gcc/i686-linux-gnu/4.6/../../../i386-linux-gnu/crt1.o
                0x0000000008052ff4                _GLOBAL_OFFSET_TABLE_
 *(.igot.plt)
 .igot.plt      0x0000000000000000        0x0 /usr/lib/gcc/i686-linux-gnu/4.6/../../../i386-linux-gnu/crt1.o

.data           0x0000000008053048       0x9c
 *(.data .data.* .gnu.linkonce.d.*)
 .data          0x0000000008053048        0x4 /usr/lib/gcc/i686-linux-gnu/4.6/../../../i386-linux-gnu/crt1.o
                0x0000000008053048                data_start
                0x0000000008053048                __data_start
 .data          0x000000000805304c        0x0 /usr/lib/gcc/i686-linux-gnu/4.6/../../../i386-linux-gnu/crti.o
 .data          0x000000000805304c        0x4 /usr/lib/gcc/i686-linux-gnu/4.6/crtbegin.o
                0x000000000805304c                __dso_handle
 .data          0x0000000008053050       0x10 hello-world.co
                0x0000000008053050                hello_world_process
 .data          0x0000000008053060       0x10 contiki-native.a(contiki-main.o)
                0x0000000008053060                sensors
 .data          0x0000000008053070        0x0 contiki-native.a(button-sensor.o)
 .data          0x0000000008053070        0x0 contiki-native.a(pir-sensor.o)
 .data          0x0000000008053070        0x0 contiki-native.a(vib-sensor.o)
 .data          0x0000000008053070       0x10 contiki-native.a(sensors.o)
                0x0000000008053070                sensors_process
 .data          0x0000000008053080        0x0 contiki-native.a(rimeaddr.o)
 .data          0x0000000008053080        0x0 contiki-native.a(rime.o)
 .data          0x0000000008053080        0x0 contiki-native.a(announcement.o)
 .data          0x0000000008053080        0x0 contiki-native.a(broadcast-annou)
 .data          0x0000000008053080        0x0 contiki-native.a(broadcast.o)
 .data          0x0000000008053080        0x0 contiki-native.a(abc.o)
 .data          0x0000000008053080        0x0 contiki-native.a(chameleon.o)
 .data          0x0000000008053080        0x0 contiki-native.a(channel.o)
 .data          0x0000000008053080        0x0 contiki-native.a(chameleon-bitop)
 .data          0x0000000008053080        0x0 contiki-native.a(nullmac.o)
 .data          0x0000000008053080        0x0 contiki-native.a(nullrdc.o)
 .data          0x0000000008053080        0x0 contiki-native.a(mac.o)
 .data          0x0000000008053080        0x0 contiki-native.a(framer-nullmac.)
 .data          0x0000000008053080        0x0 contiki-native.a(process.o)
 .data          0x0000000008053080        0x0 contiki-native.a(autostart.o)
 .data          0x0000000008053080       0x10 contiki-native.a(serial-line.o)
                0x0000000008053080                serial_line_process
 .data          0x0000000008053090        0x0 contiki-native.a(list.o)
 .data          0x0000000008053090       0x10 contiki-native.a(etimer.o)
                0x0000000008053090                etimer_process
 .data          0x00000000080530a0       0x10 contiki-native.a(ctimer.o)
                0x00000000080530a0                ctimer_process
 .data          0x00000000080530b0        0x0 contiki-native.a(random.o)
 .data          0x00000000080530b0        0x0 contiki-native.a(ringbuf.o)
 .data          0x00000000080530b0        0x0 contiki-native.a(netstack.o)
 .data          0x00000000080530b0        0x0 contiki-native.a(packetbuf.o)
 .data          0x00000000080530b0       0x24 contiki-native.a(queuebuf.o)
 .data          0x00000000080530d4       0x10 contiki-native.a(tcpip.o)
                0x00000000080530d4                tcpip_process
 .data          0x00000000080530e4        0x0 contiki-native.a(uip.o)
 .data          0x00000000080530e4        0x0 contiki-native.a(nullradio.o)
 .data          0x00000000080530e4        0x0 contiki-native.a(clock.o)
 .data          0x00000000080530e4        0x0 contiki-native.a(memb.o)
 .data          0x00000000080530e4        0x0 contiki-native.a(timer.o)
 .data          0x00000000080530e4        0x0 /usr/lib/i386-linux-gnu/libc_nonshared.a(elf-init.oS)
 .data          0x00000000080530e4        0x0 /usr/lib/gcc/i686-linux-gnu/4.6/crtend.o
 .data          0x00000000080530e4        0x0 /usr/lib/gcc/i686-linux-gnu/4.6/../../../i386-linux-gnu/crtn.o

.data1
 *(.data1)
                0x00000000080530e4                _edata = .
                0x00000000080530e4                PROVIDE (edata, .)
                0x00000000080530e4                __bss_start = .

.bss            0x0000000008053100     0x1690
 *(.dynbss)
 .dynbss        0x0000000008053100       0x24 /usr/lib/gcc/i686-linux-gnu/4.6/../../../i386-linux-gnu/crt1.o
                0x0000000008053100                stderr@@GLIBC_2.0
                0x0000000008053120                stdout@@GLIBC_2.0
 *(.bss .bss.* .gnu.linkonce.b.*)
 .bss           0x0000000008053124        0x0 /usr/lib/gcc/i686-linux-gnu/4.6/../../../i386-linux-gnu/crt1.o
 .bss           0x0000000008053124        0x0 /usr/lib/gcc/i686-linux-gnu/4.6/../../../i386-linux-gnu/crti.o
 .bss           0x0000000008053124        0x8 /usr/lib/gcc/i686-linux-gnu/4.6/crtbegin.o
 .bss           0x000000000805312c        0x0 hello-world.co
 *fill*         0x000000000805312c       0x14 00
 .bss           0x0000000008053140       0x44 contiki-native.a(contiki-main.o)
                0x0000000008053140                contiki_argc
 .bss           0x0000000008053184        0x0 contiki-native.a(button-sensor.o)
 .bss           0x0000000008053184        0x4 contiki-native.a(pir-sensor.o)
 .bss           0x0000000008053188        0x4 contiki-native.a(vib-sensor.o)
 .bss           0x000000000805318c        0xc contiki-native.a(sensors.o)
 .bss           0x0000000008053198        0x0 contiki-native.a(rimeaddr.o)
 .bss           0x0000000008053198        0x4 contiki-native.a(rime.o)
 .bss           0x000000000805319c        0xc contiki-native.a(announcement.o)
 *fill*         0x00000000080531a8       0x18 00
 .bss           0x00000000080531c0       0x6c contiki-native.a(broadcast-annou)
 .bss           0x000000000805322c        0x0 contiki-native.a(broadcast.o)
 .bss           0x000000000805322c        0x0 contiki-native.a(abc.o)
 .bss           0x000000000805322c        0x0 contiki-native.a(chameleon.o)
 .bss           0x000000000805322c        0x4 contiki-native.a(channel.o)
 .bss           0x0000000008053230        0x0 contiki-native.a(chameleon-bitop)
 .bss           0x0000000008053230        0x0 contiki-native.a(nullmac.o)
 .bss           0x0000000008053230        0x0 contiki-native.a(nullrdc.o)
 .bss           0x0000000008053230        0x0 contiki-native.a(mac.o)
 .bss           0x0000000008053230        0x0 contiki-native.a(framer-nullmac.)
 *fill*         0x0000000008053230       0x10 00
 .bss           0x0000000008053240      0x1b1 contiki-native.a(process.o)
                0x0000000008053240                process_current
                0x0000000008053244                process_list
 *fill*         0x00000000080533f1        0x3 00
 .bss           0x00000000080533f4        0x0 contiki-native.a(autostart.o)
 *fill*         0x00000000080533f4        0xc 00
 .bss           0x0000000008053400      0x120 contiki-native.a(serial-line.o)
 .bss           0x0000000008053520        0x0 contiki-native.a(list.o)
 .bss           0x0000000008053520        0x8 contiki-native.a(etimer.o)
 .bss           0x0000000008053528        0x8 contiki-native.a(ctimer.o)
 .bss           0x0000000008053530        0x0 contiki-native.a(random.o)
 .bss           0x0000000008053530        0x0 contiki-native.a(ringbuf.o)
 .bss           0x0000000008053530        0x0 contiki-native.a(netstack.o)
 *fill*         0x0000000008053530       0x10 00
 .bss           0x0000000008053540       0xd2 contiki-native.a(packetbuf.o)
 *fill*         0x0000000008053612        0xe 00
 .bss           0x0000000008053620      0x6b8 contiki-native.a(queuebuf.o)
 *fill*         0x0000000008053cd8        0x8 00
 .bss           0x0000000008053ce0      0x178 contiki-native.a(tcpip.o)
 .bss           0x0000000008053e58       0x13 contiki-native.a(uip.o)
                0x0000000008053e58                uip_lladdr
 *fill*         0x0000000008053e6b        0x1 00
 .bss           0x0000000008053e6c        0x0 contiki-native.a(nullradio.o)
 .bss           0x0000000008053e6c        0x0 contiki-native.a(clock.o)
 .bss           0x0000000008053e6c        0x0 contiki-native.a(memb.o)
 .bss           0x0000000008053e6c        0x0 contiki-native.a(timer.o)
 .bss           0x0000000008053e6c        0x0 /usr/lib/i386-linux-gnu/libc_nonshared.a(elf-init.oS)
 .bss           0x0000000008053e6c        0x0 /usr/lib/gcc/i686-linux-gnu/4.6/crtend.o
 .bss           0x0000000008053e6c        0x0 /usr/lib/gcc/i686-linux-gnu/4.6/../../../i386-linux-gnu/crtn.o
 *(COMMON)
 COMMON         0x0000000008053e6c        0x8 contiki-native.a(contiki-main.o)
                0x0000000008053e6c                contiki_argv
                0x0000000008053e70                sensors_flags
 COMMON         0x0000000008053e74        0x1 contiki-native.a(sensors.o)
                0x0000000008053e74                sensors_event
 COMMON         0x0000000008053e75        0x2 contiki-native.a(rimeaddr.o)
                0x0000000008053e75                rimeaddr_node_addr
 COMMON         0x0000000008053e77        0x1 contiki-native.a(serial-line.o)
                0x0000000008053e77                serial_line_event_message
 *fill*         0x0000000008053e78        0x8 00
 COMMON         0x0000000008053e80       0x38 contiki-native.a(packetbuf.o)
                0x0000000008053e80                packetbuf_attrs
                0x0000000008053eb0                packetbuf_addrs
 COMMON         0x0000000008053eb8        0x1 contiki-native.a(tcpip.o)
                0x0000000008053eb8                tcpip_event
 *fill*         0x0000000008053eb9        0x7 00
 COMMON         0x0000000008053ec0      0x8d0 contiki-native.a(uip.o)
                0x0000000008053ec0                uip_draddr
                0x0000000008053ec4                uip_slen
                0x0000000008053ec6                uip_acc32
                0x0000000008053ee0                uip_conns
                0x0000000008054480                uip_netmask
                0x0000000008054484                uip_hostaddr
                0x0000000008054488                uip_appdata
                0x000000000805448c                uip_flags
                0x00000000080544a0                uip_aligned_buf
                0x0000000008054660                uip_listenports
                0x00000000080546b0                uip_len
                0x00000000080546b4                uip_sappdata
                0x00000000080546c0                uip_udp_conns
                0x0000000008054788                uip_udp_conn
                0x000000000805478c                uip_conn
                0x0000000008054790                . = ALIGN ((. != 0x0)?0x4:0x1)
                0x0000000008054790                . = ALIGN (0x4)
                0x0000000008054790                . = ALIGN (0x4)
                0x0000000008054790                _end = .
                0x0000000008054790                PROVIDE (end, .)
                0x0000000008054790                . = DATA_SEGMENT_END (.)

.stab
 *(.stab)

.stabstr
 *(.stabstr)

.stab.excl
 *(.stab.excl)

.stab.exclstr
 *(.stab.exclstr)

.stab.index
 *(.stab.index)

.stab.indexstr
 *(.stab.indexstr)

.comment        0x0000000000000000       0x2a
 *(.comment)
 .comment       0x0000000000000000       0x2a /usr/lib/gcc/i686-linux-gnu/4.6/crtbegin.o
                                         0x2b (size before relaxing)
 .comment       0x0000000000000000       0x2b hello-world.co
 .comment       0x0000000000000000       0x2b contiki-native.a(contiki-main.o)
 .comment       0x0000000000000000       0x2b contiki-native.a(button-sensor.o)
 .comment       0x0000000000000000       0x2b contiki-native.a(pir-sensor.o)
 .comment       0x0000000000000000       0x2b contiki-native.a(vib-sensor.o)
 .comment       0x0000000000000000       0x2b contiki-native.a(sensors.o)
 .comment       0x0000000000000000       0x2b contiki-native.a(rimeaddr.o)
 .comment       0x0000000000000000       0x2b contiki-native.a(rime.o)
 .comment       0x0000000000000000       0x2b contiki-native.a(announcement.o)
 .comment       0x0000000000000000       0x2b contiki-native.a(broadcast-annou)
 .comment       0x0000000000000000       0x2b contiki-native.a(broadcast.o)
 .comment       0x0000000000000000       0x2b contiki-native.a(abc.o)
 .comment       0x0000000000000000       0x2b contiki-native.a(chameleon.o)
 .comment       0x0000000000000000       0x2b contiki-native.a(channel.o)
 .comment       0x0000000000000000       0x2b contiki-native.a(chameleon-bitop)
 .comment       0x0000000000000000       0x2b contiki-native.a(nullmac.o)
 .comment       0x0000000000000000       0x2b contiki-native.a(nullrdc.o)
 .comment       0x0000000000000000       0x2b contiki-native.a(mac.o)
 .comment       0x0000000000000000       0x2b contiki-native.a(framer-nullmac.)
 .comment       0x0000000000000000       0x2b contiki-native.a(process.o)
 .comment       0x0000000000000000       0x2b contiki-native.a(autostart.o)
 .comment       0x0000000000000000       0x2b contiki-native.a(serial-line.o)
 .comment       0x0000000000000000       0x2b contiki-native.a(list.o)
 .comment       0x0000000000000000       0x2b contiki-native.a(etimer.o)
 .comment       0x0000000000000000       0x2b contiki-native.a(ctimer.o)
 .comment       0x0000000000000000       0x2b contiki-native.a(random.o)
 .comment       0x0000000000000000       0x2b contiki-native.a(ringbuf.o)
 .comment       0x0000000000000000       0x2b contiki-native.a(netstack.o)
 .comment       0x0000000000000000       0x2b contiki-native.a(packetbuf.o)
 .comment       0x0000000000000000       0x2b contiki-native.a(queuebuf.o)
 .comment       0x0000000000000000       0x2b contiki-native.a(tcpip.o)
 .comment       0x0000000000000000       0x2b contiki-native.a(uip.o)
 .comment       0x0000000000000000       0x2b contiki-native.a(nullradio.o)
 .comment       0x0000000000000000       0x2b contiki-native.a(clock.o)
 .comment       0x0000000000000000       0x2b contiki-native.a(memb.o)
 .comment       0x0000000000000000       0x2b contiki-native.a(timer.o)
 .comment       0x0000000000000000       0x2b /usr/lib/i386-linux-gnu/libc_nonshared.a(elf-init.oS)
 .comment       0x0000000000000000       0x2b /usr/lib/gcc/i686-linux-gnu/4.6/crtend.o

.debug
 *(.debug)

.line
 *(.line)

.debug_srcinfo
 *(.debug_srcinfo)

.debug_sfnames
 *(.debug_sfnames)

.debug_aranges  0x0000000000000000      0x480
 *(.debug_aranges)
 .debug_aranges
                0x0000000000000000       0x20 hello-world.co
 .debug_aranges
                0x0000000000000020       0x20 contiki-native.a(contiki-main.o)
 .debug_aranges
                0x0000000000000040       0x20 contiki-native.a(button-sensor.o)
 .debug_aranges
                0x0000000000000060       0x20 contiki-native.a(pir-sensor.o)
 .debug_aranges
                0x0000000000000080       0x20 contiki-native.a(vib-sensor.o)
 .debug_aranges
                0x00000000000000a0       0x20 contiki-native.a(sensors.o)
 .debug_aranges
                0x00000000000000c0       0x20 contiki-native.a(rimeaddr.o)
 .debug_aranges
                0x00000000000000e0       0x20 contiki-native.a(rime.o)
 .debug_aranges
                0x0000000000000100       0x20 contiki-native.a(announcement.o)
 .debug_aranges
                0x0000000000000120       0x20 contiki-native.a(broadcast-annou)
 .debug_aranges
                0x0000000000000140       0x20 contiki-native.a(broadcast.o)
 .debug_aranges
                0x0000000000000160       0x20 contiki-native.a(abc.o)
 .debug_aranges
                0x0000000000000180       0x20 contiki-native.a(chameleon.o)
 .debug_aranges
                0x00000000000001a0       0x20 contiki-native.a(channel.o)
 .debug_aranges
                0x00000000000001c0       0x20 contiki-native.a(chameleon-bitop)
 .debug_aranges
                0x00000000000001e0       0x20 contiki-native.a(nullmac.o)
 .debug_aranges
                0x0000000000000200       0x20 contiki-native.a(nullrdc.o)
 .debug_aranges
                0x0000000000000220       0x20 contiki-native.a(mac.o)
 .debug_aranges
                0x0000000000000240       0x20 contiki-native.a(framer-nullmac.)
 .debug_aranges
                0x0000000000000260       0x20 contiki-native.a(process.o)
 .debug_aranges
                0x0000000000000280       0x20 contiki-native.a(autostart.o)
 .debug_aranges
                0x00000000000002a0       0x20 contiki-native.a(serial-line.o)
 .debug_aranges
                0x00000000000002c0       0x20 contiki-native.a(list.o)
 .debug_aranges
                0x00000000000002e0       0x20 contiki-native.a(etimer.o)
 .debug_aranges
                0x0000000000000300       0x20 contiki-native.a(ctimer.o)
 .debug_aranges
                0x0000000000000320       0x20 contiki-native.a(random.o)
 .debug_aranges
                0x0000000000000340       0x20 contiki-native.a(ringbuf.o)
 .debug_aranges
                0x0000000000000360       0x20 contiki-native.a(netstack.o)
 .debug_aranges
                0x0000000000000380       0x20 contiki-native.a(packetbuf.o)
 .debug_aranges
                0x00000000000003a0       0x20 contiki-native.a(queuebuf.o)
 .debug_aranges
                0x00000000000003c0       0x20 contiki-native.a(tcpip.o)
 .debug_aranges
                0x00000000000003e0       0x20 contiki-native.a(uip.o)
 .debug_aranges
                0x0000000000000400       0x20 contiki-native.a(nullradio.o)
 .debug_aranges
                0x0000000000000420       0x20 contiki-native.a(clock.o)
 .debug_aranges
                0x0000000000000440       0x20 contiki-native.a(memb.o)
 .debug_aranges
                0x0000000000000460       0x20 contiki-native.a(timer.o)

.debug_pubnames
 *(.debug_pubnames)

.debug_info     0x0000000000000000     0xa129
 *(.debug_info .gnu.linkonce.wi.*)
 .debug_info    0x0000000000000000      0x482 hello-world.co
 .debug_info    0x0000000000000482      0xcf2 contiki-native.a(contiki-main.o)
 .debug_info    0x0000000000001174      0x1a7 contiki-native.a(button-sensor.o)
 .debug_info    0x000000000000131b      0x1c9 contiki-native.a(pir-sensor.o)
 .debug_info    0x00000000000014e4      0x1b6 contiki-native.a(vib-sensor.o)
 .debug_info    0x000000000000169a      0x3a9 contiki-native.a(sensors.o)
 .debug_info    0x0000000000001a43      0x1b4 contiki-native.a(rimeaddr.o)
 .debug_info    0x0000000000001bf7      0x423 contiki-native.a(rime.o)
 .debug_info    0x000000000000201a      0x3e5 contiki-native.a(announcement.o)
 .debug_info    0x00000000000023ff      0x814 contiki-native.a(broadcast-annou)
 .debug_info    0x0000000000002c13      0x47f contiki-native.a(broadcast.o)
 .debug_info    0x0000000000003092      0x38e contiki-native.a(abc.o)
 .debug_info    0x0000000000003420      0x568 contiki-native.a(chameleon.o)
 .debug_info    0x0000000000003988      0x231 contiki-native.a(channel.o)
 .debug_info    0x0000000000003bb9      0x681 contiki-native.a(chameleon-bitop)
 .debug_info    0x000000000000423a      0x365 contiki-native.a(nullmac.o)
 .debug_info    0x000000000000459f      0x6c5 contiki-native.a(nullrdc.o)
 .debug_info    0x0000000000004c64      0x117 contiki-native.a(mac.o)
 .debug_info    0x0000000000004d7b      0x239 contiki-native.a(framer-nullmac.)
 .debug_info    0x0000000000004fb4      0x7ab contiki-native.a(process.o)
 .debug_info    0x000000000000575f      0x1be contiki-native.a(autostart.o)
 .debug_info    0x000000000000591d      0x2ff contiki-native.a(serial-line.o)
 .debug_info    0x0000000000005c1c      0x31c contiki-native.a(list.o)
 .debug_info    0x0000000000005f38      0x4b9 contiki-native.a(etimer.o)
 .debug_info    0x00000000000063f1      0x467 contiki-native.a(ctimer.o)
 .debug_info    0x0000000000006858       0xb4 contiki-native.a(random.o)
 .debug_info    0x000000000000690c      0x1cb contiki-native.a(ringbuf.o)
 .debug_info    0x0000000000006ad7      0x3bd contiki-native.a(netstack.o)
 .debug_info    0x0000000000006e94      0x705 contiki-native.a(packetbuf.o)
 .debug_info    0x0000000000007599      0x6bf contiki-native.a(queuebuf.o)
 .debug_info    0x0000000000007c58      0xee0 contiki-native.a(tcpip.o)
 .debug_info    0x0000000000008b38      0xe86 contiki-native.a(uip.o)
 .debug_info    0x00000000000099be      0x2c1 contiki-native.a(nullradio.o)
 .debug_info    0x0000000000009c7f      0x134 contiki-native.a(clock.o)
 .debug_info    0x0000000000009db3      0x1eb contiki-native.a(memb.o)
 .debug_info    0x0000000000009f9e      0x18b contiki-native.a(timer.o)

.debug_abbrev   0x0000000000000000     0x37ac
 *(.debug_abbrev)
 .debug_abbrev  0x0000000000000000      0x17e hello-world.co
 .debug_abbrev  0x000000000000017e      0x32e contiki-native.a(contiki-main.o)
 .debug_abbrev  0x00000000000004ac       0xb6 contiki-native.a(button-sensor.o)
 .debug_abbrev  0x0000000000000562       0xd6 contiki-native.a(pir-sensor.o)
 .debug_abbrev  0x0000000000000638       0xd4 contiki-native.a(vib-sensor.o)
 .debug_abbrev  0x000000000000070c      0x208 contiki-native.a(sensors.o)
 .debug_abbrev  0x0000000000000914      0x119 contiki-native.a(rimeaddr.o)
 .debug_abbrev  0x0000000000000a2d      0x1ae contiki-native.a(rime.o)
 .debug_abbrev  0x0000000000000bdb      0x172 contiki-native.a(announcement.o)
 .debug_abbrev  0x0000000000000d4d      0x21e contiki-native.a(broadcast-annou)
 .debug_abbrev  0x0000000000000f6b      0x185 contiki-native.a(broadcast.o)
 .debug_abbrev  0x00000000000010f0      0x145 contiki-native.a(abc.o)
 .debug_abbrev  0x0000000000001235      0x153 contiki-native.a(chameleon.o)
 .debug_abbrev  0x0000000000001388      0x11a contiki-native.a(channel.o)
 .debug_abbrev  0x00000000000014a2      0x279 contiki-native.a(chameleon-bitop)
 .debug_abbrev  0x000000000000171b      0x16b contiki-native.a(nullmac.o)
 .debug_abbrev  0x0000000000001886      0x233 contiki-native.a(nullrdc.o)
 .debug_abbrev  0x0000000000001ab9       0xa0 contiki-native.a(mac.o)
 .debug_abbrev  0x0000000000001b59       0xf8 contiki-native.a(framer-nullmac.)
 .debug_abbrev  0x0000000000001c51      0x2c0 contiki-native.a(process.o)
 .debug_abbrev  0x0000000000001f11       0xf5 contiki-native.a(autostart.o)
 .debug_abbrev  0x0000000000002006      0x1a5 contiki-native.a(serial-line.o)
 .debug_abbrev  0x00000000000021ab      0x142 contiki-native.a(list.o)
 .debug_abbrev  0x00000000000022ed      0x1ee contiki-native.a(etimer.o)
 .debug_abbrev  0x00000000000024db      0x1a4 contiki-native.a(ctimer.o)
 .debug_abbrev  0x000000000000267f       0x67 contiki-native.a(random.o)
 .debug_abbrev  0x00000000000026e6       0xeb contiki-native.a(ringbuf.o)
 .debug_abbrev  0x00000000000027d1       0xda contiki-native.a(netstack.o)
 .debug_abbrev  0x00000000000028ab      0x295 contiki-native.a(packetbuf.o)
 .debug_abbrev  0x0000000000002b40      0x206 contiki-native.a(queuebuf.o)
 .debug_abbrev  0x0000000000002d46      0x3c9 contiki-native.a(tcpip.o)
 .debug_abbrev  0x000000000000310f      0x2dc contiki-native.a(uip.o)
 .debug_abbrev  0x00000000000033eb      0x12b contiki-native.a(nullradio.o)
 .debug_abbrev  0x0000000000003516       0xa1 contiki-native.a(clock.o)
 .debug_abbrev  0x00000000000035b7      0x10c contiki-native.a(memb.o)
 .debug_abbrev  0x00000000000036c3       0xe9 contiki-native.a(timer.o)

.debug_line     0x0000000000000000     0x2e25
 *(.debug_line)
 .debug_line    0x0000000000000000      0x110 hello-world.co
 .debug_line    0x0000000000000110      0x38b contiki-native.a(contiki-main.o)
 .debug_line    0x000000000000049b       0x87 contiki-native.a(button-sensor.o)
 .debug_line    0x0000000000000522       0x85 contiki-native.a(pir-sensor.o)
 .debug_line    0x00000000000005a7       0x85 contiki-native.a(vib-sensor.o)
 .debug_line    0x000000000000062c      0x130 contiki-native.a(sensors.o)
 .debug_line    0x000000000000075c       0xed contiki-native.a(rimeaddr.o)
 .debug_line    0x0000000000000849      0x13f contiki-native.a(rime.o)
 .debug_line    0x0000000000000988      0x100 contiki-native.a(announcement.o)
 .debug_line    0x0000000000000a88      0x266 contiki-native.a(broadcast-annou)
 .debug_line    0x0000000000000cee       0xf7 contiki-native.a(broadcast.o)
 .debug_line    0x0000000000000de5       0xcc contiki-native.a(abc.o)
 .debug_line    0x0000000000000eb1      0x14d contiki-native.a(chameleon.o)
 .debug_line    0x0000000000000ffe       0xe9 contiki-native.a(channel.o)
 .debug_line    0x00000000000010e7      0x249 contiki-native.a(chameleon-bitop)
 .debug_line    0x0000000000001330       0xab contiki-native.a(nullmac.o)
 .debug_line    0x00000000000013db      0x175 contiki-native.a(nullrdc.o)
 .debug_line    0x0000000000001550       0x72 contiki-native.a(mac.o)
 .debug_line    0x00000000000015c2       0xe1 contiki-native.a(framer-nullmac.)
 .debug_line    0x00000000000016a3      0x1c8 contiki-native.a(process.o)
 .debug_line    0x000000000000186b       0x9f contiki-native.a(autostart.o)
 .debug_line    0x000000000000190a       0xfe contiki-native.a(serial-line.o)
 .debug_line    0x0000000000001a08       0xed contiki-native.a(list.o)
 .debug_line    0x0000000000001af5      0x160 contiki-native.a(etimer.o)
 .debug_line    0x0000000000001c55      0x14f contiki-native.a(ctimer.o)
 .debug_line    0x0000000000001da4       0x4f contiki-native.a(random.o)
 .debug_line    0x0000000000001df3       0xa6 contiki-native.a(ringbuf.o)
 .debug_line    0x0000000000001e99       0xbc contiki-native.a(netstack.o)
 .debug_line    0x0000000000001f55      0x232 contiki-native.a(packetbuf.o)
 .debug_line    0x0000000000002187      0x19a contiki-native.a(queuebuf.o)
 .debug_line    0x0000000000002321      0x291 contiki-native.a(tcpip.o)
 .debug_line    0x00000000000025b2      0x57b contiki-native.a(uip.o)
 .debug_line    0x0000000000002b2d       0x7e contiki-native.a(nullradio.o)
 .debug_line    0x0000000000002bab       0xa5 contiki-native.a(clock.o)
 .debug_line    0x0000000000002c50      0x127 contiki-native.a(memb.o)
 .debug_line    0x0000000000002d77       0xae contiki-native.a(timer.o)

.debug_frame
 *(.debug_frame)

.debug_str      0x0000000000000000     0x232b
 *(.debug_str)
 .debug_str     0x0000000000000000      0x298 hello-world.co
                                        0x320 (size before relaxing)
 .debug_str     0x0000000000000298      0x27e contiki-native.a(contiki-main.o)
                                        0x5c7 (size before relaxing)
 .debug_str     0x0000000000000516       0x3a contiki-native.a(button-sensor.o)
                                        0x134 (size before relaxing)
 .debug_str     0x0000000000000550       0x50 contiki-native.a(pir-sensor.o)
                                        0x147 (size before relaxing)
 .debug_str     0x00000000000005a0       0x3d contiki-native.a(vib-sensor.o)
                                        0x134 (size before relaxing)
 .debug_str     0x00000000000005dd       0xa5 contiki-native.a(sensors.o)
                                        0x230 (size before relaxing)
 .debug_str     0x0000000000000682       0x8e contiki-native.a(rimeaddr.o)
                                        0x173 (size before relaxing)
 .debug_str     0x0000000000000710      0x119 contiki-native.a(rime.o)
                                        0x289 (size before relaxing)
 .debug_str     0x0000000000000829      0x1a2 contiki-native.a(announcement.o)
                                        0x2e5 (size before relaxing)
 .debug_str     0x00000000000009cb      0x1e4 contiki-native.a(broadcast-annou)
                                        0x405 (size before relaxing)
 .debug_str     0x0000000000000baf      0x348 contiki-native.a(broadcast.o)
                                        0x4d5 (size before relaxing)
 .debug_str     0x0000000000000ef7       0x4c contiki-native.a(abc.o)
                                        0x46e (size before relaxing)
 .debug_str     0x0000000000000f43       0x87 contiki-native.a(chameleon.o)
                                        0x600 (size before relaxing)
 .debug_str     0x0000000000000fca       0x8e contiki-native.a(channel.o)
                                        0x1a7 (size before relaxing)
 .debug_str     0x0000000000001058       0xd8 contiki-native.a(chameleon-bitop)
                                        0x537 (size before relaxing)
 .debug_str     0x0000000000001130       0x47 contiki-native.a(nullmac.o)
                                        0x1bc (size before relaxing)
 .debug_str     0x0000000000001177      0x10a contiki-native.a(nullrdc.o)
                                        0x607 (size before relaxing)
 .debug_str     0x0000000000001281       0x33 contiki-native.a(mac.o)
                                        0x16a (size before relaxing)
 .debug_str     0x00000000000012b4       0x3c contiki-native.a(framer-nullmac.)
                                        0x411 (size before relaxing)
 .debug_str     0x00000000000012f0      0x160 contiki-native.a(process.o)
                                        0x419 (size before relaxing)
 .debug_str     0x0000000000001450       0x3d contiki-native.a(autostart.o)
                                        0x155 (size before relaxing)
 .debug_str     0x000000000000148d       0xb7 contiki-native.a(serial-line.o)
                                        0x214 (size before relaxing)
 .debug_str     0x0000000000001544       0xab contiki-native.a(list.o)
                                         0xfe (size before relaxing)
 .debug_str     0x00000000000015ef      0x136 contiki-native.a(etimer.o)
                                        0x2aa (size before relaxing)
 .debug_str     0x0000000000001725       0xbc contiki-native.a(ctimer.o)
                                        0x23e (size before relaxing)
 .debug_str     0x00000000000017e1       0x38 contiki-native.a(random.o)
                                         0xf9 (size before relaxing)
 .debug_str     0x0000000000001819       0x5f contiki-native.a(ringbuf.o)
                                        0x157 (size before relaxing)
 .debug_str     0x0000000000001878       0x2b contiki-native.a(netstack.o)
                                        0x1fd (size before relaxing)
 .debug_str     0x00000000000018a3      0x246 contiki-native.a(packetbuf.o)
                                        0x667 (size before relaxing)
 .debug_str     0x0000000000001ae9      0x18d contiki-native.a(queuebuf.o)
                                        0x5ea (size before relaxing)
 .debug_str     0x0000000000001c76      0x2cf contiki-native.a(tcpip.o)
                                        0x642 (size before relaxing)
 .debug_str     0x0000000000001f45      0x2ec contiki-native.a(uip.o)
                                        0x604 (size before relaxing)
 .debug_str     0x0000000000002231       0x3f contiki-native.a(nullradio.o)
                                        0x139 (size before relaxing)
 .debug_str     0x0000000000002270       0x48 contiki-native.a(clock.o)
                                        0x144 (size before relaxing)
 .debug_str     0x00000000000022b8       0x49 contiki-native.a(memb.o)
                                        0x13a (size before relaxing)
 .debug_str     0x0000000000002301       0x2a contiki-native.a(timer.o)
                                        0x144 (size before relaxing)

.debug_loc      0x0000000000000000     0x3d02
 *(.debug_loc)
 .debug_loc     0x0000000000000000       0x64 hello-world.co
 .debug_loc     0x0000000000000064      0x224 contiki-native.a(contiki-main.o)
 .debug_loc     0x0000000000000288       0x2c contiki-native.a(button-sensor.o)
 .debug_loc     0x00000000000002b4       0x2c contiki-native.a(pir-sensor.o)
 .debug_loc     0x00000000000002e0       0x2c contiki-native.a(vib-sensor.o)
 .debug_loc     0x000000000000030c      0x1da contiki-native.a(sensors.o)
 .debug_loc     0x00000000000004e6       0x58 contiki-native.a(rimeaddr.o)
 .debug_loc     0x000000000000053e      0x206 contiki-native.a(rime.o)
 .debug_loc     0x0000000000000744      0x237 contiki-native.a(announcement.o)
 .debug_loc     0x000000000000097b      0x291 contiki-native.a(broadcast-annou)
 .debug_loc     0x0000000000000c0c       0xf4 contiki-native.a(broadcast.o)
 .debug_loc     0x0000000000000d00       0xdc contiki-native.a(abc.o)
 .debug_loc     0x0000000000000ddc      0x11b contiki-native.a(chameleon.o)
 .debug_loc     0x0000000000000ef7      0x130 contiki-native.a(channel.o)
 .debug_loc     0x0000000000001027      0x552 contiki-native.a(chameleon-bitop)
 .debug_loc     0x0000000000001579       0xb0 contiki-native.a(nullmac.o)
 .debug_loc     0x0000000000001629      0x27f contiki-native.a(nullrdc.o)
 .debug_loc     0x00000000000018a8       0x2c contiki-native.a(mac.o)
 .debug_loc     0x00000000000018d4       0xc4 contiki-native.a(framer-nullmac.)
 .debug_loc     0x0000000000001998      0x3e9 contiki-native.a(process.o)
 .debug_loc     0x0000000000001d81       0xb0 contiki-native.a(autostart.o)
 .debug_loc     0x0000000000001e31      0x10a contiki-native.a(serial-line.o)
 .debug_loc     0x0000000000001f3b      0x1a5 contiki-native.a(list.o)
 .debug_loc     0x00000000000020e0      0x3e4 contiki-native.a(etimer.o)
 .debug_loc     0x00000000000024c4      0x282 contiki-native.a(ctimer.o)
 .debug_loc     0x0000000000002746       0x58 contiki-native.a(random.o)
 .debug_loc     0x000000000000279e       0x6b contiki-native.a(ringbuf.o)
 .debug_loc     0x0000000000002809       0x2c contiki-native.a(netstack.o)
 .debug_loc     0x0000000000002835      0x328 contiki-native.a(packetbuf.o)
 .debug_loc     0x0000000000002b5d      0x330 contiki-native.a(queuebuf.o)
 .debug_loc     0x0000000000002e8d      0x520 contiki-native.a(tcpip.o)
 .debug_loc     0x00000000000033ad      0x5ad contiki-native.a(uip.o)
 .debug_loc     0x000000000000395a       0x2c contiki-native.a(nullradio.o)
 .debug_loc     0x0000000000003986       0x70 contiki-native.a(clock.o)
 .debug_loc     0x00000000000039f6      0x1f8 contiki-native.a(memb.o)
 .debug_loc     0x0000000000003bee      0x114 contiki-native.a(timer.o)

.debug_macinfo
 *(.debug_macinfo)

.debug_weaknames
 *(.debug_weaknames)

.debug_funcnames
 *(.debug_funcnames)

.debug_typenames
 *(.debug_typenames)

.debug_varnames
 *(.debug_varnames)

.debug_pubtypes
 *(.debug_pubtypes)

.debug_ranges   0x0000000000000000       0x48
 *(.debug_ranges)
 .debug_ranges  0x0000000000000000       0x18 contiki-native.a(contiki-main.o)
 .debug_ranges  0x0000000000000018       0x18 contiki-native.a(chameleon-bitop)
 .debug_ranges  0x0000000000000030       0x18 contiki-native.a(packetbuf.o)

.gnu.attributes
 *(.gnu.attributes)

/DISCARD/
 *(.note.GNU-stack)
 *(.gnu_debuglink)
 *(.gnu.lto_*)
OUTPUT(hello-world.native elf32-i386)
